Archive member included to satisfy reference by file (symbol)

C:/PROGRA~2/ARMGNU~1/142BCE~1.3RE/bin/../lib/gcc/arm-none-eabi/14.3.1/thumb/v6-m/nofp\libgcc.a(_dvmd_tls.o)
                              CMakeFiles/freewili_display.dir/C_/Users/ch4zi/Desktop/free_wili/pico-sdk/src/rp2_common/pico_divider/divider.S.obj (__aeabi_idiv0)
C:/PROGRA~2/ARMGNU~1/142BCE~1.3RE/bin/../lib/gcc/arm-none-eabi/14.3.1/../../../../arm-none-eabi/lib/thumb/v6-m/nofp\libc.a(libc_a-calloc.o)
                              CMakeFiles/freewili_display.dir/C_/Users/ch4zi/Desktop/free_wili/pico-sdk/src/rp2_common/pico_malloc/pico_malloc.c.obj (calloc)
C:/PROGRA~2/ARMGNU~1/142BCE~1.3RE/bin/../lib/gcc/arm-none-eabi/14.3.1/../../../../arm-none-eabi/lib/thumb/v6-m/nofp\libc.a(libc_a-callocr.o)
                              C:/PROGRA~2/ARMGNU~1/142BCE~1.3RE/bin/../lib/gcc/arm-none-eabi/14.3.1/../../../../arm-none-eabi/lib/thumb/v6-m/nofp\libc.a(libc_a-calloc.o) (_calloc_r)
C:/PROGRA~2/ARMGNU~1/142BCE~1.3RE/bin/../lib/gcc/arm-none-eabi/14.3.1/../../../../arm-none-eabi/lib/thumb/v6-m/nofp\libc.a(libc_a-malloc.o)
                              CMakeFiles/freewili_display.dir/C_/Users/ch4zi/Desktop/free_wili/pico-sdk/src/rp2_common/pico_malloc/pico_malloc.c.obj (malloc)
C:/PROGRA~2/ARMGNU~1/142BCE~1.3RE/bin/../lib/gcc/arm-none-eabi/14.3.1/../../../../arm-none-eabi/lib/thumb/v6-m/nofp\libc.a(libc_a-mallocr.o)
                              C:/PROGRA~2/ARMGNU~1/142BCE~1.3RE/bin/../lib/gcc/arm-none-eabi/14.3.1/../../../../arm-none-eabi/lib/thumb/v6-m/nofp\libc.a(libc_a-callocr.o) (_malloc_r)
C:/PROGRA~2/ARMGNU~1/142BCE~1.3RE/bin/../lib/gcc/arm-none-eabi/14.3.1/../../../../arm-none-eabi/lib/thumb/v6-m/nofp\libc.a(libc_a-mlock.o)
                              C:/PROGRA~2/ARMGNU~1/142BCE~1.3RE/bin/../lib/gcc/arm-none-eabi/14.3.1/../../../../arm-none-eabi/lib/thumb/v6-m/nofp\libc.a(libc_a-mallocr.o) (__malloc_lock)
C:/PROGRA~2/ARMGNU~1/142BCE~1.3RE/bin/../lib/gcc/arm-none-eabi/14.3.1/../../../../arm-none-eabi/lib/thumb/v6-m/nofp\libc.a(libc_a-realloc.o)
                              CMakeFiles/freewili_display.dir/C_/Users/ch4zi/Desktop/free_wili/pico-sdk/src/rp2_common/pico_malloc/pico_malloc.c.obj (realloc)
C:/PROGRA~2/ARMGNU~1/142BCE~1.3RE/bin/../lib/gcc/arm-none-eabi/14.3.1/../../../../arm-none-eabi/lib/thumb/v6-m/nofp\libc.a(libc_a-reallocr.o)
                              C:/PROGRA~2/ARMGNU~1/142BCE~1.3RE/bin/../lib/gcc/arm-none-eabi/14.3.1/../../../../arm-none-eabi/lib/thumb/v6-m/nofp\libc.a(libc_a-realloc.o) (_realloc_r)
C:/PROGRA~2/ARMGNU~1/142BCE~1.3RE/bin/../lib/gcc/arm-none-eabi/14.3.1/../../../../arm-none-eabi/lib/thumb/v6-m/nofp\libc.a(libc_a-memmove.o)
                              CMakeFiles/freewili_display.dir/src/ui.c.obj (memmove)
C:/PROGRA~2/ARMGNU~1/142BCE~1.3RE/bin/../lib/gcc/arm-none-eabi/14.3.1/../../../../arm-none-eabi/lib/thumb/v6-m/nofp\libc.a(libc_a-strncpy.o)
                              CMakeFiles/freewili_display.dir/src/main.c.obj (strncpy)
C:/PROGRA~2/ARMGNU~1/142BCE~1.3RE/bin/../lib/gcc/arm-none-eabi/14.3.1/../../../../arm-none-eabi/lib/thumb/v6-m/nofp\libc.a(libc_a-strnlen.o)
                              CMakeFiles/freewili_display.dir/src/main.c.obj (strnlen)
C:/PROGRA~2/ARMGNU~1/142BCE~1.3RE/bin/../lib/gcc/arm-none-eabi/14.3.1/../../../../arm-none-eabi/lib/thumb/v6-m/nofp\libc.a(libc_a-impure.o)
                              C:/PROGRA~2/ARMGNU~1/142BCE~1.3RE/bin/../lib/gcc/arm-none-eabi/14.3.1/../../../../arm-none-eabi/lib/thumb/v6-m/nofp\libc.a(libc_a-calloc.o) (_impure_ptr)
C:/PROGRA~2/ARMGNU~1/142BCE~1.3RE/bin/../lib/gcc/arm-none-eabi/14.3.1/../../../../arm-none-eabi/lib/thumb/v6-m/nofp\libc.a(libc_a-sbrkr.o)
                              C:/PROGRA~2/ARMGNU~1/142BCE~1.3RE/bin/../lib/gcc/arm-none-eabi/14.3.1/../../../../arm-none-eabi/lib/thumb/v6-m/nofp\libc.a(libc_a-mallocr.o) (_sbrk_r)
C:/PROGRA~2/ARMGNU~1/142BCE~1.3RE/bin/../lib/gcc/arm-none-eabi/14.3.1/../../../../arm-none-eabi/lib/thumb/v6-m/nofp\libc.a(libc_a-errno.o)
                              C:/PROGRA~2/ARMGNU~1/142BCE~1.3RE/bin/../lib/gcc/arm-none-eabi/14.3.1/../../../../arm-none-eabi/lib/thumb/v6-m/nofp\libc.a(libc_a-callocr.o) (__errno)
C:/PROGRA~2/ARMGNU~1/142BCE~1.3RE/bin/../lib/gcc/arm-none-eabi/14.3.1/../../../../arm-none-eabi/lib/thumb/v6-m/nofp\libc.a(libc_a-init.o)
                              C:/PROGRA~2/ARMGNU~1/142BCE~1.3RE/bin/../lib/gcc/arm-none-eabi/14.3.1/../../../../arm-none-eabi/lib/thumb/v6-m/nofp/crt0.o (__libc_init_array)
C:/PROGRA~2/ARMGNU~1/142BCE~1.3RE/bin/../lib/gcc/arm-none-eabi/14.3.1/../../../../arm-none-eabi/lib/thumb/v6-m/nofp\libc.a(libc_a-lock.o)
                              C:/PROGRA~2/ARMGNU~1/142BCE~1.3RE/bin/../lib/gcc/arm-none-eabi/14.3.1/../../../../arm-none-eabi/lib/thumb/v6-m/nofp\libc.a(libc_a-mlock.o) (__retarget_lock_acquire_recursive)
[...]
Memory Configuration

Name             Origin             Length             Attributes
FLASH            0x10000000         0x00200000         xr
RAM              0x20000000         0x00040000         xrw
SCRATCH_X        0x20040000         0x00001000         xrw
SCRATCH_Y        0x20041000         0x00001000         xrw
*default*        0x00000000         0xffffffff

Linker script and memory map

LOAD C:/PROGRA~2/ARMGNU~1/142BCE~1.3RE/bin/../lib/gcc/arm-none-eabi/14.3.1/thumb/v6-m/nofp/crti.o
LOAD C:/PROGRA~2/ARMGNU~1/142BCE~1.3RE/bin/../lib/gcc/arm-none-eabi/14.3.1/thumb/v6-m/nofp/crtbegin.o
LOAD C:/PROGRA~2/ARMGNU~1/142BCE~1.3RE/bin/../lib/gcc/arm-none-eabi/14.3.1/../../../../arm-none-eabi/lib/thumb/v6-m/nofp/crt0.o

.flash_begin    0x10000000        0x0
                0x10000000                        __flash_binary_start = .

.boot2          0x10000000      0x100
                0x10000000                        __boot2_start__ = .
 *(.boot2)
 .boot2         0x10000000      0x100 C:\Users\ch4zi\AppData\Local\Temp\ccAB5r9q.o
                0x10000100                        __boot2_end__ = .
                0x00000001                        ASSERT (((__boot2_end__ - __boot2_start__) == 0x100), ERROR: Pico second stage bootloader must be 256 bytes in size)

.text           0x10000100     0x81d0
                0x10000100                        __logical_binary_start = .
 *(.vectors)
 .vectors       0x10000100       0xd4 CMakeFiles/freewili_display.dir/C_/Users/ch4zi/Desktop/free_wili/pico-sdk/src/rp2_common/pico_standard_link/crt0.S.obj
                0x10000100                __VECTOR_TABLE
                0x10000100                __vectors
                0x100001c0                isr_invalid
                0x100001c0                __default_isrs_start
                0x100001c2                isr_nmi
                0x100001c4                isr_hardfault
                0x100001c6                isr_svcall
                0x100001c8                isr_pendsv
                0x100001ca                isr_systick
                0x100001cc                isr_irq23
                0x100001cc                isr_irq18
                0x100001cc                isr_irq11
                0x100001cc                isr_irq28
                0x100001cc                isr_irq19
                0x100001cc                isr_irq0
                0x100001cc                isr_irq6
                0x100001cc                isr_irq5
                0x100001cc                isr_irq12
                0x100001cc                isr_irq22
                0x100001cc                isr_irq31
                0x100001cc                isr_irq17
                0x100001cc                isr_irq27
                0x100001cc                isr_irq30
                0x100001cc                isr_irq2
                0x100001cc                isr_irq10
                0x100001cc                isr_irq8
                0x100001cc                isr_irq24
                0x100001cc                isr_irq1
                0x100001cc                isr_irq7
                0x100001cc                isr_irq21
                0x100001cc                isr_irq20
                0x100001cc                isr_irq15
                0x100001cc                isr_irq25
                0x100001cc                isr_irq13
                0x100001cc                __unhandled_user_irq
                0x100001cc                isr_irq4
                0x100001cc                isr_irq16
                0x100001cc                isr_irq29
                0x100001cc                isr_irq26
                0x100001cc                __default_isrs_end
                0x100001cc                isr_irq3
                0x100001cc                isr_irq14
                0x100001cc                isr_irq9
                0x100001d2                unhandled_user_irq_num_in_r0
 *(.binary_info_header)
 .binary_info_header
                0x100001d4       0x14 CMakeFiles/freewili_display.dir/C_/Users/ch4zi/Desktop/free_wili/pico-sdk/src/rp2_common/pico_standard_link/crt0.S.obj
                0x100001e8                        __binary_info_header_end = .
 *(.reset)
 .reset         0x100001e8       0xa0 CMakeFiles/freewili_display.dir/C_/Users/ch4zi/Desktop/free_wili/pico-sdk/src/rp2_common/pico_standard_link/crt0.S.obj
                0x100001e8                _entry_point
 .reset         0x10000288       0x30 CMakeFiles/freewili_display.dir/C_/Users/ch4zi/Desktop/free_wili/pico-sdk/src/rp2_common/pico_standard_link/binary_info.c.obj
 *(.init)
 .init          0x100002b8        0x4 C:/PROGRA~2/ARMGNU~1/142BCE~1.3RE/bin/../lib/gcc/arm-none-eabi/14.3.1/thumb/v6-m/nofp/crti.o
                0x100002b8                _init
 *(EXCLUDE_FILE(*libm.a: *libc.a:*lib_a-mem*.o *libgcc.a:) .text*)
 .text.register_tm_clones
                0x100002bc       0x28 C:/PROGRA~2/ARMGNU~1/142BCE~1.3RE/bin/../lib/gcc/arm-none-eabi/14.3.1/thumb/v6-m/nofp/crtbegin.o
 .text.frame_dummy
                0x100002e4       0x24 C:/PROGRA~2/ARMGNU~1/142BCE~1.3RE/bin/../lib/gcc/arm-none-eabi/14.3.1/thumb/v6-m/nofp/crtbegin.o
 .text.core1_display_entry
                0x10000308       0x14 CMakeFiles/freewili_display.dir/src/main.c.obj
 .text.ipp_send_main
                0x1000031c       0x54 CMakeFiles/freewili_display.dir/src/main.c.obj
 .text.ws2812_show
                0x10000370      0x158 CMakeFiles/freewili_display.dir/src/main.c.obj
 .text.read_and_send_accel
                0x100004c8      0x124 CMakeFiles/freewili_display.dir/src/main.c.obj
 .text.startup.main
                0x100005ec     0x1378 CMakeFiles/freewili_display.dir/src/main.c.obj
                0x100005ec                main
 .text.tft_set_window
                0x10001964       0xdc CMakeFiles/freewili_display.dir/src/gfx.c.obj
 .text.gfx_fill_rect.part.0
                0x10001a40       0xac CMakeFiles/freewili_display.dir/src/gfx.c.obj
 .text.gfx_init
                0x10001aec      0x1a0 CMakeFiles/freewili_display.dir/src/gfx.c.obj
                0x10001aec                gfx_init
 .text.gfx_clear
                0x10001c8c       0x7c CMakeFiles/freewili_display.dir/src/gfx.c.obj
                0x10001c8c                gfx_clear
 .text.gfx_fill_rect
                0x10001d08       0x20 CMakeFiles/freewili_display.dir/src/gfx.c.obj
                0x10001d08                gfx_fill_rect
 .text.gfx_draw_rect
                0x10001d28       0x9c CMakeFiles/freewili_display.dir/src/gfx.c.obj
                0x10001d28                gfx_draw_rect
 .text.gfx_hline
                0x10001dc4       0x1c CMakeFiles/freewili_display.dir/src/gfx.c.obj
                0x10001dc4                gfx_hline
 .text.gfx_vline
                0x10001de0       0x20 CMakeFiles/freewili_display.dir/src/gfx.c.obj
                0x10001de0                gfx_vline
 .text.gfx_pixel
                0x10001e00       0x48 CMakeFiles/freewili_display.dir/src/gfx.c.obj
                0x10001e00                gfx_pixel
 .text.gfx_draw_char
                0x10001e48      0x2a4 CMakeFiles/freewili_display.dir/src/gfx.c.obj
                0x10001e48                gfx_draw_char
 .text.gfx_draw_str
                0x100020ec       0x70 CMakeFiles/freewili_display.dir/src/gfx.c.obj
                0x100020ec                gfx_draw_str
 .text.gfx_draw_str_trunc
                0x1000215c       0xec CMakeFiles/freewili_display.dir/src/gfx.c.obj
                0x1000215c                gfx_draw_str_trunc
 .text.gfx_str_width
                0x10002248       0x20 CMakeFiles/freewili_display.dir/src/gfx.c.obj
                0x10002248                gfx_str_width
 .text.gfx_draw_str_right
                0x10002268       0x98 CMakeFiles/freewili_display.dir/src/gfx.c.obj
                0x10002268                gfx_draw_str_right
 .text.gfx_draw_icon
                0x10002300       0xf8 CMakeFiles/freewili_display.dir/src/gfx.c.obj
                0x10002300                gfx_draw_icon
 .text.ui_menu_init
                0x100023f8       0x1c CMakeFiles/freewili_display.dir/src/ui.c.obj
                0x100023f8                ui_menu_init
 .text.ui_menu_add
                0x10002414       0x60 CMakeFiles/freewili_display.dir/src/ui.c.obj
                0x10002414                ui_menu_add
 .text.ui_menu_clear
                0x10002474       0x24 CMakeFiles/freewili_display.dir/src/ui.c.obj
                0x10002474                ui_menu_clear
 .text.ui_menu_draw
                0x10002498      0x268 CMakeFiles/freewili_display.dir/src/ui.c.obj
                0x10002498                ui_menu_draw
 .text.ui_status_bar_init
                0x10002700       0x24 CMakeFiles/freewili_display.dir/src/ui.c.obj
                0x10002700                ui_status_bar_init
 .text.ui_status_bar_draw
                0x10002724      0x1b0 CMakeFiles/freewili_display.dir/src/ui.c.obj
                0x10002724                ui_status_bar_draw
 .text.ui_hint_bar_init
                0x100028d4       0x18 CMakeFiles/freewili_display.dir/src/ui.c.obj
                0x100028d4                ui_hint_bar_init
 .text.ui_hint_bar_draw
                0x100028ec      0x148 CMakeFiles/freewili_display.dir/src/ui.c.obj
                0x100028ec                ui_hint_bar_draw
 .text.ui_toast_show
                0x10002a34       0x3c CMakeFiles/freewili_display.dir/src/ui.c.obj
                0x10002a34                ui_toast_show
 .text.ui_toast_draw
                0x10002a70       0x88 CMakeFiles/freewili_display.dir/src/ui.c.obj
                0x10002a70                ui_toast_draw
 .text.ui_text_init
                0x10002af8       0x20 CMakeFiles/freewili_display.dir/src/ui.c.obj
                0x10002af8                ui_text_init
 .text.ui_text_add_line
                0x10002b18       0x90 CMakeFiles/freewili_display.dir/src/ui.c.obj
                0x10002b18                ui_text_add_line
 .text.ui_text_clear
                0x10002ba8       0x1c CMakeFiles/freewili_display.dir/src/ui.c.obj
                0x10002ba8                ui_text_clear
 .text.ui_text_draw
                0x10002bc4       0x88 CMakeFiles/freewili_display.dir/src/ui.c.obj
                0x10002bc4                ui_text_draw
 .text.ir_driver_init
                0x10002c4c       0x58 CMakeFiles/freewili_display.dir/src/ir_driver.c.obj
                0x10002c4c                ir_driver_init
 .text.ir_driver_poll
                0x10002ca4       0x40 CMakeFiles/freewili_display.dir/src/ir_driver.c.obj
                0x10002ca4                ir_driver_poll
 .text.ir_driver_send_nec
                0x10002ce4      0x12c CMakeFiles/freewili_display.dir/src/ir_driver.c.obj
                0x10002ce4                ir_driver_send_nec
 .text.ipp_encode.part.0
                0x10002e10      0x128 CMakeFiles/freewili_display.dir/C_/Users/ch4zi/Desktop/free_wili/akhlut/common/ipp.c.obj
 .text.ipp_build
                0x10002f38       0x64 CMakeFiles/freewili_display.dir/C_/Users/ch4zi/Desktop/free_wili/akhlut/common/ipp.c.obj
                0x10002f38                ipp_build
 .text.ipp_rx_init
                0x10002f9c       0x24 CMakeFiles/freewili_display.dir/C_/Users/ch4zi/Desktop/free_wili/akhlut/common/ipp.c.obj
                0x10002f9c                ipp_rx_init
 .text.gpio_default_irq_handler
                0x10002fc0      0x264 CMakeFiles/freewili_display.dir/C_/Users/ch4zi/Desktop/free_wili/pico-sdk/src/rp2_common/hardware_gpio/gpio.c.obj
 .text.gpio_set_function
                0x10003224       0x30 CMakeFiles/freewili_display.dir/C_/Users/ch4zi/Desktop/free_wili/pico-sdk/src/rp2_common/hardware_gpio/gpio.c.obj
                0x10003224                gpio_set_function
 .text.gpio_set_pulls
                0x10003254       0x24 CMakeFiles/freewili_display.dir/C_/Users/ch4zi/Desktop/free_wili/pico-sdk/src/rp2_common/hardware_gpio/gpio.c.obj
                0x10003254                gpio_set_pulls
 .text.gpio_set_outover
                0x10003278       0x24 CMakeFiles/freewili_display.dir/C_/Users/ch4zi/Desktop/free_wili/pico-sdk/src/rp2_common/hardware_gpio/gpio.c.obj
                0x10003278                gpio_set_outover
 .text.gpio_set_irq_enabled_with_callback
                0x1000329c       0xc4 CMakeFiles/freewili_display.dir/C_/Users/ch4zi/Desktop/free_wili/pico-sdk/src/rp2_common/hardware_gpio/gpio.c.obj
                0x1000329c                gpio_set_irq_enabled_with_callback
 .text.gpio_init
                0x10003360       0x3c CMakeFiles/freewili_display.dir/C_/Users/ch4zi/Desktop/free_wili/pico-sdk/src/rp2_common/hardware_gpio/gpio.c.obj
                0x10003360                gpio_init
 .text.running_on_fpga
                0x1000339c       0x10 CMakeFiles/freewili_display.dir/C_/Users/ch4zi/Desktop/free_wili/pico-sdk/src/rp2_common/pico_platform/platform.c.obj
                0x1000339c                running_on_fpga
 .text.hw_claim_lock
                0x100033ac       0x18 CMakeFiles/freewili_display.dir/C_/Users/ch4zi/Desktop/free_wili/pico-sdk/src/rp2_common/hardware_claim/claim.c.obj
                0x100033ac                hw_claim_lock
 .text.hw_claim_unlock
                0x100033c4       0x14 CMakeFiles/freewili_display.dir/C_/Users/ch4zi/Desktop/free_wili/pico-sdk/src/rp2_common/hardware_claim/claim.c.obj
                0x100033c4                hw_claim_unlock
 .text.hw_claim_or_assert
                0x100033d8       0x44 CMakeFiles/freewili_display.dir/C_/Users/ch4zi/Desktop/free_wili/pico-sdk/src/rp2_common/hardware_claim/claim.c.obj
                0x100033d8                hw_claim_or_assert
 .text.hw_claim_unused_from_range
                0x1000341c       0x88 CMakeFiles/freewili_display.dir/C_/Users/ch4zi/Desktop/free_wili/pico-sdk/src/rp2_common/hardware_claim/claim.c.obj
                0x1000341c                hw_claim_unused_from_range
 .text.spin_locks_reset
                0x100034a4       0x1c CMakeFiles/freewili_display.dir/C_/Users/ch4zi/Desktop/free_wili/pico-sdk/src/rp2_common/hardware_sync/sync.c.obj
                0x100034a4                spin_locks_reset
 .text.next_striped_spin_lock_num
                0x100034c0       0x18 CMakeFiles/freewili_display.dir/C_/Users/ch4zi/Desktop/free_wili/pico-sdk/src/rp2_common/hardware_sync/sync.c.obj
                0x100034c0                next_striped_spin_lock_num
 .text.irq_set_enabled
                0x100034d8       0x24 CMakeFiles/freewili_display.dir/C_/Users/ch4zi/Desktop/free_wili/pico-sdk/src/rp2_common/hardware_irq/irq.c.obj
                0x100034d8                irq_set_enabled
 .text.irq_is_enabled
                0x100034fc       0x18 CMakeFiles/freewili_display.dir/C_/Users/ch4zi/Desktop/free_wili/pico-sdk/src/rp2_common/hardware_irq/irq.c.obj
                0x100034fc                irq_is_enabled
 .text.irq_get_vtable_handler
                0x10003514       0x10 CMakeFiles/freewili_display.dir/C_/Users/ch4zi/Desktop/free_wili/pico-sdk/src/rp2_common/hardware_irq/irq.c.obj
                0x10003514                irq_get_vtable_handler
 .text.irq_set_exclusive_handler
                0x10003524       0x54 CMakeFiles/freewili_display.dir/C_/Users/ch4zi/Desktop/free_wili/pico-sdk/src/rp2_common/hardware_irq/irq.c.obj
                0x10003524                irq_set_exclusive_handler
 .text.irq_add_shared_handler
                0x10003578      0x1f4 CMakeFiles/freewili_display.dir/C_/Users/ch4zi/Desktop/free_wili/pico-sdk/src/rp2_common/hardware_irq/irq.c.obj
                0x10003578                irq_add_shared_handler
 .text.irq_remove_handler
                0x1000376c      0x1bc CMakeFiles/freewili_display.dir/C_/Users/ch4zi/Desktop/free_wili/pico-sdk/src/rp2_common/hardware_irq/irq.c.obj
                0x1000376c                irq_remove_handler
 .text.irq_add_tail_to_free_list
                0x10003928       0xb4 CMakeFiles/freewili_display.dir/C_/Users/ch4zi/Desktop/free_wili/pico-sdk/src/rp2_common/hardware_irq/irq.c.obj
                0x10003928                irq_add_tail_to_free_list
 .text.irq_init_priorities
                0x100039dc       0x24 CMakeFiles/freewili_display.dir/C_/Users/ch4zi/Desktop/free_wili/pico-sdk/src/rp2_common/hardware_irq/irq.c.obj
                0x100039dc                irq_init_priorities
 .text.lock_init
                0x10003a00       0x10 CMakeFiles/freewili_display.dir/C_/Users/ch4zi/Desktop/free_wili/pico-sdk/src/common/pico_sync/lock_core.c.obj
                0x10003a00                lock_init
 .text.mutex_init
                0x10003a10       0x1c CMakeFiles/freewili_display.dir/C_/Users/ch4zi/Desktop/free_wili/pico-sdk/src/common/pico_sync/mutex.c.obj
                0x10003a10                mutex_init
 .text.recursive_mutex_init
                0x10003a2c       0x1c CMakeFiles/freewili_display.dir/C_/Users/ch4zi/Desktop/free_wili/pico-sdk/src/common/pico_sync/mutex.c.obj
                0x10003a2c                recursive_mutex_init
 .text.timer_pool_entry_comparator
                0x10003a48       0x34 CMakeFiles/freewili_display.dir/C_/Users/ch4zi/Desktop/free_wili/pico-sdk/src/common/pico_time/time.c.obj
                0x10003a48                timer_pool_entry_comparator
 .text.sleep_until_callback
                0x10003a7c       0x30 CMakeFiles/freewili_display.dir/C_/Users/ch4zi/Desktop/free_wili/pico-sdk/src/common/pico_time/time.c.obj
 .text.add_alarm_under_lock.isra.0
                0x10003aac      0x100 CMakeFiles/freewili_display.dir/C_/Users/ch4zi/Desktop/free_wili/pico-sdk/src/common/pico_time/time.c.obj
 .text.alarm_pool_alarm_callback
                0x10003bac      0x1a8 CMakeFiles/freewili_display.dir/C_/Users/ch4zi/Desktop/free_wili/pico-sdk/src/common/pico_time/time.c.obj
 .text.alarm_pool_init_default
                0x10003d54       0x6c CMakeFiles/freewili_display.dir/C_/Users/ch4zi/Desktop/free_wili/pico-sdk/src/common/pico_time/time.c.obj
                0x10003d54                alarm_pool_init_default
 .text.alarm_pool_add_alarm_at
                0x10003dc0      0x174 CMakeFiles/freewili_display.dir/C_/Users/ch4zi/Desktop/free_wili/pico-sdk/src/common/pico_time/time.c.obj
                0x10003dc0                alarm_pool_add_alarm_at
 .text.sleep_ms
                0x10003f34       0xec CMakeFiles/freewili_display.dir/C_/Users/ch4zi/Desktop/free_wili/pico-sdk/src/common/pico_time/time.c.obj
                0x10003f34                sleep_ms
 .text.best_effort_wfe_or_timeout
                0x10004020       0xe0 CMakeFiles/freewili_display.dir/C_/Users/ch4zi/Desktop/free_wili/pico-sdk/src/common/pico_time/time.c.obj
                0x10004020                best_effort_wfe_or_timeout
 .text.hardware_alarm_irq_handler
                0x10004100       0xbc CMakeFiles/freewili_display.dir/C_/Users/ch4zi/Desktop/free_wili/pico-sdk/src/rp2_common/hardware_timer/timer.c.obj
 .text.hardware_alarm_claim
                0x100041bc       0x18 CMakeFiles/freewili_display.dir/C_/Users/ch4zi/Desktop/free_wili/pico-sdk/src/rp2_common/hardware_timer/timer.c.obj
                0x100041bc                hardware_alarm_claim
 .text.time_us_64
                0x100041d4       0x14 CMakeFiles/freewili_display.dir/C_/Users/ch4zi/Desktop/free_wili/pico-sdk/src/rp2_common/hardware_timer/timer.c.obj
                0x100041d4                time_us_64
 .text.busy_wait_us_32
                0x100041e8       0x7c CMakeFiles/freewili_display.dir/C_/Users/ch4zi/Desktop/free_wili/pico-sdk/src/rp2_common/hardware_timer/timer.c.obj
                0x100041e8                busy_wait_us_32
 .text.busy_wait_us
                0x10004264       0x68 CMakeFiles/freewili_display.dir/C_/Users/ch4zi/Desktop/free_wili/pico-sdk/src/rp2_common/hardware_timer/timer.c.obj
                0x10004264                busy_wait_us
 .text.busy_wait_until
                0x100042cc       0x20 CMakeFiles/freewili_display.dir/C_/Users/ch4zi/Desktop/free_wili/pico-sdk/src/rp2_common/hardware_timer/timer.c.obj
                0x100042cc                busy_wait_until
 .text.hardware_alarm_set_callback
                0x100042ec       0x8c CMakeFiles/freewili_display.dir/C_/Users/ch4zi/Desktop/free_wili/pico-sdk/src/rp2_common/hardware_timer/timer.c.obj
                0x100042ec                hardware_alarm_set_callback
 .text.hardware_alarm_set_target
                0x10004378       0xd0 CMakeFiles/freewili_display.dir/C_/Users/ch4zi/Desktop/free_wili/pico-sdk/src/rp2_common/hardware_timer/timer.c.obj
                0x10004378                hardware_alarm_set_target
 .text.hardware_alarm_cancel
                0x10004448       0x3c CMakeFiles/freewili_display.dir/C_/Users/ch4zi/Desktop/free_wili/pico-sdk/src/rp2_common/hardware_timer/timer.c.obj
                0x10004448                hardware_alarm_cancel
 .text.ph_merge_nodes
                0x10004484       0x50 CMakeFiles/freewili_display.dir/C_/Users/ch4zi/Desktop/free_wili/pico-sdk/src/common/pico_util/pheap.c.obj
 .text.ph_post_alloc_init
                0x100044d4       0x3c CMakeFiles/freewili_display.dir/C_/Users/ch4zi/Desktop/free_wili/pico-sdk/src/common/pico_util/pheap.c.obj
                0x100044d4                ph_post_alloc_init
 .text.ph_merge_two_pass
                0x10004510       0x88 CMakeFiles/freewili_display.dir/C_/Users/ch4zi/Desktop/free_wili/pico-sdk/src/common/pico_util/pheap.c.obj
                0x10004510                ph_merge_two_pass
 .text.ph_remove_any_head
                0x10004598      0x124 CMakeFiles/freewili_display.dir/C_/Users/ch4zi/Desktop/free_wili/pico-sdk/src/common/pico_util/pheap.c.obj
 .text.ph_remove_head
                0x100046bc      0x128 CMakeFiles/freewili_display.dir/C_/Users/ch4zi/Desktop/free_wili/pico-sdk/src/common/pico_util/pheap.c.obj
                0x100046bc                ph_remove_head
 .text.ph_remove_and_free_node
                0x100047e4       0x78 CMakeFiles/freewili_display.dir/C_/Users/ch4zi/Desktop/free_wili/pico-sdk/src/common/pico_util/pheap.c.obj
                0x100047e4                ph_remove_and_free_node
 .text.uart_init
                0x1000485c      0x190 CMakeFiles/freewili_display.dir/C_/Users/ch4zi/Desktop/free_wili/pico-sdk/src/rp2_common/hardware_uart/uart.c.obj
                0x1000485c                uart_init
 .text.uart_set_format
                0x100049ec       0x7c CMakeFiles/freewili_display.dir/C_/Users/ch4zi/Desktop/free_wili/pico-sdk/src/rp2_common/hardware_uart/uart.c.obj
                0x100049ec                uart_set_format
 .text.uart_set_fifo_enabled
                0x10004a68       0x60 CMakeFiles/freewili_display.dir/C_/Users/ch4zi/Desktop/free_wili/pico-sdk/src/rp2_common/hardware_uart/uart.c.obj
                0x10004a68                uart_set_fifo_enabled
 .text.clocks_init
                0x10004ac8      0x2c8 CMakeFiles/freewili_display.dir/C_/Users/ch4zi/Desktop/free_wili/pico-sdk/src/rp2_common/hardware_clocks/clocks.c.obj
                0x10004ac8                clocks_init
 .text.clock_get_hz
                0x10004d90        0xc CMakeFiles/freewili_display.dir/C_/Users/ch4zi/Desktop/free_wili/pico-sdk/src/rp2_common/hardware_clocks/clocks.c.obj
                0x10004d90                clock_get_hz
 .text.pll_init
                0x10004d9c       0xa4 CMakeFiles/freewili_display.dir/C_/Users/ch4zi/Desktop/free_wili/pico-sdk/src/rp2_common/hardware_pll/pll.c.obj
                0x10004d9c                pll_init
 .text.watchdog_start_tick
                0x10004e40       0x10 CMakeFiles/freewili_display.dir/C_/Users/ch4zi/Desktop/free_wili/pico-sdk/src/rp2_common/hardware_watchdog/watchdog.c.obj
                0x10004e40                watchdog_start_tick
 .text.xosc_init
                0x10004e50       0x28 CMakeFiles/freewili_display.dir/C_/Users/ch4zi/Desktop/free_wili/pico-sdk/src/rp2_common/hardware_xosc/xosc.c.obj
                0x10004e50                xosc_init
 .text.runtime_init
                0x10004e78       0xf0 CMakeFiles/freewili_display.dir/C_/Users/ch4zi/Desktop/free_wili/pico-sdk/src/rp2_common/pico_runtime/runtime.c.obj
                0x10004e78                runtime_init
 .text._exit    0x10004f68        0x4 CMakeFiles/freewili_display.dir/C_/Users/ch4zi/Desktop/free_wili/pico-sdk/src/rp2_common/pico_runtime/runtime.c.obj
                0x10004f68                _exit
 .text.exit     0x10004f6c        0x8 CMakeFiles/freewili_display.dir/C_/Users/ch4zi/Desktop/free_wili/pico-sdk/src/rp2_common/pico_runtime/runtime.c.obj
                0x10004f6c                exit
 .text.panic    0x10004f74       0x30 CMakeFiles/freewili_display.dir/C_/Users/ch4zi/Desktop/free_wili/pico-sdk/src/rp2_common/pico_runtime/runtime.c.obj
                0x10004f74                panic
 .text.hard_assertion_failure
                0x10004fa4        0xc CMakeFiles/freewili_display.dir/C_/Users/ch4zi/Desktop/free_wili/pico-sdk/src/rp2_common/pico_runtime/runtime.c.obj
                0x10004fa4                hard_assertion_failure
 .text._out_buffer
                0x10004fb0        0x8 CMakeFiles/freewili_display.dir/C_/Users/ch4zi/Desktop/free_wili/pico-sdk/src/rp2_common/pico_printf/printf.c.obj
 .text._out_null
                0x10004fb8        0x4 CMakeFiles/freewili_display.dir/C_/Users/ch4zi/Desktop/free_wili/pico-sdk/src/rp2_common/pico_printf/printf.c.obj
 .text._out_rev
                0x10004fbc       0xac CMakeFiles/freewili_display.dir/C_/Users/ch4zi/Desktop/free_wili/pico-sdk/src/rp2_common/pico_printf/printf.c.obj
 .text._ntoa_format
                0x10005068      0x1cc CMakeFiles/freewili_display.dir/C_/Users/ch4zi/Desktop/free_wili/pico-sdk/src/rp2_common/pico_printf/printf.c.obj
 .text._out_char
                0x10005234       0x10 CMakeFiles/freewili_display.dir/C_/Users/ch4zi/Desktop/free_wili/pico-sdk/src/rp2_common/pico_printf/printf.c.obj
 .text._ftoa    0x10005244      0x4a8 CMakeFiles/freewili_display.dir/C_/Users/ch4zi/Desktop/free_wili/pico-sdk/src/rp2_common/pico_printf/printf.c.obj
 .text._etoa    0x100056ec      0x57c CMakeFiles/freewili_display.dir/C_/Users/ch4zi/Desktop/free_wili/pico-sdk/src/rp2_common/pico_printf/printf.c.obj
 .text._vsnprintf
                0x10005c68      0xbe0 CMakeFiles/freewili_display.dir/C_/Users/ch4zi/Desktop/free_wili/pico-sdk/src/rp2_common/pico_printf/printf.c.obj
 .text.__wrap_snprintf
                0x10006848       0x28 CMakeFiles/freewili_display.dir/C_/Users/ch4zi/Desktop/free_wili/pico-sdk/src/rp2_common/pico_printf/printf.c.obj
                0x10006848                __wrap_snprintf
 .text.weak_raw_vprintf
                0x10006870       0x30 CMakeFiles/freewili_display.dir/C_/Users/ch4zi/Desktop/free_wili/pico-sdk/src/rp2_common/pico_printf/printf.c.obj
                0x10006870                weak_raw_vprintf
 .text          0x100068a0       0x10 CMakeFiles/freewili_display.dir/C_/Users/ch4zi/Desktop/free_wili/pico-sdk/src/rp2_common/pico_bit_ops/bit_ops_aeabi.S.obj
 .text.rom_func_lookup
                0x100068b0       0x10 CMakeFiles/freewili_display.dir/C_/Users/ch4zi/Desktop/free_wili/pico-sdk/src/rp2_common/pico_bootrom/bootrom.c.obj
                0x100068b0                rom_func_lookup
 .text.rom_data_lookup
                0x100068c0       0x10 CMakeFiles/freewili_display.dir/C_/Users/ch4zi/Desktop/free_wili/pico-sdk/src/rp2_common/pico_bootrom/bootrom.c.obj
                0x100068c0                rom_data_lookup
 .text.rom_funcs_lookup
                0x100068d0       0x44 CMakeFiles/freewili_display.dir/C_/Users/ch4zi/Desktop/free_wili/pico-sdk/src/rp2_common/pico_bootrom/bootrom.c.obj
                0x100068d0                rom_funcs_lookup
 .text.__wrap___aeabi_idiv
                0x10006914       0x50 CMakeFiles/freewili_display.dir/C_/Users/ch4zi/Desktop/free_wili/pico-sdk/src/rp2_common/pico_divider/divider.S.obj
                0x10006914                __wrap___aeabi_idivmod
                0x10006914                divmod_s32s32
                0x10006914                div_s32s32
                0x10006914                __wrap___aeabi_idiv
                0x1000691c                divmod_s32s32_unsafe
                0x10006948                divmod_s32s32_savestate
 .text.__wrap___aeabi_uidiv
                0x10006964       0x4c CMakeFiles/freewili_display.dir/C_/Users/ch4zi/Desktop/free_wili/pico-sdk/src/rp2_common/pico_divider/divider.S.obj
                0x10006964                __wrap___aeabi_uidiv
                0x10006964                __wrap___aeabi_uidivmod
                0x10006964                div_u32u32
                0x10006964                divmod_u32u32
                0x1000696c                divmod_u32u32_unsafe
                0x10006994                divmod_u32u32_savestate
 .text.__wrap___aeabi_ldiv
                0x100069b0      0x424 CMakeFiles/freewili_display.dir/C_/Users/ch4zi/Desktop/free_wili/pico-sdk/src/rp2_common/pico_divider/divider.S.obj
                0x100069b0                div_s64s64
                0x100069b0                divmod_s64s64
                0x100069b0                __wrap___aeabi_ldivmod
                0x100069e0                divmod_u64u64
                0x100069e0                div_u64u64
                0x100069e0                __wrap___aeabi_uldivmod
                0x100069f0                divmod_u64u64_savestate
                0x10006a10                divmod_s64s64_unsafe
                0x10006a98                divmod_u64u64_unsafe
 .text.__wrap___aeabi_darithmetic
                0x10006dd4       0x80 CMakeFiles/freewili_display.dir/C_/Users/ch4zi/Desktop/free_wili/pico-sdk/src/rp2_common/pico_double/double_aeabi.S.obj
                0x10006dd4                __wrap___aeabi_drsub
                0x10006dda                __wrap___aeabi_dsub
                0x10006dec                __wrap___aeabi_dadd
                0x10006dfe                __wrap___aeabi_ddiv
                0x10006e3a                __wrap___aeabi_dmul
 .text.__wrap___aeabi_cdcmple
                0x10006e54       0x6c CMakeFiles/freewili_display.dir/C_/Users/ch4zi/Desktop/free_wili/pico-sdk/src/rp2_common/pico_double/double_aeabi.S.obj
                0x10006e54                __wrap___aeabi_cdrcmple
                0x10006e64                __wrap___aeabi_cdcmpeq
                0x10006e64                __wrap___aeabi_cdcmple
 .text.__wrap___aeabi_dcmplt
                0x10006ec0        0xc CMakeFiles/freewili_display.dir/C_/Users/ch4zi/Desktop/free_wili/pico-sdk/src/rp2_common/pico_double/double_aeabi.S.obj
                0x10006ec0                __wrap___aeabi_dcmplt
 .text.__wrap___aeabi_dcmple
                0x10006ecc       0x10 CMakeFiles/freewili_display.dir/C_/Users/ch4zi/Desktop/free_wili/pico-sdk/src/rp2_common/pico_double/double_aeabi.S.obj
                0x10006ecc                __wrap___aeabi_dcmple
 .text.__wrap___aeabi_dcmpge
                0x10006edc       0x10 CMakeFiles/freewili_display.dir/C_/Users/ch4zi/Desktop/free_wili/pico-sdk/src/rp2_common/pico_double/double_aeabi.S.obj
                0x10006edc                __wrap___aeabi_dcmpge
 .text.__wrap___aeabi_dcmpgt
                0x10006eec        0xa CMakeFiles/freewili_display.dir/C_/Users/ch4zi/Desktop/free_wili/pico-sdk/src/rp2_common/pico_double/double_aeabi.S.obj
                0x10006eec                __wrap___aeabi_dcmpgt
 .text.__wrap___aeabi_dcmpun
                0x10006ef6       0x1c CMakeFiles/freewili_display.dir/C_/Users/ch4zi/Desktop/free_wili/pico-sdk/src/rp2_common/pico_double/double_aeabi.S.obj
                0x10006ef6                __wrap___aeabi_dcmpun
 *fill*         0x10006f12        0x2 
 .text.__wrap___aeabi_i2d
                0x10006f14       0x38 CMakeFiles/freewili_display.dir/C_/Users/ch4zi/Desktop/free_wili/pico-sdk/src/rp2_common/pico_double/double_aeabi.S.obj
                0x10006f14                __wrap___aeabi_ui2d
                0x10006f1c                __wrap___aeabi_i2d
 .text.__wrap___aeabi_d2iz
                0x10006f4c       0x48 CMakeFiles/freewili_display.dir/C_/Users/ch4zi/Desktop/free_wili/pico-sdk/src/rp2_common/pico_double/double_aeabi.S.obj
                0x10006f4c                double2int_z
                0x10006f4c                __wrap___aeabi_d2iz
 .text.__wrap___aeabi_d2uiz
                0x10006f94       0x18 CMakeFiles/freewili_display.dir/C_/Users/ch4zi/Desktop/free_wili/pico-sdk/src/rp2_common/pico_double/double_aeabi.S.obj
                0x10006f94                __wrap___aeabi_d2uiz
                0x10006f94                double2uint
 .text.__aeabi_double_init
                0x10006fac       0x98 CMakeFiles/freewili_display.dir/C_/Users/ch4zi/Desktop/free_wili/pico-sdk/src/rp2_common/pico_double/double_init_rom.c.obj
                0x10006fac                __aeabi_double_init
 .text.double_table_shim_on_use_helper
                0x10007044       0x2c CMakeFiles/freewili_display.dir/C_/Users/ch4zi/Desktop/free_wili/pico-sdk/src/rp2_common/pico_double/double_v1_rom_shim.S.obj
                0x10007044                double_table_shim_on_use_helper
 .text.__wrap___aeabi_dsub
                0x10007070       0x10 CMakeFiles/freewili_display.dir/C_/Users/ch4zi/Desktop/free_wili/pico-sdk/src/rp2_common/pico_double/double_v1_rom_shim.S.obj
                0x10007070                drsub_shim
                0x10007076                dsub_shim
 .text.dadd_shim
                0x10007080      0x15c CMakeFiles/freewili_display.dir/C_/Users/ch4zi/Desktop/free_wili/pico-sdk/src/rp2_common/pico_double/double_v1_rom_shim.S.obj
                0x10007080                dadd_shim
 .text.dmul_shim
                0x100071dc      0x15c CMakeFiles/freewili_display.dir/C_/Users/ch4zi/Desktop/free_wili/pico-sdk/src/rp2_common/pico_double/double_v1_rom_shim.S.obj
                0x100071dc                dmul_shim
 .text.ddiv_shim
                0x10007338      0x1b0 CMakeFiles/freewili_display.dir/C_/Users/ch4zi/Desktop/free_wili/pico-sdk/src/rp2_common/pico_double/double_v1_rom_shim.S.obj
                0x10007338                ddiv_shim
 .text.double2uint_shim
                0x100074e8        0xe CMakeFiles/freewili_display.dir/C_/Users/ch4zi/Desktop/free_wili/pico-sdk/src/rp2_common/pico_double/double_v1_rom_shim.S.obj
                0x100074e8                double2uint_shim
                0x100074ea                double2ufix_shim
 *fill*         0x100074f6        0x2 
 .text.double2uint64_shim
                0x100074f8       0x70 CMakeFiles/freewili_display.dir/C_/Users/ch4zi/Desktop/free_wili/pico-sdk/src/rp2_common/pico_double/double_v1_rom_shim.S.obj
                0x100074f8                double2uint64_shim
                0x100074fa                double2ufix64_shim
                0x1000751a                d2fix_a
 .text.dunpacks
                0x10007568       0x3c CMakeFiles/freewili_display.dir/C_/Users/ch4zi/Desktop/free_wili/pico-sdk/src/rp2_common/pico_double/double_v1_rom_shim.S.obj
                0x10007568                dunpacks
 .text.__aeabi_lmul
                0x100075a4       0x32 CMakeFiles/freewili_display.dir/C_/Users/ch4zi/Desktop/free_wili/pico-sdk/src/rp2_common/pico_int64_ops/pico_int64_ops_aeabi.S.obj
                0x100075a4                __wrap___aeabi_lmul
 *fill*         0x100075d6        0x2 
 .text.__wrap___aeabi_farithmetic
                0x100075d8       0x48 CMakeFiles/freewili_display.dir/C_/Users/ch4zi/Desktop/free_wili/pico-sdk/src/rp2_common/pico_float/float_aeabi.S.obj
                0x100075d8                __wrap___aeabi_frsub
                0x100075de                __wrap___aeabi_fsub
                0x100075e4                __wrap___aeabi_fadd
                0x100075ea                __wrap___aeabi_fdiv
                0x10007612                __wrap___aeabi_fmul
 .text.__wrap___aeabi_ui2f
                0x10007620        0xa CMakeFiles/freewili_display.dir/C_/Users/ch4zi/Desktop/free_wili/pico-sdk/src/rp2_common/pico_float/float_aeabi.S.obj
                0x10007620                __wrap___aeabi_ui2f
 *fill*         0x1000762a        0x2 
 .text.__wrap___aeabi_i2f
                0x1000762c       0x44 CMakeFiles/freewili_display.dir/C_/Users/ch4zi/Desktop/free_wili/pico-sdk/src/rp2_common/pico_float/float_aeabi.S.obj
                0x1000762c                __wrap___aeabi_i2f
 .text.__wrap___aeabi_f2uiz
                0x10007670        0xc CMakeFiles/freewili_display.dir/C_/Users/ch4zi/Desktop/free_wili/pico-sdk/src/rp2_common/pico_float/float_aeabi.S.obj
                0x10007670                __wrap___aeabi_f2uiz
 .text.__aeabi_float_init
                0x1000767c       0x64 CMakeFiles/freewili_display.dir/C_/Users/ch4zi/Desktop/free_wili/pico-sdk/src/rp2_common/pico_float/float_init_rom.c.obj
                0x1000767c                __aeabi_float_init
 .text.float_table_shim_on_use_helper
                0x100076e0       0x2c CMakeFiles/freewili_display.dir/C_/Users/ch4zi/Desktop/free_wili/pico-sdk/src/rp2_common/pico_float/float_v1_rom_shim.S.obj
                0x100076e0                float_table_shim_on_use_helper
 .text          0x1000770c       0x10 CMakeFiles/freewili_display.dir/C_/Users/ch4zi/Desktop/free_wili/pico-sdk/src/rp2_common/pico_mem_ops/mem_ops_aeabi.S.obj
                0x1000770c                __aeabi_mem_init
 .text.memset   0x1000771c        0xc CMakeFiles/freewili_display.dir/C_/Users/ch4zi/Desktop/free_wili/pico-sdk/src/rp2_common/pico_mem_ops/mem_ops_aeabi.S.obj
                0x1000771c                __wrap_memset
 .text.memcpy   0x10007728        0xc CMakeFiles/freewili_display.dir/C_/Users/ch4zi/Desktop/free_wili/pico-sdk/src/rp2_common/pico_mem_ops/mem_ops_aeabi.S.obj
                0x10007728                __wrap_memcpy
                0x10007728                __wrap___aeabi_memcpy
 .text.stdio_out_chars_crlf
                0x10007734       0xb0 CMakeFiles/freewili_display.dir/C_/Users/ch4zi/Desktop/free_wili/pico-sdk/src/rp2_common/pico_stdio/stdio.c.obj
 .text.__wrap_putchar
                0x100077e4       0x94 CMakeFiles/freewili_display.dir/C_/Users/ch4zi/Desktop/free_wili/pico-sdk/src/rp2_common/pico_stdio/stdio.c.obj
                0x100077e4                __wrap_putchar
 .text.__wrap_puts
                0x10007878       0xd4 CMakeFiles/freewili_display.dir/C_/Users/ch4zi/Desktop/free_wili/pico-sdk/src/rp2_common/pico_stdio/stdio.c.obj
                0x10007878                __wrap_puts
 .text.core1_trampoline
                0x1000794c        0x4 CMakeFiles/freewili_display.dir/C_/Users/ch4zi/Desktop/free_wili/pico-sdk/src/rp2_common/pico_multicore/multicore.c.obj
 .text.core1_wrapper
                0x10007950        0xc CMakeFiles/freewili_display.dir/C_/Users/ch4zi/Desktop/free_wili/pico-sdk/src/rp2_common/pico_multicore/multicore.c.obj
                0x10007950                core1_wrapper
 .text.multicore_fifo_push_blocking
                0x1000795c       0x14 CMakeFiles/freewili_display.dir/C_/Users/ch4zi/Desktop/free_wili/pico-sdk/src/rp2_common/pico_multicore/multicore.c.obj
                0x1000795c                multicore_fifo_push_blocking
 .text.multicore_fifo_pop_blocking
                0x10007970       0x1c CMakeFiles/freewili_display.dir/C_/Users/ch4zi/Desktop/free_wili/pico-sdk/src/rp2_common/pico_multicore/multicore.c.obj
                0x10007970                multicore_fifo_pop_blocking
 .text.multicore_launch_core1_raw
                0x1000798c       0x8c CMakeFiles/freewili_display.dir/C_/Users/ch4zi/Desktop/free_wili/pico-sdk/src/rp2_common/pico_multicore/multicore.c.obj
                0x1000798c                multicore_launch_core1_raw
 .text.multicore_launch_core1
                0x10007a18       0x58 CMakeFiles/freewili_display.dir/C_/Users/ch4zi/Desktop/free_wili/pico-sdk/src/rp2_common/pico_multicore/multicore.c.obj
                0x10007a18                multicore_launch_core1
 .text.spi_init
                0x10007a70      0x148 CMakeFiles/freewili_display.dir/C_/Users/ch4zi/Desktop/free_wili/pico-sdk/src/rp2_common/hardware_spi/spi.c.obj
                0x10007a70                spi_init
 .text.i2c_set_baudrate
                0x10007bb8       0xc4 CMakeFiles/freewili_display.dir/C_/Users/ch4zi/Desktop/free_wili/pico-sdk/src/rp2_common/hardware_i2c/i2c.c.obj
                0x10007bb8                i2c_set_baudrate
 .text.i2c_init
                0x10007c7c       0x50 CMakeFiles/freewili_display.dir/C_/Users/ch4zi/Desktop/free_wili/pico-sdk/src/rp2_common/hardware_i2c/i2c.c.obj
                0x10007c7c                i2c_init
 .text.i2c_write_blocking
                0x10007ccc       0xec CMakeFiles/freewili_display.dir/C_/Users/ch4zi/Desktop/free_wili/pico-sdk/src/rp2_common/hardware_i2c/i2c.c.obj
                0x10007ccc                i2c_write_blocking
 .text.i2c_read_blocking
                0x10007db8       0x90 CMakeFiles/freewili_display.dir/C_/Users/ch4zi/Desktop/free_wili/pico-sdk/src/rp2_common/hardware_i2c/i2c.c.obj
                0x10007db8                i2c_read_blocking
 .text.pio_claim_unused_sm
                0x10007e48       0x3c CMakeFiles/freewili_display.dir/C_/Users/ch4zi/Desktop/free_wili/pico-sdk/src/rp2_common/hardware_pio/pio.c.obj
                0x10007e48                pio_claim_unused_sm
 .text.pio_add_program
                0x10007e84       0xdc CMakeFiles/freewili_display.dir/C_/Users/ch4zi/Desktop/free_wili/pico-sdk/src/rp2_common/hardware_pio/pio.c.obj
                0x10007e84                pio_add_program
 .text.pio_sm_set_consecutive_pindirs
                0x10007f60       0xa8 CMakeFiles/freewili_display.dir/C_/Users/ch4zi/Desktop/free_wili/pico-sdk/src/rp2_common/hardware_pio/pio.c.obj
                0x10007f60                pio_sm_set_consecutive_pindirs
 .text.pio_sm_init
                0x10008008       0x98 CMakeFiles/freewili_display.dir/C_/Users/ch4zi/Desktop/free_wili/pico-sdk/src/rp2_common/hardware_pio/pio.c.obj
                0x10008008                pio_sm_init
 .text.memmove  0x100080a0      0x100 C:/PROGRA~2/ARMGNU~1/142BCE~1.3RE/bin/../lib/gcc/arm-none-eabi/14.3.1/../../../../arm-none-eabi/lib/thumb/v6-m/nofp\libc.a(libc_a-memmove.o)
                0x100080a0                memmove
 .text.strncpy  0x100081a0       0x5c C:/PROGRA~2/ARMGNU~1/142BCE~1.3RE/bin/../lib/gcc/arm-none-eabi/14.3.1/../../../../arm-none-eabi/lib/thumb/v6-m/nofp\libc.a(libc_a-strncpy.o)
                0x100081a0                strncpy
 .text.strnlen  0x100081fc       0x20 C:/PROGRA~2/ARMGNU~1/142BCE~1.3RE/bin/../lib/gcc/arm-none-eabi/14.3.1/../../../../arm-none-eabi/lib/thumb/v6-m/nofp\libc.a(libc_a-strnlen.o)
                0x100081fc                strnlen
 .text.strlen   0x1000821c       0x5c C:/PROGRA~2/ARMGNU~1/142BCE~1.3RE/bin/../lib/gcc/arm-none-eabi/14.3.1/../../../../arm-none-eabi/lib/thumb/v6-m/nofp\libc.a(libc_a-strlen-stub.o)
                0x1000821c                strlen
 *(.fini)
 .fini          0x10008278        0x4 C:/PROGRA~2/ARMGNU~1/142BCE~1.3RE/bin/../lib/gcc/arm-none-eabi/14.3.1/thumb/v6-m/nofp/crti.o
                0x10008278                _fini
 *fill*         0x1000827c        0x4 
 .fini.__stub   0x10008280       0x50 linker stubs
 *crtbegin.o(.ctors)
 *crtbegin?.o(.ctors)
 *(EXCLUDE_FILE(*crtend.o *crtend?.o) .ctors)
 *(SORT_BY_NAME(.ctors.*))
 *(.ctors)
 *crtbegin.o(.dtors)
 *crtbegin?.o(.dtors)
 *(EXCLUDE_FILE(*crtend.o *crtend?.o) .dtors)
 *(SORT_BY_NAME(.dtors.*))
 *(.dtors)
 *(.eh_frame*)
 .eh_frame      0x100082d0        0x0 C:/PROGRA~2/ARMGNU~1/142BCE~1.3RE/bin/../lib/gcc/arm-none-eabi/14.3.1/thumb/v6-m/nofp/crtbegin.o
                0x100082d0                        . = ALIGN (0x4)

.glue_7         0x100082d0        0x0
 .glue_7        0x100082d0        0x0 linker stubs

.glue_7t        0x100082d0        0x0
 .glue_7t       0x100082d0        0x0 linker stubs

.vfp11_veneer   0x100082d0        0x0
 .vfp11_veneer  0x100082d0        0x0 linker stubs

.v4_bx          0x100082d0        0x0
 .v4_bx         0x100082d0        0x0 linker stubs

.iplt           0x100082d0        0x0
 .iplt          0x100082d0        0x0 C:/PROGRA~2/ARMGNU~1/142BCE~1.3RE/bin/../lib/gcc/arm-none-eabi/14.3.1/thumb/v6-m/nofp/crtbegin.o

.rodata         0x100082d0      0x728
 *(EXCLUDE_FILE(*libm.a: *libc.a:*lib_a-mem*.o *libgcc.a:) .rodata*)
 .rodata        0x100082d0       0x80 CMakeFiles/freewili_display.dir/src/main.c.obj
 .rodata.main.str1.4
                0x10008350      0x1f1 CMakeFiles/freewili_display.dir/src/main.c.obj
                                 0xef (size before relaxing)
 *fill*         0x10008541        0x3 
 .rodata.power_gpios.0
                0x10008544        0x5 CMakeFiles/freewili_display.dir/src/main.c.obj
 *fill*         0x10008549        0x3 
 .rodata.ws2812_program
                0x1000854c        0x6 CMakeFiles/freewili_display.dir/src/main.c.obj
 *fill*         0x10008552        0x2 
 .rodata.ws2812_program_instructions
                0x10008554        0x8 CMakeFiles/freewili_display.dir/src/main.c.obj
 .rodata.font_main
                0x1000855c        0x8 CMakeFiles/freewili_display.dir/src/gfx.c.obj
                0x1000855c                font_main
 .rodata.font_small
                0x10008564        0x8 CMakeFiles/freewili_display.dir/src/gfx.c.obj
                0x10008564                font_small
 .rodata.font_5x8_data
                0x1000856c      0x1db CMakeFiles/freewili_display.dir/src/gfx.c.obj
 .rodata.ui_status_bar_init.str1.4
                0x10008747        0x5 CMakeFiles/freewili_display.dir/src/ui.c.obj
 .rodata.ui_status_bar_draw.str1.4
                0x10008747        0xf CMakeFiles/freewili_display.dir/src/ui.c.obj
 .rodata.ui_hint_bar_draw.str1.4
                0x10008747       0x15 CMakeFiles/freewili_display.dir/src/ui.c.obj
 *fill*         0x10008747        0x1 
 .rodata.icon_table
                0x10008748       0x24 CMakeFiles/freewili_display.dir/src/ui.c.obj
 .rodata.icon_arrow_r
                0x1000876c        0x8 CMakeFiles/freewili_display.dir/src/ui.c.obj
                0x1000876c                icon_arrow_r
 .rodata.icon_capture
                0x10008774        0x8 CMakeFiles/freewili_display.dir/src/ui.c.obj
                0x10008774                icon_capture
 .rodata.icon_usb
                0x1000877c        0x8 CMakeFiles/freewili_display.dir/src/ui.c.obj
                0x1000877c                icon_usb
 .rodata.icon_info
                0x10008784        0x8 CMakeFiles/freewili_display.dir/src/ui.c.obj
                0x10008784                icon_info
 .rodata.icon_settings
                0x1000878c        0x8 CMakeFiles/freewili_display.dir/src/ui.c.obj
                0x1000878c                icon_settings
 .rodata.icon_ir
                0x10008794        0x8 CMakeFiles/freewili_display.dir/src/ui.c.obj
                0x10008794                icon_ir
 .rodata.icon_gpio
                0x1000879c        0x8 CMakeFiles/freewili_display.dir/src/ui.c.obj
                0x1000879c                icon_gpio
 .rodata.icon_bus
                0x100087a4        0x8 CMakeFiles/freewili_display.dir/src/ui.c.obj
                0x100087a4                icon_bus
 .rodata.icon_bluetooth
                0x100087ac        0x8 CMakeFiles/freewili_display.dir/src/ui.c.obj
                0x100087ac                icon_bluetooth
 .rodata.icon_wifi
                0x100087b4        0x8 CMakeFiles/freewili_display.dir/src/ui.c.obj
                0x100087b4                icon_wifi
 .rodata.icon_radio
                0x100087bc        0x8 CMakeFiles/freewili_display.dir/src/ui.c.obj
                0x100087bc                icon_radio
 .rodata        0x100087c4       0x20 CMakeFiles/freewili_display.dir/C_/Users/ch4zi/Desktop/free_wili/akhlut/common/ipp.c.obj
 .rodata.hardware_alarm_claim.str1.4
                0x100087e4       0x22 CMakeFiles/freewili_display.dir/C_/Users/ch4zi/Desktop/free_wili/pico-sdk/src/rp2_common/hardware_timer/timer.c.obj
 .rodata.panic.str1.4
                0x100087e4       0x12 CMakeFiles/freewili_display.dir/C_/Users/ch4zi/Desktop/free_wili/pico-sdk/src/rp2_common/pico_runtime/runtime.c.obj
 .rodata.hard_assertion_failure.str1.4
                0x100087e4        0xc CMakeFiles/freewili_display.dir/C_/Users/ch4zi/Desktop/free_wili/pico-sdk/src/rp2_common/pico_runtime/runtime.c.obj
 .rodata._ftoa.str1.4
                0x100087e4       0x15 CMakeFiles/freewili_display.dir/C_/Users/ch4zi/Desktop/free_wili/pico-sdk/src/rp2_common/pico_printf/printf.c.obj
 .rodata._vsnprintf
                0x100087e4      0x19c CMakeFiles/freewili_display.dir/C_/Users/ch4zi/Desktop/free_wili/pico-sdk/src/rp2_common/pico_printf/printf.c.obj
 .rodata.pow10.0
                0x10008980       0x50 CMakeFiles/freewili_display.dir/C_/Users/ch4zi/Desktop/free_wili/pico-sdk/src/rp2_common/pico_printf/printf.c.obj
 .rodata.str1.4
                0x100089d0       0x48 CMakeFiles/freewili_display.dir/C_/Users/ch4zi/Desktop/free_wili/pico-sdk/src/rp2_common/pico_standard_link/binary_info.c.obj
 .rodata.__bi_81
                0x100089d0        0xc CMakeFiles/freewili_display.dir/C_/Users/ch4zi/Desktop/free_wili/pico-sdk/src/rp2_common/pico_standard_link/binary_info.c.obj
 .rodata.__bi_75
                0x100089dc        0xc CMakeFiles/freewili_display.dir/C_/Users/ch4zi/Desktop/free_wili/pico-sdk/src/rp2_common/pico_standard_link/binary_info.c.obj
 .rodata.__bi_44
                0x100089e8        0xc CMakeFiles/freewili_display.dir/C_/Users/ch4zi/Desktop/free_wili/pico-sdk/src/rp2_common/pico_standard_link/binary_info.c.obj
 .rodata.crlf_str.0
                0x100089f4        0x2 CMakeFiles/freewili_display.dir/C_/Users/ch4zi/Desktop/free_wili/pico-sdk/src/rp2_common/pico_stdio/stdio.c.obj
 .rodata.pio_claim_unused_sm.str1.4
                0x100089f6       0x24 CMakeFiles/freewili_display.dir/C_/Users/ch4zi/Desktop/free_wili/pico-sdk/src/rp2_common/hardware_pio/pio.c.obj
 .rodata.pio_add_program.str1.4
                0x100089f6       0x11 CMakeFiles/freewili_display.dir/C_/Users/ch4zi/Desktop/free_wili/pico-sdk/src/rp2_common/hardware_pio/pio.c.obj
                0x10008a1c                        . = ALIGN (0x4)
 *fill*         0x100089f6        0x2 
 *(SORT_BY_ALIGNMENT(SORT_BY_NAME(.flashdata*)))
                0x100089f8                        . = ALIGN (0x4)

.ARM.extab
 *(.ARM.extab* .gnu.linkonce.armextab.*)
                0x100089f8                        __exidx_start = .

.ARM.exidx
 *(.ARM.exidx* .gnu.linkonce.armexidx.*)
                0x100089f8                        __exidx_end = .
                0x100089f8                        . = ALIGN (0x4)
                0x100089f8                        __binary_info_start = .

.binary_info    0x100089f8       0x1c
 *(.binary_info.keep.*)
 .binary_info.keep.__bi_ptr81
                0x100089f8        0x4 CMakeFiles/freewili_display.dir/C_/Users/ch4zi/Desktop/free_wili/pico-sdk/src/rp2_common/pico_standard_link/binary_info.c.obj
 .binary_info.keep.__bi_ptr75
                0x100089fc        0x4 CMakeFiles/freewili_display.dir/C_/Users/ch4zi/Desktop/free_wili/pico-sdk/src/rp2_common/pico_standard_link/binary_info.c.obj
 .binary_info.keep.__bi_ptr50
                0x10008a00        0x4 CMakeFiles/freewili_display.dir/C_/Users/ch4zi/Desktop/free_wili/pico-sdk/src/rp2_common/pico_standard_link/binary_info.c.obj
 .binary_info.keep.__bi_ptr44
                0x10008a04        0x4 CMakeFiles/freewili_display.dir/C_/Users/ch4zi/Desktop/free_wili/pico-sdk/src/rp2_common/pico_standard_link/binary_info.c.obj
 .binary_info.keep.__bi_ptr38
                0x10008a08        0x4 CMakeFiles/freewili_display.dir/C_/Users/ch4zi/Desktop/free_wili/pico-sdk/src/rp2_common/pico_standard_link/binary_info.c.obj
 .binary_info.keep.__bi_ptr30
                0x10008a0c        0x4 CMakeFiles/freewili_display.dir/C_/Users/ch4zi/Desktop/free_wili/pico-sdk/src/rp2_common/pico_standard_link/binary_info.c.obj
 .binary_info.keep.__bi_ptr22
                0x10008a10        0x4 CMakeFiles/freewili_display.dir/C_/Users/ch4zi/Desktop/free_wili/pico-sdk/src/rp2_common/pico_standard_link/binary_info.c.obj
 *(.binary_info.*)
                0x10008a14                        __binary_info_end = .

.rel.dyn        0x10008a14        0x0
 .rel.iplt      0x10008a14        0x0 C:/PROGRA~2/ARMGNU~1/142BCE~1.3RE/bin/../lib/gcc/arm-none-eabi/14.3.1/thumb/v6-m/nofp/crtbegin.o
                0x10008a14                        . = ALIGN (0x4)

.ram_vector_table
                0x20000000       0xc0
 *(.ram_vector_table)
 .ram_vector_table
                0x20000000       0xc0 CMakeFiles/freewili_display.dir/C_/Users/ch4zi/Desktop/free_wili/pico-sdk/src/rp2_common/pico_runtime/runtime.c.obj
                0x20000000                ram_vector_table

.data           0x200000c0      0xa14 load address 0x10008a14
                0x200000c0                        __data_start__ = .
 *(vtable)
 *(.time_critical*)
 .time_critical.uart0_irq_handler
                0x200000c0       0x30 CMakeFiles/freewili_display.dir/src/main.c.obj
 .time_critical.on_main_frame
                0x200000f0      0x234 CMakeFiles/freewili_display.dir/src/main.c.obj
 .time_critical.ir_rx_gpio_callback
                0x20000324      0x138 CMakeFiles/freewili_display.dir/src/ir_driver.c.obj
 .time_critical.ipp_rx_feed
                0x2000045c      0x418 CMakeFiles/freewili_display.dir/C_/Users/ch4zi/Desktop/free_wili/akhlut/common/ipp.c.obj
                0x2000045c                ipp_rx_feed
 .time_critical.mutex_try_enter_block_until
                0x20000874       0x98 CMakeFiles/freewili_display.dir/C_/Users/ch4zi/Desktop/free_wili/pico-sdk/src/common/pico_sync/mutex.c.obj
                0x20000874                mutex_try_enter_block_until
 .time_critical.mutex_exit
                0x2000090c       0x28 CMakeFiles/freewili_display.dir/C_/Users/ch4zi/Desktop/free_wili/pico-sdk/src/common/pico_sync/mutex.c.obj
                0x2000090c                mutex_exit
 .time_critical.spi_write_blocking
                0x20000934       0x4c CMakeFiles/freewili_display.dir/C_/Users/ch4zi/Desktop/free_wili/pico-sdk/src/rp2_common/hardware_spi/spi.c.obj
                0x20000934                spi_write_blocking
 *(.text*)
 .text          0x20000980        0x4 C:/PROGRA~2/ARMGNU~1/142BCE~1.3RE/bin/../lib/gcc/arm-none-eabi/14.3.1/thumb/v6-m/nofp\libgcc.a(_dvmd_tls.o)
                0x20000980                __aeabi_idiv0
                0x20000980                __aeabi_ldiv0
 *fill*         0x20000984        0x4 
 .text.__stub   0x20000988       0x30 linker stubs
                0x200009b8                        . = ALIGN (0x4)
 *(.rodata*)
                0x200009b8                        . = ALIGN (0x4)
 *(.data*)
 .data.buttons  0x200009b8       0x50 CMakeFiles/freewili_display.dir/src/main.c.obj
 .data.striped_spin_lock_num
                0x20000a08        0x1 CMakeFiles/freewili_display.dir/C_/Users/ch4zi/Desktop/free_wili/pico-sdk/src/rp2_common/hardware_sync/sync.c.obj
 *fill*         0x20000a09        0x3 
 .data          0x20000a0c       0x48 CMakeFiles/freewili_display.dir/C_/Users/ch4zi/Desktop/free_wili/pico-sdk/src/rp2_common/hardware_irq/irq_handler_chain.S.obj
                0x20000a0c                irq_handler_chain_slots
                0x20000a3c                irq_handler_chain_first_slot
                0x20000a46                irq_handler_chain_remove_tail
 .data.default_alarm_pool
                0x20000a54       0x18 CMakeFiles/freewili_display.dir/C_/Users/ch4zi/Desktop/free_wili/pico-sdk/src/common/pico_time/time.c.obj
 .data.default_alarm_pool_heap
                0x20000a6c       0x10 CMakeFiles/freewili_display.dir/C_/Users/ch4zi/Desktop/free_wili/pico-sdk/src/common/pico_time/time.c.obj
 *fill*         0x20000a7c        0x4 
 .data.aeabi_bits_funcs
                0x20000a80       0x10 CMakeFiles/freewili_display.dir/C_/Users/ch4zi/Desktop/free_wili/pico-sdk/src/rp2_common/pico_bit_ops/bit_ops_aeabi.S.obj
                0x20000a80                aeabi_bits_funcs
                0x20000a90                aeabi_bits_funcs_end
 .data.aeabi_mem_funcs
                0x20000a90       0x10 CMakeFiles/freewili_display.dir/C_/Users/ch4zi/Desktop/free_wili/pico-sdk/src/rp2_common/pico_mem_ops/mem_ops_aeabi.S.obj
                0x20000a90                aeabi_mem_funcs
                0x20000aa0                aeabi_mem_funcs_end
 .data.i2c1_inst
                0x20000aa0        0x8 CMakeFiles/freewili_display.dir/C_/Users/ch4zi/Desktop/free_wili/pico-sdk/src/rp2_common/hardware_i2c/i2c.c.obj
                0x20000aa0                i2c1_inst
 .data.i2c0_inst
                0x20000aa8        0x8 CMakeFiles/freewili_display.dir/C_/Users/ch4zi/Desktop/free_wili/pico-sdk/src/rp2_common/hardware_i2c/i2c.c.obj
                0x20000aa8                i2c0_inst
                0x20000ab0                        . = ALIGN (0x4)
 *(.after_data.*)
                0x20000ab0                        . = ALIGN (0x4)
                0x20000ab0                        PROVIDE (__mutex_array_start = .)
 *(SORT_BY_NAME(.mutex_array.*))
 *(.mutex_array)
 .mutex_array   0x20000ab0        0x8 CMakeFiles/freewili_display.dir/C_/Users/ch4zi/Desktop/free_wili/pico-sdk/src/rp2_common/pico_malloc/pico_malloc.c.obj
 .mutex_array   0x20000ab8        0x8 CMakeFiles/freewili_display.dir/C_/Users/ch4zi/Desktop/free_wili/pico-sdk/src/rp2_common/pico_stdio/stdio.c.obj
                0x20000ac0                        PROVIDE (__mutex_array_end = .)
                0x20000ac0                        . = ALIGN (0x4)
                0x20000ac0                        PROVIDE (__preinit_array_start = .)
 *(SORT_BY_NAME(.preinit_array.*))
 .preinit_array.00001
                0x20000ac0        0x4 CMakeFiles/freewili_display.dir/C_/Users/ch4zi/Desktop/free_wili/pico-sdk/src/rp2_common/pico_mem_ops/mem_ops_aeabi.S.obj
 .preinit_array.00010
                0x20000ac4        0x4 CMakeFiles/freewili_display.dir/C_/Users/ch4zi/Desktop/free_wili/pico-sdk/src/rp2_common/pico_bit_ops/bit_ops_aeabi.S.obj
 .preinit_array.00020
                0x20000ac8        0x4 CMakeFiles/freewili_display.dir/C_/Users/ch4zi/Desktop/free_wili/pico-sdk/src/rp2_common/pico_double/double_aeabi.S.obj
 .preinit_array.00020
                0x20000acc        0x4 CMakeFiles/freewili_display.dir/C_/Users/ch4zi/Desktop/free_wili/pico-sdk/src/rp2_common/pico_float/float_aeabi.S.obj
 *(.preinit_array)
                0x20000ad0                        PROVIDE (__preinit_array_end = .)
                0x20000ad0                        . = ALIGN (0x4)
                0x20000ad0                        PROVIDE (__init_array_start = .)
 *(SORT_BY_NAME(.init_array.*))
 *(.init_array)
 .init_array    0x20000ad0        0x4 C:/PROGRA~2/ARMGNU~1/142BCE~1.3RE/bin/../lib/gcc/arm-none-eabi/14.3.1/thumb/v6-m/nofp/crtbegin.o
                0x20000ad4                        PROVIDE (__init_array_end = .)
                0x20000ad4                        . = ALIGN (0x4)
                [!provide]                        PROVIDE (__fini_array_start = .)
 *(SORT_BY_NAME(.fini_array.*))
 *(.fini_array)
                [!provide]                        PROVIDE (__fini_array_end = .)
 *(.jcr)
                0x20000ad4                        . = ALIGN (0x4)
                0x20000ad4                        __data_end__ = .
                0x10008a14                        __etext = LOADADDR (.data)

.tm_clone_table
                0x20000ad4        0x0 load address 0x10009428
 .tm_clone_table
                0x20000ad4        0x0 C:/PROGRA~2/ARMGNU~1/142BCE~1.3RE/bin/../lib/gcc/arm-none-eabi/14.3.1/thumb/v6-m/nofp/crtbegin.o
 .tm_clone_table
                0x20000ad4        0x0 C:/PROGRA~2/ARMGNU~1/142BCE~1.3RE/bin/../lib/gcc/arm-none-eabi/14.3.1/thumb/v6-m/nofp/crtend.o

.igot.plt       0x20000ad4        0x0 load address 0x10009428
 .igot.plt      0x20000ad4        0x0 C:/PROGRA~2/ARMGNU~1/142BCE~1.3RE/bin/../lib/gcc/arm-none-eabi/14.3.1/thumb/v6-m/nofp/crtbegin.o

.uninitialized_data
                0x20000ad4        0x0 load address 0x10009428
                0x20000ad4                        . = ALIGN (0x4)
 *(.uninitialized_data*)

.scratch_x      0x20040000        0x0 load address 0x10009428
                0x20040000                        __scratch_x_start__ = .
 *(.scratch_x.*)
                0x20040000                        . = ALIGN (0x4)
                0x20040000                        __scratch_x_end__ = .
                0x10009428                        __scratch_x_source__ = LOADADDR (.scratch_x)

.scratch_y      0x20041000        0x0 load address 0x10009428
                0x20041000                        __scratch_y_start__ = .
 *(.scratch_y.*)
                0x20041000                        . = ALIGN (0x4)
                0x20041000                        __scratch_y_end__ = .
                0x10009428                        __scratch_y_source__ = LOADADDR (.scratch_y)

.bss            0x20000ad8     0x6b90
                0x20000ad8                        . = ALIGN (0x4)
                0x20000ad8                        __bss_start__ = .
 *(SORT_BY_ALIGNMENT(SORT_BY_NAME(.bss*)))
 .bss.configured_freq
                0x20000ad8       0x28 CMakeFiles/freewili_display.dir/C_/Users/ch4zi/Desktop/free_wili/pico-sdk/src/rp2_common/hardware_clocks/clocks.c.obj
 .bss.default_alarm_pool_entries
                0x20000b00      0x100 CMakeFiles/freewili_display.dir/C_/Users/ch4zi/Desktop/free_wili/pico-sdk/src/common/pico_time/time.c.obj
 .bss.rx_last_edge_us
                0x20000c00        0x8 CMakeFiles/freewili_display.dir/src/ir_driver.c.obj
 .bss.sd_table  0x20000c08      0x100 CMakeFiles/freewili_display.dir/C_/Users/ch4zi/Desktop/free_wili/pico-sdk/src/rp2_common/pico_double/double_init_rom.c.obj
                0x20000c08                sd_table
 .bss.sf_table  0x20000d08      0x100 CMakeFiles/freewili_display.dir/C_/Users/ch4zi/Desktop/free_wili/pico-sdk/src/rp2_common/pico_float/float_init_rom.c.obj
                0x20000d08                sf_table
 .bss._used_instruction_space
                0x20000e08        0x8 CMakeFiles/freewili_display.dir/C_/Users/ch4zi/Desktop/free_wili/pico-sdk/src/rp2_common/hardware_pio/pio.c.obj
 .bss.alarm_callbacks
                0x20000e10       0x10 CMakeFiles/freewili_display.dir/C_/Users/ch4zi/Desktop/free_wili/pico-sdk/src/rp2_common/hardware_timer/timer.c.obj
 .bss.callbacks
                0x20000e20        0x8 CMakeFiles/freewili_display.dir/C_/Users/ch4zi/Desktop/free_wili/pico-sdk/src/rp2_common/hardware_gpio/gpio.c.obj
 .bss.default_alarm_pool_entry_ids_high
                0x20000e28       0x10 CMakeFiles/freewili_display.dir/C_/Users/ch4zi/Desktop/free_wili/pico-sdk/src/common/pico_time/time.c.obj
 .bss.default_alarm_pool_heap_nodes
                0x20000e38       0x30 CMakeFiles/freewili_display.dir/C_/Users/ch4zi/Desktop/free_wili/pico-sdk/src/common/pico_time/time.c.obj
 .bss.draw_q    0x20000e68     0x2040 CMakeFiles/freewili_display.dir/src/main.c.obj
 .bss.drivers   0x20002ea8        0x4 CMakeFiles/freewili_display.dir/C_/Users/ch4zi/Desktop/free_wili/pico-sdk/src/rp2_common/pico_stdio/stdio.c.obj
 .bss.filter    0x20002eac        0x4 CMakeFiles/freewili_display.dir/C_/Users/ch4zi/Desktop/free_wili/pico-sdk/src/rp2_common/pico_stdio/stdio.c.obj
 .bss.frame.0   0x20002eb0     0x1006 CMakeFiles/freewili_display.dir/C_/Users/ch4zi/Desktop/free_wili/akhlut/common/ipp.c.obj
 *fill*         0x20003eb6        0x2 
 .bss.ipp_main_rx
                0x20003eb8     0x1020 CMakeFiles/freewili_display.dir/src/main.c.obj
 .bss.ipp_tx_buf
                0x20004ed8     0x1007 CMakeFiles/freewili_display.dir/src/main.c.obj
 *fill*         0x20005edf        0x1 
 .bss.lazy_vsnprintf
                0x20005ee0        0x4 CMakeFiles/freewili_display.dir/C_/Users/ch4zi/Desktop/free_wili/pico-sdk/src/rp2_common/pico_printf/printf.c.obj
 .bss.led_grb   0x20005ee4       0x1c CMakeFiles/freewili_display.dir/src/main.c.obj
 .bss.led_pio   0x20005f00        0x4 CMakeFiles/freewili_display.dir/src/main.c.obj
 .bss.led_sm    0x20005f04        0x4 CMakeFiles/freewili_display.dir/src/main.c.obj
 .bss.object.0  0x20005f08       0x18 C:/PROGRA~2/ARMGNU~1/142BCE~1.3RE/bin/../lib/gcc/arm-none-eabi/14.3.1/thumb/v6-m/nofp/crtbegin.o
 .bss.pend_ir_code
                0x20005f20        0x6 CMakeFiles/freewili_display.dir/src/main.c.obj
 *fill*         0x20005f26        0x2 
 .bss.pend_menu_buf
                0x20005f28      0x200 CMakeFiles/freewili_display.dir/src/main.c.obj
 .bss.pend_sb_buf
                0x20006128       0x40 CMakeFiles/freewili_display.dir/src/main.c.obj
 .bss.pend_toast_buf
                0x20006168       0x40 CMakeFiles/freewili_display.dir/src/main.c.obj
 .bss.pend_ts_buf
                0x200061a8      0x200 CMakeFiles/freewili_display.dir/src/main.c.obj
 .bss.pools     0x200063a8       0x10 CMakeFiles/freewili_display.dir/C_/Users/ch4zi/Desktop/free_wili/pico-sdk/src/common/pico_time/time.c.obj
 .bss.raw_irq_mask
                0x200063b8        0x8 CMakeFiles/freewili_display.dir/C_/Users/ch4zi/Desktop/free_wili/pico-sdk/src/rp2_common/hardware_gpio/gpio.c.obj
 .bss.rx_code   0x200063c0        0x6 CMakeFiles/freewili_display.dir/src/ir_driver.c.obj
 *fill*         0x200063c6        0x2 
 .bss.rx_data   0x200063c8        0x4 CMakeFiles/freewili_display.dir/src/ir_driver.c.obj
 .bss.sf_clz_func
                0x200063cc        0x4 CMakeFiles/freewili_display.dir/C_/Users/ch4zi/Desktop/free_wili/pico-sdk/src/rp2_common/pico_double/double_init_rom.c.obj
                0x200063cc                sf_clz_func
 .bss.sleep_notifier
                0x200063d0        0x4 CMakeFiles/freewili_display.dir/C_/Users/ch4zi/Desktop/free_wili/pico-sdk/src/common/pico_time/time.c.obj
 .bss.target_hi
                0x200063d4       0x10 CMakeFiles/freewili_display.dir/C_/Users/ch4zi/Desktop/free_wili/pico-sdk/src/rp2_common/hardware_timer/timer.c.obj
 .bss.uart_char_to_line_feed
                0x200063e4        0x4 CMakeFiles/freewili_display.dir/C_/Users/ch4zi/Desktop/free_wili/pico-sdk/src/rp2_common/hardware_uart/uart.c.obj
                0x200063e4                uart_char_to_line_feed
 .bss.ui_hb     0x200063e8       0x14 CMakeFiles/freewili_display.dir/src/main.c.obj
 .bss.ui_menu   0x200063fc      0x464 CMakeFiles/freewili_display.dir/src/main.c.obj
 .bss.ui_sb     0x20006860       0x20 CMakeFiles/freewili_display.dir/src/main.c.obj
 .bss.ui_toast  0x20006880       0x38 CMakeFiles/freewili_display.dir/src/main.c.obj
 .bss.ui_ts     0x200068b8      0xd86 CMakeFiles/freewili_display.dir/src/main.c.obj
 .bss.pend_menu_len
                0x2000763e        0x2 CMakeFiles/freewili_display.dir/src/main.c.obj
 .bss.pend_sb_len
                0x20007640        0x2 CMakeFiles/freewili_display.dir/src/main.c.obj
 .bss.pend_toast_len
                0x20007642        0x2 CMakeFiles/freewili_display.dir/src/main.c.obj
 .bss.pend_ts_len
                0x20007644        0x2 CMakeFiles/freewili_display.dir/src/main.c.obj
 .bss.accel_present
                0x20007646        0x1 CMakeFiles/freewili_display.dir/src/main.c.obj
 .bss.charger_present
                0x20007647        0x1 CMakeFiles/freewili_display.dir/src/main.c.obj
 .bss.claimed   0x20007648        0x1 CMakeFiles/freewili_display.dir/C_/Users/ch4zi/Desktop/free_wili/pico-sdk/src/rp2_common/hardware_timer/timer.c.obj
 .bss.claimed   0x20007649        0x1 CMakeFiles/freewili_display.dir/C_/Users/ch4zi/Desktop/free_wili/pico-sdk/src/rp2_common/hardware_pio/pio.c.obj
 .bss.display_mode
                0x2000764a        0x1 CMakeFiles/freewili_display.dir/src/main.c.obj
 .bss.draw_q_head
                0x2000764b        0x1 CMakeFiles/freewili_display.dir/src/main.c.obj
 .bss.draw_q_tail
                0x2000764c        0x1 CMakeFiles/freewili_display.dir/src/main.c.obj
 .bss.ioexp_present
                0x2000764d        0x1 CMakeFiles/freewili_display.dir/src/main.c.obj
 .bss.ipp_seq   0x2000764e        0x1 CMakeFiles/freewili_display.dir/src/main.c.obj
 .bss.irq_hander_chain_free_slot_head
                0x2000764f        0x1 CMakeFiles/freewili_display.dir/C_/Users/ch4zi/Desktop/free_wili/pico-sdk/src/rp2_common/hardware_irq/irq.c.obj
 .bss.led_pio_inited
                0x20007650        0x1 CMakeFiles/freewili_display.dir/src/main.c.obj
 .bss.leds_enabled
                0x20007651        0x1 CMakeFiles/freewili_display.dir/src/main.c.obj
 .bss.pend_accel_req
                0x20007652        0x1 CMakeFiles/freewili_display.dir/src/main.c.obj
 .bss.pend_clear
                0x20007653        0x1 CMakeFiles/freewili_display.dir/src/main.c.obj
 .bss.pend_i2c_scan
                0x20007654        0x1 CMakeFiles/freewili_display.dir/src/main.c.obj
 .bss.pend_ioexp_read
                0x20007655        0x1 CMakeFiles/freewili_display.dir/src/main.c.obj
 .bss.pend_ioexp_read_reg
                0x20007656        0x1 CMakeFiles/freewili_display.dir/src/main.c.obj
 .bss.pend_ioexp_reg
                0x20007657        0x1 CMakeFiles/freewili_display.dir/src/main.c.obj
 .bss.pend_ioexp_val
                0x20007658        0x1 CMakeFiles/freewili_display.dir/src/main.c.obj
 .bss.pend_ioexp_write
                0x20007659        0x1 CMakeFiles/freewili_display.dir/src/main.c.obj
 .bss.pend_ir_send
                0x2000765a        0x1 CMakeFiles/freewili_display.dir/src/main.c.obj
 .bss.pend_led_update
                0x2000765b        0x1 CMakeFiles/freewili_display.dir/src/main.c.obj
 .bss.pend_menu
                0x2000765c        0x1 CMakeFiles/freewili_display.dir/src/main.c.obj
 .bss.pend_reboot_bootloader
                0x2000765d        0x1 CMakeFiles/freewili_display.dir/src/main.c.obj
 .bss.pend_sb   0x2000765e        0x1 CMakeFiles/freewili_display.dir/src/main.c.obj
 .bss.pend_toast
                0x2000765f        0x1 CMakeFiles/freewili_display.dir/src/main.c.obj
 .bss.pend_ts   0x20007660        0x1 CMakeFiles/freewili_display.dir/src/main.c.obj
 .bss.rtc_present
                0x20007661        0x1 CMakeFiles/freewili_display.dir/src/main.c.obj
 .bss.rx_bit_count
                0x20007662        0x1 CMakeFiles/freewili_display.dir/src/ir_driver.c.obj
 .bss.rx_ready  0x20007663        0x1 CMakeFiles/freewili_display.dir/src/ir_driver.c.obj
 .bss.rx_state  0x20007664        0x1 CMakeFiles/freewili_display.dir/src/ir_driver.c.obj
 .bss.timer_callbacks_pending
                0x20007665        0x1 CMakeFiles/freewili_display.dir/C_/Users/ch4zi/Desktop/free_wili/pico-sdk/src/rp2_common/hardware_timer/timer.c.obj
 *(COMMON)
                0x20007668                        . = ALIGN (0x4)
 *fill*         0x20007666        0x2 
                0x20007668                        __bss_end__ = .

.heap           0x20007668      0x800
                0x20007668                        __end__ = .
                0x20007668                        end = __end__
 *(.heap*)
 .heap          0x20007668      0x800 CMakeFiles/freewili_display.dir/C_/Users/ch4zi/Desktop/free_wili/pico-sdk/src/rp2_common/pico_standard_link/crt0.S.obj
                0x20007e68                        __HeapLimit = .

.stack1_dummy   0x20040000      0x800
 *(.stack1*)
 .stack1        0x20040000      0x800 CMakeFiles/freewili_display.dir/C_/Users/ch4zi/Desktop/free_wili/pico-sdk/src/rp2_common/pico_multicore/multicore.c.obj

.stack_dummy    0x20041000      0x800
 *(.stack*)
 .stack         0x20041000      0x800 CMakeFiles/freewili_display.dir/C_/Users/ch4zi/Desktop/free_wili/pico-sdk/src/rp2_common/pico_standard_link/crt0.S.obj

.flash_end      0x10009428        0x0
                0x10009428                        PROVIDE (__flash_binary_end = .)
                0x20040000                        __StackLimit = (ORIGIN (RAM) + LENGTH (RAM))
                0x20041000                        __StackOneTop = (ORIGIN (SCRATCH_X) + LENGTH (SCRATCH_X))
                0x20042000                        __StackTop = (ORIGIN (SCRATCH_Y) + LENGTH (SCRATCH_Y))
                0x20040800                        __StackOneBottom = (__StackOneTop - SIZEOF (.stack1_dummy))
                0x20041800                        __StackBottom = (__StackTop - SIZEOF (.stack_dummy))
                0x20042000                        PROVIDE (__stack = __StackTop)
                0x00000001                        ASSERT ((__StackLimit >= __HeapLimit), region RAM overflowed)
                0x00000001                        ASSERT (((__binary_info_header_end - __logical_binary_start) <= 0x100), Binary info must be in first 256 bytes of the binary)
LOAD CMakeFiles/freewili_display.dir/src/main.c.obj
LOAD CMakeFiles/freewili_display.dir/src/gfx.c.obj
LOAD CMakeFiles/freewili_display.dir/src/ui.c.obj
LOAD CMakeFiles/freewili_display.dir/src/ir_driver.c.obj
LOAD CMakeFiles/freewili_display.dir/C_/Users/ch4zi/Desktop/free_wili/akhlut/common/ipp.c.obj
LOAD CMakeFiles/freewili_display.dir/C_/Users/ch4zi/Desktop/free_wili/pico-sdk/src/rp2_common/pico_stdlib/stdlib.c.obj
LOAD CMakeFiles/freewili_display.dir/C_/Users/ch4zi/Desktop/free_wili/pico-sdk/src/rp2_common/hardware_gpio/gpio.c.obj
LOAD CMakeFiles/freewili_display.dir/C_/Users/ch4zi/Desktop/free_wili/pico-sdk/src/rp2_common/pico_platform/platform.c.obj
LOAD CMakeFiles/freewili_display.dir/C_/Users/ch4zi/Desktop/free_wili/pico-sdk/src/rp2_common/hardware_claim/claim.c.obj
LOAD CMakeFiles/freewili_display.dir/C_/Users/ch4zi/Desktop/free_wili/pico-sdk/src/rp2_common/hardware_sync/sync.c.obj
LOAD CMakeFiles/freewili_display.dir/C_/Users/ch4zi/Desktop/free_wili/pico-sdk/src/rp2_common/hardware_irq/irq.c.obj
LOAD CMakeFiles/freewili_display.dir/C_/Users/ch4zi/Desktop/free_wili/pico-sdk/src/rp2_common/hardware_irq/irq_handler_chain.S.obj
LOAD CMakeFiles/freewili_display.dir/C_/Users/ch4zi/Desktop/free_wili/pico-sdk/src/common/pico_sync/sem.c.obj
LOAD CMakeFiles/freewili_display.dir/C_/Users/ch4zi/Desktop/free_wili/pico-sdk/src/common/pico_sync/lock_core.c.obj
LOAD CMakeFiles/freewili_display.dir/C_/Users/ch4zi/Desktop/free_wili/pico-sdk/src/common/pico_sync/mutex.c.obj
LOAD CMakeFiles/freewili_display.dir/C_/Users/ch4zi/Desktop/free_wili/pico-sdk/src/common/pico_sync/critical_section.c.obj
LOAD CMakeFiles/freewili_display.dir/C_/Users/ch4zi/Desktop/free_wili/pico-sdk/src/common/pico_time/time.c.obj
LOAD CMakeFiles/freewili_display.dir/C_/Users/ch4zi/Desktop/free_wili/pico-sdk/src/common/pico_time/timeout_helper.c.obj
LOAD CMakeFiles/freewili_display.dir/C_/Users/ch4zi/Desktop/free_wili/pico-sdk/src/rp2_common/hardware_timer/timer.c.obj
LOAD CMakeFiles/freewili_display.dir/C_/Users/ch4zi/Desktop/free_wili/pico-sdk/src/common/pico_util/datetime.c.obj
LOAD CMakeFiles/freewili_display.dir/C_/Users/ch4zi/Desktop/free_wili/pico-sdk/src/common/pico_util/pheap.c.obj
LOAD CMakeFiles/freewili_display.dir/C_/Users/ch4zi/Desktop/free_wili/pico-sdk/src/common/pico_util/queue.c.obj
LOAD CMakeFiles/freewili_display.dir/C_/Users/ch4zi/Desktop/free_wili/pico-sdk/src/rp2_common/hardware_uart/uart.c.obj
LOAD CMakeFiles/freewili_display.dir/C_/Users/ch4zi/Desktop/free_wili/pico-sdk/src/rp2_common/hardware_clocks/clocks.c.obj
LOAD CMakeFiles/freewili_display.dir/C_/Users/ch4zi/Desktop/free_wili/pico-sdk/src/rp2_common/hardware_pll/pll.c.obj
LOAD CMakeFiles/freewili_display.dir/C_/Users/ch4zi/Desktop/free_wili/pico-sdk/src/rp2_common/hardware_vreg/vreg.c.obj
LOAD CMakeFiles/freewili_display.dir/C_/Users/ch4zi/Desktop/free_wili/pico-sdk/src/rp2_common/hardware_watchdog/watchdog.c.obj
LOAD CMakeFiles/freewili_display.dir/C_/Users/ch4zi/Desktop/free_wili/pico-sdk/src/rp2_common/hardware_xosc/xosc.c.obj
LOAD CMakeFiles/freewili_display.dir/C_/Users/ch4zi/Desktop/free_wili/pico-sdk/src/rp2_common/hardware_divider/divider.S.obj
LOAD CMakeFiles/freewili_display.dir/C_/Users/ch4zi/Desktop/free_wili/pico-sdk/src/rp2_common/pico_runtime/runtime.c.obj
LOAD CMakeFiles/freewili_display.dir/C_/Users/ch4zi/Desktop/free_wili/pico-sdk/src/rp2_common/pico_printf/printf.c.obj
LOAD CMakeFiles/freewili_display.dir/C_/Users/ch4zi/Desktop/free_wili/pico-sdk/src/rp2_common/pico_bit_ops/bit_ops_aeabi.S.obj
LOAD CMakeFiles/freewili_display.dir/C_/Users/ch4zi/Desktop/free_wili/pico-sdk/src/rp2_common/pico_bootrom/bootrom.c.obj
LOAD CMakeFiles/freewili_display.dir/C_/Users/ch4zi/Desktop/free_wili/pico-sdk/src/rp2_common/pico_divider/divider.S.obj
LOAD CMakeFiles/freewili_display.dir/C_/Users/ch4zi/Desktop/free_wili/pico-sdk/src/rp2_common/pico_double/double_aeabi.S.obj
LOAD CMakeFiles/freewili_display.dir/C_/Users/ch4zi/Desktop/free_wili/pico-sdk/src/rp2_common/pico_double/double_init_rom.c.obj
LOAD CMakeFiles/freewili_display.dir/C_/Users/ch4zi/Desktop/free_wili/pico-sdk/src/rp2_common/pico_double/double_math.c.obj
LOAD CMakeFiles/freewili_display.dir/C_/Users/ch4zi/Desktop/free_wili/pico-sdk/src/rp2_common/pico_double/double_v1_rom_shim.S.obj
LOAD CMakeFiles/freewili_display.dir/C_/Users/ch4zi/Desktop/free_wili/pico-sdk/src/rp2_common/pico_int64_ops/pico_int64_ops_aeabi.S.obj
LOAD CMakeFiles/freewili_display.dir/C_/Users/ch4zi/Desktop/free_wili/pico-sdk/src/rp2_common/pico_float/float_aeabi.S.obj
LOAD CMakeFiles/freewili_display.dir/C_/Users/ch4zi/Desktop/free_wili/pico-sdk/src/rp2_common/pico_float/float_init_rom.c.obj
LOAD CMakeFiles/freewili_display.dir/C_/Users/ch4zi/Desktop/free_wili/pico-sdk/src/rp2_common/pico_float/float_math.c.obj
LOAD CMakeFiles/freewili_display.dir/C_/Users/ch4zi/Desktop/free_wili/pico-sdk/src/rp2_common/pico_float/float_v1_rom_shim.S.obj
LOAD CMakeFiles/freewili_display.dir/C_/Users/ch4zi/Desktop/free_wili/pico-sdk/src/rp2_common/pico_malloc/pico_malloc.c.obj
LOAD CMakeFiles/freewili_display.dir/C_/Users/ch4zi/Desktop/free_wili/pico-sdk/src/rp2_common/pico_mem_ops/mem_ops_aeabi.S.obj
LOAD CMakeFiles/freewili_display.dir/C_/Users/ch4zi/Desktop/free_wili/pico-sdk/src/rp2_common/pico_standard_link/crt0.S.obj
LOAD CMakeFiles/freewili_display.dir/C_/Users/ch4zi/Desktop/free_wili/pico-sdk/src/rp2_common/pico_standard_link/new_delete.cpp.obj
LOAD CMakeFiles/freewili_display.dir/C_/Users/ch4zi/Desktop/free_wili/pico-sdk/src/rp2_common/pico_standard_link/binary_info.c.obj
LOAD CMakeFiles/freewili_display.dir/C_/Users/ch4zi/Desktop/free_wili/pico-sdk/src/rp2_common/pico_stdio/stdio.c.obj
LOAD CMakeFiles/freewili_display.dir/C_/Users/ch4zi/Desktop/free_wili/pico-sdk/src/rp2_common/pico_multicore/multicore.c.obj
LOAD CMakeFiles/freewili_display.dir/C_/Users/ch4zi/Desktop/free_wili/pico-sdk/src/rp2_common/hardware_spi/spi.c.obj
LOAD CMakeFiles/freewili_display.dir/C_/Users/ch4zi/Desktop/free_wili/pico-sdk/src/rp2_common/hardware_i2c/i2c.c.obj
LOAD CMakeFiles/freewili_display.dir/C_/Users/ch4zi/Desktop/free_wili/pico-sdk/src/rp2_common/hardware_pio/pio.c.obj
LOAD C:\Users\ch4zi\AppData\Local\Temp\ccAB5r9q.o
LOAD C:/PROGRA~2/ARMGNU~1/142BCE~1.3RE/bin/../lib/gcc/arm-none-eabi/14.3.1/../../../../arm-none-eabi/lib/thumb/v6-m/nofp\libstdc++.a
LOAD C:/PROGRA~2/ARMGNU~1/142BCE~1.3RE/bin/../lib/gcc/arm-none-eabi/14.3.1/../../../../arm-none-eabi/lib/thumb/v6-m/nofp\libm.a
START GROUP
LOAD C:/PROGRA~2/ARMGNU~1/142BCE~1.3RE/bin/../lib/gcc/arm-none-eabi/14.3.1/thumb/v6-m/nofp\libgcc.a
LOAD C:/PROGRA~2/ARMGNU~1/142BCE~1.3RE/bin/../lib/gcc/arm-none-eabi/14.3.1/../../../../arm-none-eabi/lib/thumb/v6-m/nofp\libc.a
END GROUP
START GROUP
LOAD C:/PROGRA~2/ARMGNU~1/142BCE~1.3RE/bin/../lib/gcc/arm-none-eabi/14.3.1/thumb/v6-m/nofp\libgcc.a
LOAD C:/PROGRA~2/ARMGNU~1/142BCE~1.3RE/bin/../lib/gcc/arm-none-eabi/14.3.1/../../../../arm-none-eabi/lib/thumb/v6-m/nofp\libc.a
LOAD C:/PROGRA~2/ARMGNU~1/142BCE~1.3RE/bin/../lib/gcc/arm-none-eabi/14.3.1/../../../../arm-none-eabi/lib/thumb/v6-m/nofp\libnosys.a
END GROUP
LOAD C:/PROGRA~2/ARMGNU~1/142BCE~1.3RE/bin/../lib/gcc/arm-none-eabi/14.3.1/thumb/v6-m/nofp/crtend.o
LOAD C:/PROGRA~2/ARMGNU~1/142BCE~1.3RE/bin/../lib/gcc/arm-none-eabi/14.3.1/thumb/v6-m/nofp/crtn.o
OUTPUT(freewili_display.elf elf32-littlearm)
LOAD linker stubs

.ARM.attributes
                0x00000000       0x28
 .ARM.attributes
                0x00000000       0x1e C:/PROGRA~2/ARMGNU~1/142BCE~1.3RE/bin/../lib/gcc/arm-none-eabi/14.3.1/thumb/v6-m/nofp/crti.o
 .ARM.attributes
                0x0000001e       0x2c C:/PROGRA~2/ARMGNU~1/142BCE~1.3RE/bin/../lib/gcc/arm-none-eabi/14.3.1/thumb/v6-m/nofp/crtbegin.o
 .ARM.attributes
                0x0000004a       0x2c CMakeFiles/freewili_display.dir/src/main.c.obj
 .ARM.attributes
                0x00000076       0x2c CMakeFiles/freewili_display.dir/src/gfx.c.obj
 .ARM.attributes
                0x000000a2       0x2c CMakeFiles/freewili_display.dir/src/ui.c.obj
 .ARM.attributes
                0x000000ce       0x2c CMakeFiles/freewili_display.dir/src/ir_driver.c.obj
 .ARM.attributes
                0x000000fa       0x2c CMakeFiles/freewili_display.dir/C_/Users/ch4zi/Desktop/free_wili/akhlut/common/ipp.c.obj
 .ARM.attributes
                0x00000126       0x2c CMakeFiles/freewili_display.dir/C_/Users/ch4zi/Desktop/free_wili/pico-sdk/src/rp2_common/hardware_gpio/gpio.c.obj
 .ARM.attributes
                0x00000152       0x2c CMakeFiles/freewili_display.dir/C_/Users/ch4zi/Desktop/free_wili/pico-sdk/src/rp2_common/pico_platform/platform.c.obj
 .ARM.attributes
                0x0000017e       0x2c CMakeFiles/freewili_display.dir/C_/Users/ch4zi/Desktop/free_wili/pico-sdk/src/rp2_common/hardware_claim/claim.c.obj
 .ARM.attributes
                0x000001aa       0x2c CMakeFiles/freewili_display.dir/C_/Users/ch4zi/Desktop/free_wili/pico-sdk/src/rp2_common/hardware_sync/sync.c.obj
 .ARM.attributes
                0x000001d6       0x2c CMakeFiles/freewili_display.dir/C_/Users/ch4zi/Desktop/free_wili/pico-sdk/src/rp2_common/hardware_irq/irq.c.obj
 .ARM.attributes
                0x00000202       0x22 CMakeFiles/freewili_display.dir/C_/Users/ch4zi/Desktop/free_wili/pico-sdk/src/rp2_common/hardware_irq/irq_handler_chain.S.obj
 .ARM.attributes
                0x00000224       0x2c CMakeFiles/freewili_display.dir/C_/Users/ch4zi/Desktop/free_wili/pico-sdk/src/common/pico_sync/lock_core.c.obj
 .ARM.attributes
                0x00000250       0x2c CMakeFiles/freewili_display.dir/C_/Users/ch4zi/Desktop/free_wili/pico-sdk/src/common/pico_sync/mutex.c.obj
 .ARM.attributes
                0x0000027c       0x2c CMakeFiles/freewili_display.dir/C_/Users/ch4zi/Desktop/free_wili/pico-sdk/src/common/pico_time/time.c.obj
 .ARM.attributes
                0x000002a8       0x2c CMakeFiles/freewili_display.dir/C_/Users/ch4zi/Desktop/free_wili/pico-sdk/src/rp2_common/hardware_timer/timer.c.obj
 .ARM.attributes
                0x000002d4       0x2c CMakeFiles/freewili_display.dir/C_/Users/ch4zi/Desktop/free_wili/pico-sdk/src/common/pico_util/pheap.c.obj
 .ARM.attributes
                0x00000300       0x2c CMakeFiles/freewili_display.dir/C_/Users/ch4zi/Desktop/free_wili/pico-sdk/src/rp2_common/hardware_uart/uart.c.obj
 .ARM.attributes
                0x0000032c       0x2c CMakeFiles/freewili_display.dir/C_/Users/ch4zi/Desktop/free_wili/pico-sdk/src/rp2_common/hardware_clocks/clocks.c.obj
 .ARM.attributes
                0x00000358       0x2c CMakeFiles/freewili_display.dir/C_/Users/ch4zi/Desktop/free_wili/pico-sdk/src/rp2_common/hardware_pll/pll.c.obj
 .ARM.attributes
                0x00000384       0x2c CMakeFiles/freewili_display.dir/C_/Users/ch4zi/Desktop/free_wili/pico-sdk/src/rp2_common/hardware_watchdog/watchdog.c.obj
 .ARM.attributes
                0x000003b0       0x2c CMakeFiles/freewili_display.dir/C_/Users/ch4zi/Desktop/free_wili/pico-sdk/src/rp2_common/hardware_xosc/xosc.c.obj
 .ARM.attributes
                0x000003dc       0x2c CMakeFiles/freewili_display.dir/C_/Users/ch4zi/Desktop/free_wili/pico-sdk/src/rp2_common/pico_runtime/runtime.c.obj
 .ARM.attributes
                0x00000408       0x2c CMakeFiles/freewili_display.dir/C_/Users/ch4zi/Desktop/free_wili/pico-sdk/src/rp2_common/pico_printf/printf.c.obj
 .ARM.attributes
                0x00000434       0x22 CMakeFiles/freewili_display.dir/C_/Users/ch4zi/Desktop/free_wili/pico-sdk/src/rp2_common/pico_bit_ops/bit_ops_aeabi.S.obj
 .ARM.attributes
                0x00000456       0x2c CMakeFiles/freewili_display.dir/C_/Users/ch4zi/Desktop/free_wili/pico-sdk/src/rp2_common/pico_bootrom/bootrom.c.obj
 .ARM.attributes
                0x00000482       0x22 CMakeFiles/freewili_display.dir/C_/Users/ch4zi/Desktop/free_wili/pico-sdk/src/rp2_common/pico_divider/divider.S.obj
 .ARM.attributes
                0x000004a4       0x22 CMakeFiles/freewili_display.dir/C_/Users/ch4zi/Desktop/free_wili/pico-sdk/src/rp2_common/pico_double/double_aeabi.S.obj
 .ARM.attributes
                0x000004c6       0x2c CMakeFiles/freewili_display.dir/C_/Users/ch4zi/Desktop/free_wili/pico-sdk/src/rp2_common/pico_double/double_init_rom.c.obj
 .ARM.attributes
                0x000004f2       0x22 CMakeFiles/freewili_display.dir/C_/Users/ch4zi/Desktop/free_wili/pico-sdk/src/rp2_common/pico_double/double_v1_rom_shim.S.obj
 .ARM.attributes
                0x00000514       0x22 CMakeFiles/freewili_display.dir/C_/Users/ch4zi/Desktop/free_wili/pico-sdk/src/rp2_common/pico_int64_ops/pico_int64_ops_aeabi.S.obj
 .ARM.attributes
                0x00000536       0x22 CMakeFiles/freewili_display.dir/C_/Users/ch4zi/Desktop/free_wili/pico-sdk/src/rp2_common/pico_float/float_aeabi.S.obj
 .ARM.attributes
                0x00000558       0x2c CMakeFiles/freewili_display.dir/C_/Users/ch4zi/Desktop/free_wili/pico-sdk/src/rp2_common/pico_float/float_init_rom.c.obj
 .ARM.attributes
                0x00000584       0x22 CMakeFiles/freewili_display.dir/C_/Users/ch4zi/Desktop/free_wili/pico-sdk/src/rp2_common/pico_float/float_v1_rom_shim.S.obj
 .ARM.attributes
                0x000005a6       0x2c CMakeFiles/freewili_display.dir/C_/Users/ch4zi/Desktop/free_wili/pico-sdk/src/rp2_common/pico_malloc/pico_malloc.c.obj
 .ARM.attributes
                0x000005d2       0x22 CMakeFiles/freewili_display.dir/C_/Users/ch4zi/Desktop/free_wili/pico-sdk/src/rp2_common/pico_mem_ops/mem_ops_aeabi.S.obj
 .ARM.attributes
                0x000005f4       0x22 CMakeFiles/freewili_display.dir/C_/Users/ch4zi/Desktop/free_wili/pico-sdk/src/rp2_common/pico_standard_link/crt0.S.obj
 .ARM.attributes
                0x00000616       0x2c CMakeFiles/freewili_display.dir/C_/Users/ch4zi/Desktop/free_wili/pico-sdk/src/rp2_common/pico_standard_link/binary_info.c.obj
 .ARM.attributes
                0x00000642       0x2c CMakeFiles/freewili_display.dir/C_/Users/ch4zi/Desktop/free_wili/pico-sdk/src/rp2_common/pico_stdio/stdio.c.obj
 .ARM.attributes
                0x0000066e       0x2c CMakeFiles/freewili_display.dir/C_/Users/ch4zi/Desktop/free_wili/pico-sdk/src/rp2_common/pico_multicore/multicore.c.obj
 .ARM.attributes
                0x0000069a       0x2c CMakeFiles/freewili_display.dir/C_/Users/ch4zi/Desktop/free_wili/pico-sdk/src/rp2_common/hardware_spi/spi.c.obj
 .ARM.attributes
                0x000006c6       0x2c CMakeFiles/freewili_display.dir/C_/Users/ch4zi/Desktop/free_wili/pico-sdk/src/rp2_common/hardware_i2c/i2c.c.obj
 .ARM.attributes
                0x000006f2       0x2c CMakeFiles/freewili_display.dir/C_/Users/ch4zi/Desktop/free_wili/pico-sdk/src/rp2_common/hardware_pio/pio.c.obj
 .ARM.attributes
                0x0000071e       0x22 C:\Users\ch4zi\AppData\Local\Temp\ccAB5r9q.o
 .ARM.attributes
                0x00000740       0x1e C:/PROGRA~2/ARMGNU~1/142BCE~1.3RE/bin/../lib/gcc/arm-none-eabi/14.3.1/thumb/v6-m/nofp\libgcc.a(_dvmd_tls.o)
 .ARM.attributes
                0x0000075e       0x2c C:/PROGRA~2/ARMGNU~1/142BCE~1.3RE/bin/../lib/gcc/arm-none-eabi/14.3.1/../../../../arm-none-eabi/lib/thumb/v6-m/nofp\libc.a(libc_a-memmove.o)
 .ARM.attributes
                0x0000078a       0x2c C:/PROGRA~2/ARMGNU~1/142BCE~1.3RE/bin/../lib/gcc/arm-none-eabi/14.3.1/../../../../arm-none-eabi/lib/thumb/v6-m/nofp\libc.a(libc_a-strncpy.o)
 .ARM.attributes
                0x000007b6       0x2c C:/PROGRA~2/ARMGNU~1/142BCE~1.3RE/bin/../lib/gcc/arm-none-eabi/14.3.1/../../../../arm-none-eabi/lib/thumb/v6-m/nofp\libc.a(libc_a-strnlen.o)
 .ARM.attributes
                0x000007e2       0x2c C:/PROGRA~2/ARMGNU~1/142BCE~1.3RE/bin/../lib/gcc/arm-none-eabi/14.3.1/../../../../arm-none-eabi/lib/thumb/v6-m/nofp\libc.a(libc_a-strlen-stub.o)
 .ARM.attributes
                0x0000080e       0x2c C:/PROGRA~2/ARMGNU~1/142BCE~1.3RE/bin/../lib/gcc/arm-none-eabi/14.3.1/thumb/v6-m/nofp/crtend.o

.comment        0x00000000       0x46
 .comment       0x00000000       0x46 CMakeFiles/freewili_display.dir/src/main.c.obj
                                 0x47 (size before relaxing)
 .comment       0x00000046       0x47 CMakeFiles/freewili_display.dir/src/gfx.c.obj
 .comment       0x00000046       0x47 CMakeFiles/freewili_display.dir/src/ui.c.obj
 .comment       0x00000046       0x47 CMakeFiles/freewili_display.dir/src/ir_driver.c.obj
 .comment       0x00000046       0x47 CMakeFiles/freewili_display.dir/C_/Users/ch4zi/Desktop/free_wili/akhlut/common/ipp.c.obj
 .comment       0x00000046       0x47 CMakeFiles/freewili_display.dir/C_/Users/ch4zi/Desktop/free_wili/pico-sdk/src/rp2_common/hardware_gpio/gpio.c.obj
 .comment       0x00000046       0x47 CMakeFiles/freewili_display.dir/C_/Users/ch4zi/Desktop/free_wili/pico-sdk/src/rp2_common/pico_platform/platform.c.obj
 .comment       0x00000046       0x47 CMakeFiles/freewili_display.dir/C_/Users/ch4zi/Desktop/free_wili/pico-sdk/src/rp2_common/hardware_claim/claim.c.obj
 .comment       0x00000046       0x47 CMakeFiles/freewili_display.dir/C_/Users/ch4zi/Desktop/free_wili/pico-sdk/src/rp2_common/hardware_sync/sync.c.obj
 .comment       0x00000046       0x47 CMakeFiles/freewili_display.dir/C_/Users/ch4zi/Desktop/free_wili/pico-sdk/src/rp2_common/hardware_irq/irq.c.obj
 .comment       0x00000046       0x47 CMakeFiles/freewili_display.dir/C_/Users/ch4zi/Desktop/free_wili/pico-sdk/src/common/pico_sync/lock_core.c.obj
 .comment       0x00000046       0x47 CMakeFiles/freewili_display.dir/C_/Users/ch4zi/Desktop/free_wili/pico-sdk/src/common/pico_sync/mutex.c.obj
 .comment       0x00000046       0x47 CMakeFiles/freewili_display.dir/C_/Users/ch4zi/Desktop/free_wili/pico-sdk/src/common/pico_time/time.c.obj
 .comment       0x00000046       0x47 CMakeFiles/freewili_display.dir/C_/Users/ch4zi/Desktop/free_wili/pico-sdk/src/rp2_common/hardware_timer/timer.c.obj
 .comment       0x00000046       0x47 CMakeFiles/freewili_display.dir/C_/Users/ch4zi/Desktop/free_wili/pico-sdk/src/common/pico_util/pheap.c.obj
 .comment       0x00000046       0x47 CMakeFiles/freewili_display.dir/C_/Users/ch4zi/Desktop/free_wili/pico-sdk/src/rp2_common/hardware_uart/uart.c.obj
 .comment       0x00000046       0x47 CMakeFiles/freewili_display.dir/C_/Users/ch4zi/Desktop/free_wili/pico-sdk/src/rp2_common/hardware_clocks/clocks.c.obj
 .comment       0x00000046       0x47 CMakeFiles/freewili_display.dir/C_/Users/ch4zi/Desktop/free_wili/pico-sdk/src/rp2_common/hardware_pll/pll.c.obj
 .comment       0x00000046       0x47 CMakeFiles/freewili_display.dir/C_/Users/ch4zi/Desktop/free_wili/pico-sdk/src/rp2_common/hardware_watchdog/watchdog.c.obj
 .comment       0x00000046       0x47 CMakeFiles/freewili_display.dir/C_/Users/ch4zi/Desktop/free_wili/pico-sdk/src/rp2_common/hardware_xosc/xosc.c.obj
 .comment       0x00000046       0x47 CMakeFiles/freewili_display.dir/C_/Users/ch4zi/Desktop/free_wili/pico-sdk/src/rp2_common/pico_runtime/runtime.c.obj
 .comment       0x00000046       0x47 CMakeFiles/freewili_display.dir/C_/Users/ch4zi/Desktop/free_wili/pico-sdk/src/rp2_common/pico_printf/printf.c.obj
 .comment       0x00000046       0x47 CMakeFiles/freewili_display.dir/C_/Users/ch4zi/Desktop/free_wili/pico-sdk/src/rp2_common/pico_bootrom/bootrom.c.obj
 .comment       0x00000046       0x47 CMakeFiles/freewili_display.dir/C_/Users/ch4zi/Desktop/free_wili/pico-sdk/src/rp2_common/pico_double/double_init_rom.c.obj
 .comment       0x00000046       0x47 CMakeFiles/freewili_display.dir/C_/Users/ch4zi/Desktop/free_wili/pico-sdk/src/rp2_common/pico_float/float_init_rom.c.obj
 .comment       0x00000046       0x47 CMakeFiles/freewili_display.dir/C_/Users/ch4zi/Desktop/free_wili/pico-sdk/src/rp2_common/pico_malloc/pico_malloc.c.obj
 .comment       0x00000046       0x47 CMakeFiles/freewili_display.dir/C_/Users/ch4zi/Desktop/free_wili/pico-sdk/src/rp2_common/pico_standard_link/binary_info.c.obj
 .comment       0x00000046       0x47 CMakeFiles/freewili_display.dir/C_/Users/ch4zi/Desktop/free_wili/pico-sdk/src/rp2_common/pico_stdio/stdio.c.obj
 .comment       0x00000046       0x47 CMakeFiles/freewili_display.dir/C_/Users/ch4zi/Desktop/free_wili/pico-sdk/src/rp2_common/pico_multicore/multicore.c.obj
 .comment       0x00000046       0x47 CMakeFiles/freewili_display.dir/C_/Users/ch4zi/Desktop/free_wili/pico-sdk/src/rp2_common/hardware_spi/spi.c.obj
 .comment       0x00000046       0x47 CMakeFiles/freewili_display.dir/C_/Users/ch4zi/Desktop/free_wili/pico-sdk/src/rp2_common/hardware_i2c/i2c.c.obj
 .comment       0x00000046       0x47 CMakeFiles/freewili_display.dir/C_/Users/ch4zi/Desktop/free_wili/pico-sdk/src/rp2_common/hardware_pio/pio.c.obj

.debug_line_str
                0x00000000       0xcd
 .debug_line_str
                0x00000000       0xcd C:/PROGRA~2/ARMGNU~1/142BCE~1.3RE/bin/../lib/gcc/arm-none-eabi/14.3.1/thumb/v6-m/nofp\libgcc.a(_dvmd_tls.o)

.debug_frame    0x00000000       0xb0
 .debug_frame   0x00000000       0x34 C:/PROGRA~2/ARMGNU~1/142BCE~1.3RE/bin/../lib/gcc/arm-none-eabi/14.3.1/../../../../arm-none-eabi/lib/thumb/v6-m/nofp\libc.a(libc_a-memmove.o)