Archive member included to satisfy reference by file (symbol)

C:/PROGRA~2/ARMGNU~1/142BCE~1.3RE/bin/../lib/gcc/arm-none-eabi/14.3.1/thumb/v6-m/nofp\libgcc.a(_dvmd_tls.o)
                              CMakeFiles/freewili_main.dir/C_/Users/ch4zi/Desktop/free_wili/pico-sdk/src/rp2_common/pico_divider/divider.S.obj (__aeabi_idiv0)
C:/PROGRA~2/ARMGNU~1/142BCE~1.3RE/bin/../lib/gcc/arm-none-eabi/14.3.1/../../../../arm-none-eabi/lib/thumb/v6-m/nofp\libc.a(libc_a-abort.o)
                              CMakeFiles/freewili_main.dir/lib/wasm3/source/m3_core.c.obj (abort)
C:/PROGRA~2/ARMGNU~1/142BCE~1.3RE/bin/../lib/gcc/arm-none-eabi/14.3.1/../../../../arm-none-eabi/lib/thumb/v6-m/nofp\libc.a(libc_a-atoi.o)
                              CMakeFiles/freewili_main.dir/src/tool_ghost.c.obj (atoi)
C:/PROGRA~2/ARMGNU~1/142BCE~1.3RE/bin/../lib/gcc/arm-none-eabi/14.3.1/../../../../arm-none-eabi/lib/thumb/v6-m/nofp\libc.a(libc_a-calloc.o)
                              CMakeFiles/freewili_main.dir/C_/Users/ch4zi/Desktop/free_wili/pico-sdk/src/rp2_common/pico_malloc/pico_malloc.c.obj (calloc)
C:/PROGRA~2/ARMGNU~1/142BCE~1.3RE/bin/../lib/gcc/arm-none-eabi/14.3.1/../../../../arm-none-eabi/lib/thumb/v6-m/nofp\libc.a(libc_a-callocr.o)
                              C:/PROGRA~2/ARMGNU~1/142BCE~1.3RE/bin/../lib/gcc/arm-none-eabi/14.3.1/../../../../arm-none-eabi/lib/thumb/v6-m/nofp\libc.a(libc_a-calloc.o) (_calloc_r)
C:/PROGRA~2/ARMGNU~1/142BCE~1.3RE/bin/../lib/gcc/arm-none-eabi/14.3.1/../../../../arm-none-eabi/lib/thumb/v6-m/nofp\libc.a(libc_a-malloc.o)
                              CMakeFiles/freewili_main.dir/C_/Users/ch4zi/Desktop/free_wili/pico-sdk/src/rp2_common/pico_malloc/pico_malloc.c.obj (malloc)
C:/PROGRA~2/ARMGNU~1/142BCE~1.3RE/bin/../lib/gcc/arm-none-eabi/14.3.1/../../../../arm-none-eabi/lib/thumb/v6-m/nofp\libc.a(libc_a-mallocr.o)
                              C:/PROGRA~2/ARMGNU~1/142BCE~1.3RE/bin/../lib/gcc/arm-none-eabi/14.3.1/../../../../arm-none-eabi/lib/thumb/v6-m/nofp\libc.a(libc_a-callocr.o) (_malloc_r)
C:/PROGRA~2/ARMGNU~1/142BCE~1.3RE/bin/../lib/gcc/arm-none-eabi/14.3.1/../../../../arm-none-eabi/lib/thumb/v6-m/nofp\libc.a(libc_a-mlock.o)
                              C:/PROGRA~2/ARMGNU~1/142BCE~1.3RE/bin/../lib/gcc/arm-none-eabi/14.3.1/../../../../arm-none-eabi/lib/thumb/v6-m/nofp\libc.a(libc_a-mallocr.o) (__malloc_lock)
C:/PROGRA~2/ARMGNU~1/142BCE~1.3RE/bin/../lib/gcc/arm-none-eabi/14.3.1/../../../../arm-none-eabi/lib/thumb/v6-m/nofp\libc.a(libc_a-realloc.o)
                              CMakeFiles/freewili_main.dir/C_/Users/ch4zi/Desktop/free_wili/pico-sdk/src/rp2_common/pico_malloc/pico_malloc.c.obj (realloc)
C:/PROGRA~2/ARMGNU~1/142BCE~1.3RE/bin/../lib/gcc/arm-none-eabi/14.3.1/../../../../arm-none-eabi/lib/thumb/v6-m/nofp\libc.a(libc_a-reallocr.o)
                              C:/PROGRA~2/ARMGNU~1/142BCE~1.3RE/bin/../lib/gcc/arm-none-eabi/14.3.1/../../../../arm-none-eabi/lib/thumb/v6-m/nofp\libc.a(libc_a-realloc.o) (_realloc_r)
C:/PROGRA~2/ARMGNU~1/142BCE~1.3RE/bin/../lib/gcc/arm-none-eabi/14.3.1/../../../../arm-none-eabi/lib/thumb/v6-m/nofp\libc.a(libc_a-strtol.o)
                              C:/PROGRA~2/ARMGNU~1/142BCE~1.3RE/bin/../lib/gcc/arm-none-eabi/14.3.1/../../../../arm-none-eabi/lib/thumb/v6-m/nofp\libc.a(libc_a-atoi.o) (_strtol_r)
C:/PROGRA~2/ARMGNU~1/142BCE~1.3RE/bin/../lib/gcc/arm-none-eabi/14.3.1/../../../../arm-none-eabi/lib/thumb/v6-m/nofp\libc.a(libc_a-strtoul.o)
                              CMakeFiles/freewili_main.dir/lib/wasm3/source/m3_env.c.obj (strtoul)
C:/PROGRA~2/ARMGNU~1/142BCE~1.3RE/bin/../lib/gcc/arm-none-eabi/14.3.1/../../../../arm-none-eabi/lib/thumb/v6-m/nofp\libc.a(libc_a-strtoull.o)
                              CMakeFiles/freewili_main.dir/lib/wasm3/source/m3_env.c.obj (strtoull)
C:/PROGRA~2/ARMGNU~1/142BCE~1.3RE/bin/../lib/gcc/arm-none-eabi/14.3.1/../../../../arm-none-eabi/lib/thumb/v6-m/nofp\libc.a(libc_a-ctype_.o)
                              C:/PROGRA~2/ARMGNU~1/142BCE~1.3RE/bin/../lib/gcc/arm-none-eabi/14.3.1/../../../../arm-none-eabi/lib/thumb/v6-m/nofp\libc.a(libc_a-strtol.o) (_ctype_)
C:/PROGRA~2/ARMGNU~1/142BCE~1.3RE/bin/../lib/gcc/arm-none-eabi/14.3.1/../../../../arm-none-eabi/lib/thumb/v6-m/nofp\libc.a(libc_a-memcmp.o)
                              CMakeFiles/freewili_main.dir/lib/littlefs/lfs.c.obj (memcmp)
C:/PROGRA~2/ARMGNU~1/142BCE~1.3RE/bin/../lib/gcc/arm-none-eabi/14.3.1/../../../../arm-none-eabi/lib/thumb/v6-m/nofp\libc.a(libc_a-memmove.o)
                              CMakeFiles/freewili_main.dir/src/tool_ghost.c.obj (memmove)
C:/PROGRA~2/ARMGNU~1/142BCE~1.3RE/bin/../lib/gcc/arm-none-eabi/14.3.1/../../../../arm-none-eabi/lib/thumb/v6-m/nofp\libc.a(libc_a-strchr.o)
                              CMakeFiles/freewili_main.dir/lib/littlefs/lfs.c.obj (strchr)
C:/PROGRA~2/ARMGNU~1/142BCE~1.3RE/bin/../lib/gcc/arm-none-eabi/14.3.1/../../../../arm-none-eabi/lib/thumb/v6-m/nofp\libc.a(libc_a-strcspn.o)
[...]
Memory Configuration

Name             Origin             Length             Attributes
FLASH            0x10000000         0x00200000         xr
RAM              0x20000000         0x00040000         xrw
SCRATCH_X        0x20040000         0x00001000         xrw
SCRATCH_Y        0x20041000         0x00001000         xrw
*default*        0x00000000         0xffffffff

Linker script and memory map

LOAD C:/PROGRA~2/ARMGNU~1/142BCE~1.3RE/bin/../lib/gcc/arm-none-eabi/14.3.1/thumb/v6-m/nofp/crti.o
LOAD C:/PROGRA~2/ARMGNU~1/142BCE~1.3RE/bin/../lib/gcc/arm-none-eabi/14.3.1/thumb/v6-m/nofp/crtbegin.o
LOAD C:/PROGRA~2/ARMGNU~1/142BCE~1.3RE/bin/../lib/gcc/arm-none-eabi/14.3.1/../../../../arm-none-eabi/lib/thumb/v6-m/nofp/crt0.o

.flash_begin    0x10000000        0x0
                0x10000000                        __flash_binary_start = .

.boot2          0x10000000      0x100
                0x10000000                        __boot2_start__ = .
 *(.boot2)
 .boot2         0x10000000      0x100 C:\Users\ch4zi\AppData\Local\Temp\ccQtsSep.o
                0x10000100                        __boot2_end__ = .
                0x00000001                        ASSERT (((__boot2_end__ - __boot2_start__) == 0x100), ERROR: Pico second stage bootloader must be 256 bytes in size)

.text           0x10000100    0x28118
                0x10000100                        __logical_binary_start = .
 *(.vectors)
 .vectors       0x10000100       0xd4 CMakeFiles/freewili_main.dir/C_/Users/ch4zi/Desktop/free_wili/pico-sdk/src/rp2_common/pico_standard_link/crt0.S.obj
                0x10000100                __VECTOR_TABLE
                0x10000100                __vectors
                0x100001c0                isr_invalid
                0x100001c0                __default_isrs_start
                0x100001c2                isr_nmi
                0x100001c4                isr_hardfault
                0x100001c6                isr_svcall
                0x100001c8                isr_pendsv
                0x100001ca                isr_systick
                0x100001cc                isr_irq23
                0x100001cc                isr_irq18
                0x100001cc                isr_irq11
                0x100001cc                isr_irq28
                0x100001cc                isr_irq19
                0x100001cc                isr_irq0
                0x100001cc                isr_irq6
                0x100001cc                isr_irq5
                0x100001cc                isr_irq12
                0x100001cc                isr_irq22
                0x100001cc                isr_irq31
                0x100001cc                isr_irq17
                0x100001cc                isr_irq27
                0x100001cc                isr_irq30
                0x100001cc                isr_irq2
                0x100001cc                isr_irq10
                0x100001cc                isr_irq8
                0x100001cc                isr_irq24
                0x100001cc                isr_irq1
                0x100001cc                isr_irq7
                0x100001cc                isr_irq21
                0x100001cc                isr_irq20
                0x100001cc                isr_irq15
                0x100001cc                isr_irq25
                0x100001cc                isr_irq13
                0x100001cc                __unhandled_user_irq
                0x100001cc                isr_irq4
                0x100001cc                isr_irq16
                0x100001cc                isr_irq29
                0x100001cc                isr_irq26
                0x100001cc                __default_isrs_end
                0x100001cc                isr_irq3
                0x100001cc                isr_irq14
                0x100001cc                isr_irq9
                0x100001d2                unhandled_user_irq_num_in_r0
 *(.binary_info_header)
 .binary_info_header
                0x100001d4       0x14 CMakeFiles/freewili_main.dir/C_/Users/ch4zi/Desktop/free_wili/pico-sdk/src/rp2_common/pico_standard_link/crt0.S.obj
                0x100001e8                        __binary_info_header_end = .
 *(.reset)
 .reset         0x100001e8       0xa0 CMakeFiles/freewili_main.dir/C_/Users/ch4zi/Desktop/free_wili/pico-sdk/src/rp2_common/pico_standard_link/crt0.S.obj
                0x100001e8                _entry_point
 .reset         0x10000288       0x30 CMakeFiles/freewili_main.dir/C_/Users/ch4zi/Desktop/free_wili/pico-sdk/src/rp2_common/pico_standard_link/binary_info.c.obj
 *(.init)
 .init          0x100002b8        0x4 C:/PROGRA~2/ARMGNU~1/142BCE~1.3RE/bin/../lib/gcc/arm-none-eabi/14.3.1/thumb/v6-m/nofp/crti.o
                0x100002b8                _init
 *(EXCLUDE_FILE(*libm.a: *libc.a:*lib_a-mem*.o *libgcc.a:) .text*)
 .text.register_tm_clones
                0x100002bc       0x28 C:/PROGRA~2/ARMGNU~1/142BCE~1.3RE/bin/../lib/gcc/arm-none-eabi/14.3.1/thumb/v6-m/nofp/crtbegin.o
 .text.frame_dummy
                0x100002e4       0x24 C:/PROGRA~2/ARMGNU~1/142BCE~1.3RE/bin/../lib/gcc/arm-none-eabi/14.3.1/thumb/v6-m/nofp/crtbegin.o
 .text.serial_list_apps_cb
                0x10000308       0x1c CMakeFiles/freewili_main.dir/src/main.c.obj
                0x10000308                serial_list_apps_cb
 .text.core1_entry
                0x10000324       0x34 CMakeFiles/freewili_main.dir/src/main.c.obj
 .text.probe_radio
                0x10000358       0x78 CMakeFiles/freewili_main.dir/src/main.c.obj
 .text.ipp_send_display
                0x100003d0       0x54 CMakeFiles/freewili_main.dir/src/main.c.obj
 .text.ipp_send_orca
                0x10000424       0x54 CMakeFiles/freewili_main.dir/src/main.c.obj
 .text.fpga_write_io_dir.isra.0
                0x10000478       0xf0 CMakeFiles/freewili_main.dir/src/main.c.obj
 .text.send_main_menu
                0x10000568       0xe0 CMakeFiles/freewili_main.dir/src/main.c.obj
 .text.probe_orca
                0x10000648      0x330 CMakeFiles/freewili_main.dir/src/main.c.obj
 .text.tool_orca_raw_read
                0x10000978       0x48 CMakeFiles/freewili_main.dir/src/main.c.obj
                0x10000978                tool_orca_raw_read
 .text.tool_orca_raw_flush
                0x100009c0       0x14 CMakeFiles/freewili_main.dir/src/main.c.obj
                0x100009c0                tool_orca_raw_flush
 .text.tool_orca_raw_send
                0x100009d4       0x2c CMakeFiles/freewili_main.dir/src/main.c.obj
                0x100009d4                tool_orca_raw_send
 .text.tool_poll_button
                0x10000a00       0x78 CMakeFiles/freewili_main.dir/src/main.c.obj
                0x10000a00                tool_poll_button
 .text.tool_flush_buttons
                0x10000a78       0x14 CMakeFiles/freewili_main.dir/src/main.c.obj
                0x10000a78                tool_flush_buttons
 .text.startup.main
                0x10000a8c     0x1ed0 CMakeFiles/freewili_main.dir/src/main.c.obj
                0x10000a8c                main
 .text.tool_engine_init
                0x1000295c       0x44 CMakeFiles/freewili_main.dir/src/tool.c.obj
                0x1000295c                tool_engine_init
 .text.tool_engine_set_orca_send
                0x100029a0        0xc CMakeFiles/freewili_main.dir/src/tool.c.obj
                0x100029a0                tool_engine_set_orca_send
 .text.tool_engine_set_hw
                0x100029ac       0x30 CMakeFiles/freewili_main.dir/src/tool.c.obj
                0x100029ac                tool_engine_set_hw
 .text.tool_register
                0x100029dc       0x30 CMakeFiles/freewili_main.dir/src/tool.c.obj
                0x100029dc                tool_register
 .text.tool_count
                0x10002a0c        0xc CMakeFiles/freewili_main.dir/src/tool.c.obj
                0x10002a0c                tool_count
 .text.tool_get
                0x10002a18       0x20 CMakeFiles/freewili_main.dir/src/tool.c.obj
                0x10002a18                tool_get
 .text.tool_hw_available
                0x10002a38       0x6c CMakeFiles/freewili_main.dir/src/tool.c.obj
                0x10002a38                tool_hw_available
 .text.tool_launch
                0x10002aa4       0x98 CMakeFiles/freewili_main.dir/src/tool.c.obj
                0x10002aa4                tool_launch
 .text.tool_update
                0x10002b3c       0x48 CMakeFiles/freewili_main.dir/src/tool.c.obj
                0x10002b3c                tool_update
 .text.tool_on_button
                0x10002b84       0x54 CMakeFiles/freewili_main.dir/src/tool.c.obj
                0x10002b84                tool_on_button
 .text.tool_is_active
                0x10002bd8        0xc CMakeFiles/freewili_main.dir/src/tool.c.obj
                0x10002bd8                tool_is_active
 .text.tool_active_name
                0x10002be4       0x1c CMakeFiles/freewili_main.dir/src/tool.c.obj
                0x10002be4                tool_active_name
 .text.tool_send_display
                0x10002c00       0x14 CMakeFiles/freewili_main.dir/src/tool.c.obj
                0x10002c00                tool_send_display
 .text.tool_on_orca_msg
                0x10002c14       0x50 CMakeFiles/freewili_main.dir/src/tool.c.obj
                0x10002c14                tool_on_orca_msg
 .text.tool_on_display_msg
                0x10002c64       0x50 CMakeFiles/freewili_main.dir/src/tool.c.obj
                0x10002c64                tool_on_display_msg
 .text.tool_send_menu
                0x10002cb4       0xec CMakeFiles/freewili_main.dir/src/tool.c.obj
                0x10002cb4                tool_send_menu
 .text.tool_send_status_bar
                0x10002da0       0x70 CMakeFiles/freewili_main.dir/src/tool.c.obj
                0x10002da0                tool_send_status_bar
 .text.tool_send_toast
                0x10002e10       0x38 CMakeFiles/freewili_main.dir/src/tool.c.obj
                0x10002e10                tool_send_toast
 .text.tool_send_text_screen
                0x10002e48       0x84 CMakeFiles/freewili_main.dir/src/tool.c.obj
                0x10002e48                tool_send_text_screen
 .text.tool_send_screen_clear
                0x10002ecc       0x18 CMakeFiles/freewili_main.dir/src/tool.c.obj
                0x10002ecc                tool_send_screen_clear
 .text.cc1101_reset
                0x10002ee4       0x4c CMakeFiles/freewili_main.dir/src/cc1101.c.obj
                0x10002ee4                cc1101_reset
 .text.cc1101_write_reg
                0x10002f30       0x34 CMakeFiles/freewili_main.dir/src/cc1101.c.obj
                0x10002f30                cc1101_write_reg
 .text.cc1101_read_reg
                0x10002f64       0x44 CMakeFiles/freewili_main.dir/src/cc1101.c.obj
                0x10002f64                cc1101_read_reg
 .text.cc1101_read_status
                0x10002fa8       0x40 CMakeFiles/freewili_main.dir/src/cc1101.c.obj
                0x10002fa8                cc1101_read_status
 .text.cc1101_write_config
                0x10002fe8       0x68 CMakeFiles/freewili_main.dir/src/cc1101.c.obj
                0x10002fe8                cc1101_write_config
 .text.cc1101_set_freq
                0x10003050       0x84 CMakeFiles/freewili_main.dir/src/cc1101.c.obj
                0x10003050                cc1101_set_freq
 .text.cc1101_read_rssi_dbm
                0x100030d4       0x54 CMakeFiles/freewili_main.dir/src/cc1101.c.obj
                0x100030d4                cc1101_read_rssi_dbm
 .text.cc1101_idle
                0x10003128       0x34 CMakeFiles/freewili_main.dir/src/cc1101.c.obj
                0x10003128                cc1101_idle
 .text.cc1101_rx
                0x1000315c       0x34 CMakeFiles/freewili_main.dir/src/cc1101.c.obj
                0x1000315c                cc1101_rx
 .text.cc1101_write_patable
                0x10003190       0x40 CMakeFiles/freewili_main.dir/src/cc1101.c.obj
                0x10003190                cc1101_write_patable
 .text.cc1101_tx
                0x100031d0      0x190 CMakeFiles/freewili_main.dir/src/cc1101.c.obj
                0x100031d0                cc1101_tx
 .text.cc1101_rx_read
                0x10003360       0xbc CMakeFiles/freewili_main.dir/src/cc1101.c.obj
                0x10003360                cc1101_rx_read
 .text.lfs_flash_sync
                0x1000341c        0x4 CMakeFiles/freewili_main.dir/src/fs.c.obj
 .text.lfs_flash_erase
                0x10003420       0x30 CMakeFiles/freewili_main.dir/src/fs.c.obj
 .text.lfs_flash_prog
                0x10003450       0x34 CMakeFiles/freewili_main.dir/src/fs.c.obj
 .text.flash_erase_cb
                0x10003484        0xc CMakeFiles/freewili_main.dir/src/fs.c.obj
 .text.flash_prog_cb
                0x10003490        0xc CMakeFiles/freewili_main.dir/src/fs.c.obj
 .text.lfs_flash_read
                0x1000349c       0x20 CMakeFiles/freewili_main.dir/src/fs.c.obj
 .text.fs_init  0x100034bc       0xd0 CMakeFiles/freewili_main.dir/src/fs.c.obj
                0x100034bc                fs_init
 .text.fs_write
                0x1000358c       0x58 CMakeFiles/freewili_main.dir/src/fs.c.obj
                0x1000358c                fs_write
 .text.fs_read  0x100035e4       0x4c CMakeFiles/freewili_main.dir/src/fs.c.obj
                0x100035e4                fs_read
 .text.fs_list  0x10003630       0x78 CMakeFiles/freewili_main.dir/src/fs.c.obj
                0x10003630                fs_list
 .text.fs_delete
                0x100036a8       0x24 CMakeFiles/freewili_main.dir/src/fs.c.obj
                0x100036a8                fs_delete
 .text.fs_mkdir
                0x100036cc       0x30 CMakeFiles/freewili_main.dir/src/fs.c.obj
                0x100036cc                fs_mkdir
 .text.fs_exists
                0x100036fc       0x28 CMakeFiles/freewili_main.dir/src/fs.c.obj
                0x100036fc                fs_exists
 .text.fs_write2
                0x10003724       0x74 CMakeFiles/freewili_main.dir/src/fs.c.obj
                0x10003724                fs_write2
 .text.m3_app_gpio_read
                0x10003798       0x28 CMakeFiles/freewili_main.dir/src/wasm_api.c.obj
                0x10003798                m3_app_gpio_read
 .text.m3_app_gpio_write
                0x100037c0       0x2c CMakeFiles/freewili_main.dir/src/wasm_api.c.obj
                0x100037c0                m3_app_gpio_write
 .text.m3_app_get_time
                0x100037ec       0x10 CMakeFiles/freewili_main.dir/src/wasm_api.c.obj
                0x100037ec                m3_app_get_time
 .text.m3_app_get_battery_mv
                0x100037fc       0x14 CMakeFiles/freewili_main.dir/src/wasm_api.c.obj
                0x100037fc                m3_app_get_battery_mv
 .text.m3_app_get_charging
                0x10003810       0x14 CMakeFiles/freewili_main.dir/src/wasm_api.c.obj
                0x10003810                m3_app_get_charging
 .text.m3_app_wifi_scan_start
                0x10003824        0xc CMakeFiles/freewili_main.dir/src/wasm_api.c.obj
                0x10003824                m3_app_wifi_scan_start
 .text.m3_app_exit
                0x10003830       0x1c CMakeFiles/freewili_main.dir/src/wasm_api.c.obj
                0x10003830                m3_app_exit
 .text.m3_app_get_battery_pct
                0x1000384c       0x14 CMakeFiles/freewili_main.dir/src/wasm_api.c.obj
                0x1000384c                m3_app_get_battery_pct
 .text.m3_app_clear_screen
                0x10003860       0x10 CMakeFiles/freewili_main.dir/src/wasm_api.c.obj
                0x10003860                m3_app_clear_screen
 .text.m3_app_get_accel
                0x10003870       0x60 CMakeFiles/freewili_main.dir/src/wasm_api.c.obj
                0x10003870                m3_app_get_accel
 .text.m3_app_ir_recv
                0x100038d0       0xa0 CMakeFiles/freewili_main.dir/src/wasm_api.c.obj
                0x100038d0                m3_app_ir_recv
 .text.m3_app_draw_text
                0x10003970       0x90 CMakeFiles/freewili_main.dir/src/wasm_api.c.obj
                0x10003970                m3_app_draw_text
 .text.m3_app_draw_rect
                0x10003a00       0x38 CMakeFiles/freewili_main.dir/src/wasm_api.c.obj
                0x10003a00                m3_app_draw_rect
 .text.m3_app_draw_line
                0x10003a38       0x34 CMakeFiles/freewili_main.dir/src/wasm_api.c.obj
                0x10003a38                m3_app_draw_line
 .text.m3_app_fb_flip
                0x10003a6c       0x18 CMakeFiles/freewili_main.dir/src/wasm_api.c.obj
                0x10003a6c                m3_app_fb_flip
 .text.m3_app_draw_text_small
                0x10003a84       0x90 CMakeFiles/freewili_main.dir/src/wasm_api.c.obj
                0x10003a84                m3_app_draw_text_small
 .text.m3_app_set_pixel
                0x10003b14       0x34 CMakeFiles/freewili_main.dir/src/wasm_api.c.obj
                0x10003b14                m3_app_set_pixel
 .text.m3_app_draw_circle
                0x10003b48       0x34 CMakeFiles/freewili_main.dir/src/wasm_api.c.obj
                0x10003b48                m3_app_draw_circle
 .text.m3_app_set_backlight
                0x10003b7c       0x20 CMakeFiles/freewili_main.dir/src/wasm_api.c.obj
                0x10003b7c                m3_app_set_backlight
 .text.m3_app_progress
                0x10003b9c       0x68 CMakeFiles/freewili_main.dir/src/wasm_api.c.obj
                0x10003b9c                m3_app_progress
 .text.m3_app_set_led
                0x10003c04       0x34 CMakeFiles/freewili_main.dir/src/wasm_api.c.obj
                0x10003c04                m3_app_set_led
 .text.m3_app_ioexp_write
                0x10003c38       0x28 CMakeFiles/freewili_main.dir/src/wasm_api.c.obj
                0x10003c38                m3_app_ioexp_write
 .text.m3_app_ir_send
                0x10003c60       0x34 CMakeFiles/freewili_main.dir/src/wasm_api.c.obj
                0x10003c60                m3_app_ir_send
 .text.m3_app_toast
                0x10003c94       0x50 CMakeFiles/freewili_main.dir/src/wasm_api.c.obj
                0x10003c94                m3_app_toast
 .text.m3_app_radio_set_freq
                0x10003ce4       0x24 CMakeFiles/freewili_main.dir/src/wasm_api.c.obj
                0x10003ce4                m3_app_radio_set_freq
 .text.m3_app_radio2_set_freq
                0x10003d08       0x24 CMakeFiles/freewili_main.dir/src/wasm_api.c.obj
                0x10003d08                m3_app_radio2_set_freq
 .text.m3_app_radio_get_rssi
                0x10003d2c       0x18 CMakeFiles/freewili_main.dir/src/wasm_api.c.obj
                0x10003d2c                m3_app_radio_get_rssi
 .text.m3_app_radio2_get_rssi
                0x10003d44       0x18 CMakeFiles/freewili_main.dir/src/wasm_api.c.obj
                0x10003d44                m3_app_radio2_get_rssi
 .text.m3_app_radio_tx
                0x10003d5c       0x4c CMakeFiles/freewili_main.dir/src/wasm_api.c.obj
                0x10003d5c                m3_app_radio_tx
 .text.m3_app_radio2_tx
                0x10003da8       0x4c CMakeFiles/freewili_main.dir/src/wasm_api.c.obj
                0x10003da8                m3_app_radio2_tx
 .text.m3_app_radio_rx
                0x10003df4       0x50 CMakeFiles/freewili_main.dir/src/wasm_api.c.obj
                0x10003df4                m3_app_radio_rx
 .text.m3_app_radio_set_config
                0x10003e44      0x780 CMakeFiles/freewili_main.dir/src/wasm_api.c.obj
                0x10003e44                m3_app_radio_set_config
 .text.m3_app_fs_write
                0x100045c4       0xa4 CMakeFiles/freewili_main.dir/src/wasm_api.c.obj
                0x100045c4                m3_app_fs_write
 .text.m3_app_fs_read
                0x10004668       0xa4 CMakeFiles/freewili_main.dir/src/wasm_api.c.obj
                0x10004668                m3_app_fs_read
 .text.m3_app_fs_delete
                0x1000470c       0x80 CMakeFiles/freewili_main.dir/src/wasm_api.c.obj
                0x1000470c                m3_app_fs_delete
 .text.m3_app_fs_list
                0x1000478c       0x5c CMakeFiles/freewili_main.dir/src/wasm_api.c.obj
                0x1000478c                m3_app_fs_list
 .text.fs_list_wasm_cb
                0x100047e8       0x40 CMakeFiles/freewili_main.dir/src/wasm_api.c.obj
 .text.m3_app_ext_i2c_xfer
                0x10004828       0xf8 CMakeFiles/freewili_main.dir/src/wasm_api.c.obj
                0x10004828                m3_app_ext_i2c_xfer
 .text.m3_app_ext_spi_xfer
                0x10004920       0x74 CMakeFiles/freewili_main.dir/src/wasm_api.c.obj
                0x10004920                m3_app_ext_spi_xfer
 .text.m3_app_get_ticks
                0x10004994       0x2c CMakeFiles/freewili_main.dir/src/wasm_api.c.obj
                0x10004994                m3_app_get_ticks
 .text.m3_app_get_button
                0x100049c0       0x54 CMakeFiles/freewili_main.dir/src/wasm_api.c.obj
                0x100049c0                m3_app_get_button
 .text.m3_app_ioexp_read
                0x10004a14       0xb8 CMakeFiles/freewili_main.dir/src/wasm_api.c.obj
                0x10004a14                m3_app_ioexp_read
 .text.m3_app_sleep_ms
                0x10004acc       0x68 CMakeFiles/freewili_main.dir/src/wasm_api.c.obj
                0x10004acc                m3_app_sleep_ms
 .text.wasm_link_all.part.0
                0x10004b34      0x7ac CMakeFiles/freewili_main.dir/src/wasm_api.c.obj
 .text.m3_app_audio_tone
                0x100052e0        0xc CMakeFiles/freewili_main.dir/src/wasm_api.c.obj
                0x100052e0                m3_app_audio_tone
 .text.m3_app_mic_read
                0x100052ec       0x10 CMakeFiles/freewili_main.dir/src/wasm_api.c.obj
                0x100052ec                m3_app_mic_read
 .text.m3_app_ble_scan_start
                0x100052fc        0xc CMakeFiles/freewili_main.dir/src/wasm_api.c.obj
                0x100052fc                m3_app_ble_scan_start
 .text.m3_app_ext_uart_write
                0x10005308       0x10 CMakeFiles/freewili_main.dir/src/wasm_api.c.obj
                0x10005308                m3_app_ext_uart_write
 .text.m3_app_ext_uart_read
                0x10005318       0x10 CMakeFiles/freewili_main.dir/src/wasm_api.c.obj
                0x10005318                m3_app_ext_uart_read
 .text.m3_app_wifi_scan_get
                0x10005328       0x10 CMakeFiles/freewili_main.dir/src/wasm_api.c.obj
                0x10005328                m3_app_wifi_scan_get
 .text.m3_app_ble_scan_get
                0x10005338       0x10 CMakeFiles/freewili_main.dir/src/wasm_api.c.obj
                0x10005338                m3_app_ble_scan_get
 .text.m3_app_wait_button
                0x10005348       0x5c CMakeFiles/freewili_main.dir/src/wasm_api.c.obj
                0x10005348                m3_app_wait_button
 .text.wasm_load
                0x100053a4      0x1d4 CMakeFiles/freewili_main.dir/src/wasm_api.c.obj
                0x100053a4                wasm_load
 .text.wasm_run
                0x10005578       0x9c CMakeFiles/freewili_main.dir/src/wasm_api.c.obj
                0x10005578                wasm_run
 .text.wasm_stop
                0x10005614       0x40 CMakeFiles/freewili_main.dir/src/wasm_api.c.obj
                0x10005614                wasm_stop
 .text.subghz_exit
                0x10005654        0xc CMakeFiles/freewili_main.dir/src/tool_subghz.c.obj
 .text.show_scan_progress
                0x10005660      0x248 CMakeFiles/freewili_main.dir/src/tool_subghz.c.obj
 .text.show_captured
                0x100058a8      0x100 CMakeFiles/freewili_main.dir/src/tool_subghz.c.obj
 .text.show_results
                0x100059a8      0x248 CMakeFiles/freewili_main.dir/src/tool_subghz.c.obj
 .text.show_saved_list
                0x10005bf0      0x15c CMakeFiles/freewili_main.dir/src/tool_subghz.c.obj
 .text.do_replay
                0x10005d4c       0x8c CMakeFiles/freewili_main.dir/src/tool_subghz.c.obj
 .text.list_cb  0x10005dd8       0x3c CMakeFiles/freewili_main.dir/src/tool_subghz.c.obj
 .text.subghz_update
                0x10005e14      0x668 CMakeFiles/freewili_main.dir/src/tool_subghz.c.obj
 .text.show_capturing.isra.0
                0x1000647c       0x88 CMakeFiles/freewili_main.dir/src/tool_subghz.c.obj
 .text.start_capture
                0x10006504       0x90 CMakeFiles/freewili_main.dir/src/tool_subghz.c.obj
 .text.start_scan.isra.0
                0x10006594      0x194 CMakeFiles/freewili_main.dir/src/tool_subghz.c.obj
 .text.subghz_enter
                0x10006728       0xb8 CMakeFiles/freewili_main.dir/src/tool_subghz.c.obj
 .text.subghz_on_button
                0x100067e0      0x4cc CMakeFiles/freewili_main.dir/src/tool_subghz.c.obj
 .text.ghost_exit
                0x10006cac       0xa8 CMakeFiles/freewili_main.dir/src/tool_ghost.c.obj
 .text.show_ap_table
                0x10006d54      0x18c CMakeFiles/freewili_main.dir/src/tool_ghost.c.obj
 .text.process_line
                0x10006ee0      0x398 CMakeFiles/freewili_main.dir/src/tool_ghost.c.obj
 .text.ghost_enter
                0x10007278       0x90 CMakeFiles/freewili_main.dir/src/tool_ghost.c.obj
 .text.ghost_update
                0x10007308      0x418 CMakeFiles/freewili_main.dir/src/tool_ghost.c.obj
 .text.ghost_on_button
                0x10007720     0x1030 CMakeFiles/freewili_main.dir/src/tool_ghost.c.obj
 .text.show_i2c_results
                0x10008750      0x180 CMakeFiles/freewili_main.dir/src/tool_bus.c.obj
 .text.bus_on_display_msg
                0x100088d0      0x15c CMakeFiles/freewili_main.dir/src/tool_bus.c.obj
 .text.show_i2c_progress
                0x10008a2c       0x9c CMakeFiles/freewili_main.dir/src/tool_bus.c.obj
 .text.show_passthru
                0x10008ac8       0x98 CMakeFiles/freewili_main.dir/src/tool_bus.c.obj
 .text.bus_update
                0x10008b60      0x1d0 CMakeFiles/freewili_main.dir/src/tool_bus.c.obj
 .text.bus_exit
                0x10008d30       0x48 CMakeFiles/freewili_main.dir/src/tool_bus.c.obj
 .text.bus_enter
                0x10008d78       0x40 CMakeFiles/freewili_main.dir/src/tool_bus.c.obj
 .text.bus_on_button
                0x10008db8      0x284 CMakeFiles/freewili_main.dir/src/tool_bus.c.obj
 .text.gpio_exit
                0x1000903c        0x4 CMakeFiles/freewili_main.dir/src/tool_gpio.c.obj
 .text.show_gpio_screen
                0x10009040       0xfc CMakeFiles/freewili_main.dir/src/tool_gpio.c.obj
 .text.gpio_on_button
                0x1000913c       0xa0 CMakeFiles/freewili_main.dir/src/tool_gpio.c.obj
 .text.gpio_update
                0x100091dc       0x54 CMakeFiles/freewili_main.dir/src/tool_gpio.c.obj
 .text.gpio_enter
                0x10009230       0x3c CMakeFiles/freewili_main.dir/src/tool_gpio.c.obj
 .text.ir_update
                0x1000926c        0x4 CMakeFiles/freewili_main.dir/src/tool_ir.c.obj
 .text.ir_exit  0x10009270        0x4 CMakeFiles/freewili_main.dir/src/tool_ir.c.obj
 .text.show_receive_screen
                0x10009274      0x154 CMakeFiles/freewili_main.dir/src/tool_ir.c.obj
 .text.ir_on_display_msg
                0x100093c8       0x5c CMakeFiles/freewili_main.dir/src/tool_ir.c.obj
 .text.show_replay_screen
                0x10009424      0x104 CMakeFiles/freewili_main.dir/src/tool_ir.c.obj
 .text.ir_enter
                0x10009528       0x40 CMakeFiles/freewili_main.dir/src/tool_ir.c.obj
 .text.ir_on_button
                0x10009568      0x17c CMakeFiles/freewili_main.dir/src/tool_ir.c.obj
 .text.settings_update
                0x100096e4        0x4 CMakeFiles/freewili_main.dir/src/tool_settings.c.obj
 .text.settings_exit
                0x100096e8        0x4 CMakeFiles/freewili_main.dir/src/tool_settings.c.obj
 .text.settings_flash_write_cb
                0x100096ec       0x3c CMakeFiles/freewili_main.dir/src/tool_settings.c.obj
 .text.show_settings
                0x10009728      0x124 CMakeFiles/freewili_main.dir/src/tool_settings.c.obj
 .text.settings_load.constprop.0
                0x1000984c      0x130 CMakeFiles/freewili_main.dir/src/tool_settings.c.obj
 .text.settings_enter
                0x1000997c       0x48 CMakeFiles/freewili_main.dir/src/tool_settings.c.obj
 .text.settings_on_button
                0x100099c4      0x25c CMakeFiles/freewili_main.dir/src/tool_settings.c.obj
 .text.settings_get_brightness
                0x10009c20        0xc CMakeFiles/freewili_main.dir/src/tool_settings.c.obj
                0x10009c20                settings_get_brightness
 .text.settings_get_sleep_min
                0x10009c2c        0xc CMakeFiles/freewili_main.dir/src/tool_settings.c.obj
                0x10009c2c                settings_get_sleep_min
 .text.settings_boot_apply
                0x10009c38       0x80 CMakeFiles/freewili_main.dir/src/tool_settings.c.obj
                0x10009c38                settings_boot_apply
 .text.about_update
                0x10009cb8        0x4 CMakeFiles/freewili_main.dir/src/tool_about.c.obj
 .text.about_on_button
                0x10009cbc       0x10 CMakeFiles/freewili_main.dir/src/tool_about.c.obj
 .text.about_exit
                0x10009ccc        0x4 CMakeFiles/freewili_main.dir/src/tool_about.c.obj
 .text.show_about
                0x10009cd0      0x184 CMakeFiles/freewili_main.dir/src/tool_about.c.obj
 .text.about_enter
                0x10009e54       0x18 CMakeFiles/freewili_main.dir/src/tool_about.c.obj
 .text.apps_update
                0x10009e6c        0x4 CMakeFiles/freewili_main.dir/src/tool_apps.c.obj
 .text.apps_exit
                0x10009e70       0x1c CMakeFiles/freewili_main.dir/src/tool_apps.c.obj
 .text.scan_cb  0x10009e8c       0x50 CMakeFiles/freewili_main.dir/src/tool_apps.c.obj
 .text.show_browser
                0x10009edc      0x184 CMakeFiles/freewili_main.dir/src/tool_apps.c.obj
 .text.apps_enter
                0x1000a060       0x3c CMakeFiles/freewili_main.dir/src/tool_apps.c.obj
 .text.apps_on_button
                0x1000a09c      0x280 CMakeFiles/freewili_main.dir/src/tool_apps.c.obj
 .text.ipp_encode.part.0
                0x1000a31c      0x128 CMakeFiles/freewili_main.dir/C_/Users/ch4zi/Desktop/free_wili/akhlut/common/ipp.c.obj
 .text.ipp_build
                0x1000a444       0x64 CMakeFiles/freewili_main.dir/C_/Users/ch4zi/Desktop/free_wili/akhlut/common/ipp.c.obj
                0x1000a444                ipp_build
 .text.ipp_rx_init
                0x1000a4a8       0x24 CMakeFiles/freewili_main.dir/C_/Users/ch4zi/Desktop/free_wili/akhlut/common/ipp.c.obj
                0x1000a4a8                ipp_rx_init
 .text.lfs_dir_traverse_filter
                0x1000a4cc       0x80 CMakeFiles/freewili_main.dir/lib/littlefs/lfs.c.obj
 .text.lfs_dir_commit_size
                0x1000a54c       0x1c CMakeFiles/freewili_main.dir/lib/littlefs/lfs.c.obj
 .text.lfs_bd_read
                0x1000a568      0x2e4 CMakeFiles/freewili_main.dir/lib/littlefs/lfs.c.obj
 .text.lfs_fs_parent_match
                0x1000a84c       0x48 CMakeFiles/freewili_main.dir/lib/littlefs/lfs.c.obj
 .text.lfs_bd_read.constprop.0
                0x1000a894      0x160 CMakeFiles/freewili_main.dir/lib/littlefs/lfs.c.obj
 .text.lfs_bd_flush
                0x1000a9f4       0xd8 CMakeFiles/freewili_main.dir/lib/littlefs/lfs.c.obj
 .text.lfs_bd_prog.constprop.0
                0x1000aacc       0xd0 CMakeFiles/freewili_main.dir/lib/littlefs/lfs.c.obj
 .text.lfs_dir_getgstate
                0x1000ab9c       0xf4 CMakeFiles/freewili_main.dir/lib/littlefs/lfs.c.obj
 .text.lfs_dir_getslice.constprop.2
                0x1000ac90      0x17c CMakeFiles/freewili_main.dir/lib/littlefs/lfs.c.obj
 .text.lfs_dir_getslice.constprop.1
                0x1000ae0c      0x174 CMakeFiles/freewili_main.dir/lib/littlefs/lfs.c.obj
 .text.lfs_dir_getslice.constprop.0
                0x1000af80      0x174 CMakeFiles/freewili_main.dir/lib/littlefs/lfs.c.obj
 .text.lfs_dir_traverse.constprop.0
                0x1000b0f4      0x2f0 CMakeFiles/freewili_main.dir/lib/littlefs/lfs.c.obj
 .text.lfs_ctz_find.constprop.0
                0x1000b3e4      0x100 CMakeFiles/freewili_main.dir/lib/littlefs/lfs.c.obj
 .text.lfs_file_flushedread
                0x1000b4e4      0x1f0 CMakeFiles/freewili_main.dir/lib/littlefs/lfs.c.obj
 .text.lfs_init
                0x1000b6d4      0x164 CMakeFiles/freewili_main.dir/lib/littlefs/lfs.c.obj
 .text.lfs_ctz_traverse.part.0.constprop.0
                0x1000b838       0xbc CMakeFiles/freewili_main.dir/lib/littlefs/lfs.c.obj
 .text.lfs_dir_getinfo
                0x1000b8f4      0x208 CMakeFiles/freewili_main.dir/lib/littlefs/lfs.c.obj
 .text.lfs_dir_find_match
                0x1000bafc       0xa0 CMakeFiles/freewili_main.dir/lib/littlefs/lfs.c.obj
 .text.lfs_dir_fetchmatch
                0x1000bb9c      0x5b8 CMakeFiles/freewili_main.dir/lib/littlefs/lfs.c.obj
 .text.lfs_fs_parent
                0x1000c154       0xf8 CMakeFiles/freewili_main.dir/lib/littlefs/lfs.c.obj
 .text.lfs_fs_pred
                0x1000c24c       0xc8 CMakeFiles/freewili_main.dir/lib/littlefs/lfs.c.obj
 .text.lfs_dir_find
                0x1000c314      0x1bc CMakeFiles/freewili_main.dir/lib/littlefs/lfs.c.obj
 .text.lfs_fs_traverse_.constprop.0
                0x1000c4d0      0x1b4 CMakeFiles/freewili_main.dir/lib/littlefs/lfs.c.obj
 .text.lfs_dir_commitprog
                0x1000c684      0x120 CMakeFiles/freewili_main.dir/lib/littlefs/lfs.c.obj
 .text.lfs_dir_alloc
                0x1000c7a4      0x674 CMakeFiles/freewili_main.dir/lib/littlefs/lfs.c.obj
 .text.lfs_alloc
                0x1000ce18      0x5c8 CMakeFiles/freewili_main.dir/lib/littlefs/lfs.c.obj
 .text.lfs_file_relocate
                0x1000d3e0      0x234 CMakeFiles/freewili_main.dir/lib/littlefs/lfs.c.obj
 .text.lfs_file_flushedwrite
                0x1000d614      0x3a4 CMakeFiles/freewili_main.dir/lib/littlefs/lfs.c.obj
 .text.lfs_file_flush
                0x1000d9b8      0x13c CMakeFiles/freewili_main.dir/lib/littlefs/lfs.c.obj
 .text.lfs_dir_commit_commit
                0x1000daf4       0xdc CMakeFiles/freewili_main.dir/lib/littlefs/lfs.c.obj
 .text.lfs_dir_commitcrc
                0x1000dbd0      0x3fc CMakeFiles/freewili_main.dir/lib/littlefs/lfs.c.obj
 .text.lfs_dir_compact
                0x1000dfcc      0x2f0 CMakeFiles/freewili_main.dir/lib/littlefs/lfs.c.obj
 .text.lfs_dir_splittingcompact.constprop.0
                0x1000e2bc      0x910 CMakeFiles/freewili_main.dir/lib/littlefs/lfs.c.obj
 .text.lfs_dir_relocatingcommit
                0x1000ebcc      0x658 CMakeFiles/freewili_main.dir/lib/littlefs/lfs.c.obj
 .text.lfs_dir_relocatingcommit.constprop.0
                0x1000f224      0x3cc CMakeFiles/freewili_main.dir/lib/littlefs/lfs.c.obj
 .text.lfs_dir_orphaningcommit
                0x1000f5f0      0x438 CMakeFiles/freewili_main.dir/lib/littlefs/lfs.c.obj
 .text.lfs_fs_deorphan
                0x1000fa28      0x2f8 CMakeFiles/freewili_main.dir/lib/littlefs/lfs.c.obj
 .text.lfs_file_sync_.part.0
                0x1000fd20      0x164 CMakeFiles/freewili_main.dir/lib/littlefs/lfs.c.obj
 .text.lfs_fs_forceconsistency
                0x1000fe84      0x144 CMakeFiles/freewili_main.dir/lib/littlefs/lfs.c.obj
 .text.lfs_file_opencfg_
                0x1000ffc8      0x344 CMakeFiles/freewili_main.dir/lib/littlefs/lfs.c.obj
 .text.lfs_format
                0x1001030c      0x140 CMakeFiles/freewili_main.dir/lib/littlefs/lfs.c.obj
                0x1001030c                lfs_format
 .text.lfs_mount
                0x1001044c      0x32c CMakeFiles/freewili_main.dir/lib/littlefs/lfs.c.obj
                0x1001044c                lfs_mount
 .text.lfs_remove
                0x10010778      0x2bc CMakeFiles/freewili_main.dir/lib/littlefs/lfs.c.obj
                0x10010778                lfs_remove
 .text.lfs_stat
                0x10010a34       0x48 CMakeFiles/freewili_main.dir/lib/littlefs/lfs.c.obj
                0x10010a34                lfs_stat
 .text.lfs_file_open
                0x10010a7c       0x14 CMakeFiles/freewili_main.dir/lib/littlefs/lfs.c.obj
                0x10010a7c                lfs_file_open
 .text.lfs_file_close
                0x10010a90       0x60 CMakeFiles/freewili_main.dir/lib/littlefs/lfs.c.obj
                0x10010a90                lfs_file_close
 .text.lfs_file_read
                0x10010af0       0x28 CMakeFiles/freewili_main.dir/lib/littlefs/lfs.c.obj
                0x10010af0                lfs_file_read
 .text.lfs_file_write
                0x10010b18       0x98 CMakeFiles/freewili_main.dir/lib/littlefs/lfs.c.obj
                0x10010b18                lfs_file_write
 .text.lfs_mkdir
                0x10010bb0      0x1f4 CMakeFiles/freewili_main.dir/lib/littlefs/lfs.c.obj
                0x10010bb0                lfs_mkdir
 .text.lfs_dir_open
                0x10010da4       0x98 CMakeFiles/freewili_main.dir/lib/littlefs/lfs.c.obj
                0x10010da4                lfs_dir_open
 .text.lfs_dir_close
                0x10010e3c       0x20 CMakeFiles/freewili_main.dir/lib/littlefs/lfs.c.obj
                0x10010e3c                lfs_dir_close
 .text.lfs_dir_read
                0x10010e5c       0xd4 CMakeFiles/freewili_main.dir/lib/littlefs/lfs.c.obj
                0x10010e5c                lfs_dir_read
 .text.lfs_fs_stat
                0x10010f30       0x6c CMakeFiles/freewili_main.dir/lib/littlefs/lfs.c.obj
                0x10010f30                lfs_fs_stat
 .text.lfs_crc  0x10010f9c       0x34 CMakeFiles/freewili_main.dir/lib/littlefs/lfs_util.c.obj
                0x10010f9c                lfs_crc
 .text.m3_Yield
                0x10010fd0        0x4 CMakeFiles/freewili_main.dir/lib/wasm3/source/m3_core.c.obj
                0x10010fd0                m3_Yield
 .text.m3_Malloc_Impl
                0x10010fd4        0xc CMakeFiles/freewili_main.dir/lib/wasm3/source/m3_core.c.obj
                0x10010fd4                m3_Malloc_Impl
 .text.m3_Free_Impl
                0x10010fe0        0x8 CMakeFiles/freewili_main.dir/lib/wasm3/source/m3_core.c.obj
                0x10010fe0                m3_Free_Impl
 .text.m3_Realloc_Impl
                0x10010fe8       0x2c CMakeFiles/freewili_main.dir/lib/wasm3/source/m3_core.c.obj
                0x10010fe8                m3_Realloc_Impl
 .text.m3_CopyMem
                0x10011014       0x20 CMakeFiles/freewili_main.dir/lib/wasm3/source/m3_core.c.obj
                0x10011014                m3_CopyMem
 .text.NormalizeType
                0x10011034       0x20 CMakeFiles/freewili_main.dir/lib/wasm3/source/m3_core.c.obj
                0x10011034                NormalizeType
 .text.IsFpType
                0x10011054       0x10 CMakeFiles/freewili_main.dir/lib/wasm3/source/m3_core.c.obj
                0x10011054                IsFpType
 .text.IsIntType
                0x10011064       0x10 CMakeFiles/freewili_main.dir/lib/wasm3/source/m3_core.c.obj
                0x10011064                IsIntType
 .text.Is64BitType
                0x10011074       0x10 CMakeFiles/freewili_main.dir/lib/wasm3/source/m3_core.c.obj
                0x10011074                Is64BitType
 .text.SizeOfType
                0x10011084       0x14 CMakeFiles/freewili_main.dir/lib/wasm3/source/m3_core.c.obj
                0x10011084                SizeOfType
 .text.Read_u32
                0x10011098       0x20 CMakeFiles/freewili_main.dir/lib/wasm3/source/m3_core.c.obj
                0x10011098                Read_u32
 .text.Read_f64
                0x100110b8       0x24 CMakeFiles/freewili_main.dir/lib/wasm3/source/m3_core.c.obj
                0x100110b8                Read_f64
 .text.Read_f32
                0x100110dc       0x20 CMakeFiles/freewili_main.dir/lib/wasm3/source/m3_core.c.obj
                0x100110dc                Read_f32
 .text.Read_u8  0x100110fc       0x1c CMakeFiles/freewili_main.dir/lib/wasm3/source/m3_core.c.obj
                0x100110fc                Read_u8
 .text.Read_opcode
                0x10011118       0x1c CMakeFiles/freewili_main.dir/lib/wasm3/source/m3_core.c.obj
                0x10011118                Read_opcode
 .text.ReadLebSigned
                0x10011134       0xf8 CMakeFiles/freewili_main.dir/lib/wasm3/source/m3_core.c.obj
                0x10011134                ReadLebSigned
 .text.ReadLEB_u32
                0x1001122c       0xa0 CMakeFiles/freewili_main.dir/lib/wasm3/source/m3_core.c.obj
                0x1001122c                ReadLEB_u32
 .text.ReadLEB_u7
                0x100112cc       0x34 CMakeFiles/freewili_main.dir/lib/wasm3/source/m3_core.c.obj
                0x100112cc                ReadLEB_u7
 .text.ReadLEB_i7
                0x10011300       0x48 CMakeFiles/freewili_main.dir/lib/wasm3/source/m3_core.c.obj
                0x10011300                ReadLEB_i7
 .text.ReadLEB_i32
                0x10011348       0xe4 CMakeFiles/freewili_main.dir/lib/wasm3/source/m3_core.c.obj
                0x10011348                ReadLEB_i32
 .text.ReadLEB_i64
                0x1001142c      0x1c0 CMakeFiles/freewili_main.dir/lib/wasm3/source/m3_core.c.obj
                0x1001142c                ReadLEB_i64
 .text.Read_utf8
                0x100115ec      0x1e0 CMakeFiles/freewili_main.dir/lib/wasm3/source/m3_core.c.obj
                0x100115ec                Read_utf8
 .text.m3_NewEnvironment
                0x100117cc       0x94 CMakeFiles/freewili_main.dir/lib/wasm3/source/m3_env.c.obj
                0x100117cc                m3_NewEnvironment
 .text.m3_FreeEnvironment
                0x10011860       0x28 CMakeFiles/freewili_main.dir/lib/wasm3/source/m3_env.c.obj
                0x10011860                m3_FreeEnvironment
 .text.Environment_AddFuncType
                0x10011888       0x38 CMakeFiles/freewili_main.dir/lib/wasm3/source/m3_env.c.obj
                0x10011888                Environment_AddFuncType
 .text.m3_NewRuntime
                0x100118c0       0x74 CMakeFiles/freewili_main.dir/lib/wasm3/source/m3_env.c.obj
                0x100118c0                m3_NewRuntime
 .text.Runtime_Release
                0x10011934       0x90 CMakeFiles/freewili_main.dir/lib/wasm3/source/m3_env.c.obj
                0x10011934                Runtime_Release
 .text.m3_FreeRuntime
                0x100119c4       0x18 CMakeFiles/freewili_main.dir/lib/wasm3/source/m3_env.c.obj
                0x100119c4                m3_FreeRuntime
 .text.ResizeMemory
                0x100119dc       0xa8 CMakeFiles/freewili_main.dir/lib/wasm3/source/m3_env.c.obj
                0x100119dc                ResizeMemory
 .text.m3_RunStart
                0x10011a84       0x78 CMakeFiles/freewili_main.dir/lib/wasm3/source/m3_env.c.obj
                0x10011a84                m3_RunStart
 .text.v_FindFunction
                0x10011afc       0x98 CMakeFiles/freewili_main.dir/lib/wasm3/source/m3_env.c.obj
                0x10011afc                v_FindFunction
 .text.m3_CallV
                0x10011b94       0xe0 CMakeFiles/freewili_main.dir/lib/wasm3/source/m3_env.c.obj
                0x10011b94                m3_CallV
 .text.AcquireCodePageWithCapacity
                0x10011c74       0x9c CMakeFiles/freewili_main.dir/lib/wasm3/source/m3_env.c.obj
                0x10011c74                AcquireCodePageWithCapacity
 .text.EvaluateExpression
                0x10011d10      0x1d8 CMakeFiles/freewili_main.dir/lib/wasm3/source/m3_env.c.obj
                0x10011d10                EvaluateExpression
 .text.InitDataSegments
                0x10011ee8       0x98 CMakeFiles/freewili_main.dir/lib/wasm3/source/m3_env.c.obj
                0x10011ee8                InitDataSegments
 .text.InitElements
                0x10011f80      0x104 CMakeFiles/freewili_main.dir/lib/wasm3/source/m3_env.c.obj
                0x10011f80                InitElements
 .text.m3_LoadModule
                0x10012084      0x160 CMakeFiles/freewili_main.dir/lib/wasm3/source/m3_env.c.obj
                0x10012084                m3_LoadModule
 .text.AcquireCodePage
                0x100121e4       0x90 CMakeFiles/freewili_main.dir/lib/wasm3/source/m3_env.c.obj
                0x100121e4                AcquireCodePage
 .text.ReleaseCodePage
                0x10012274       0x38 CMakeFiles/freewili_main.dir/lib/wasm3/source/m3_env.c.obj
                0x10012274                ReleaseCodePage
 .text.m3Error  0x100122ac       0x5c CMakeFiles/freewili_main.dir/lib/wasm3/source/m3_env.c.obj
                0x100122ac                m3Error
 .text.m3_FindFunction
                0x10012308       0x90 CMakeFiles/freewili_main.dir/lib/wasm3/source/m3_env.c.obj
                0x10012308                m3_FindFunction
 .text.m3_GetErrorInfo
                0x10012398       0x38 CMakeFiles/freewili_main.dir/lib/wasm3/source/m3_env.c.obj
                0x10012398                m3_GetErrorInfo
 .text.m3_GetMemorySize
                0x100123d0        0xc CMakeFiles/freewili_main.dir/lib/wasm3/source/m3_env.c.obj
                0x100123d0                m3_GetMemorySize
 .text.op_i32_Equal_rs
                0x100123dc       0x28 CMakeFiles/freewili_main.dir/lib/wasm3/source/m3_compile.c.obj
 .text.op_i32_Equal_ss
                0x10012404       0x28 CMakeFiles/freewili_main.dir/lib/wasm3/source/m3_compile.c.obj
 .text.op_i64_Equal_rs
                0x1001242c       0x30 CMakeFiles/freewili_main.dir/lib/wasm3/source/m3_compile.c.obj
 .text.op_i64_Equal_ss
                0x1001245c       0x34 CMakeFiles/freewili_main.dir/lib/wasm3/source/m3_compile.c.obj
 .text.op_i32_NotEqual_rs
                0x10012490       0x28 CMakeFiles/freewili_main.dir/lib/wasm3/source/m3_compile.c.obj
 .text.op_i32_NotEqual_ss
                0x100124b8       0x28 CMakeFiles/freewili_main.dir/lib/wasm3/source/m3_compile.c.obj
 .text.op_i64_NotEqual_rs
                0x100124e0       0x30 CMakeFiles/freewili_main.dir/lib/wasm3/source/m3_compile.c.obj
 .text.op_i64_NotEqual_ss
                0x10012510       0x34 CMakeFiles/freewili_main.dir/lib/wasm3/source/m3_compile.c.obj
 .text.op_i32_LessThan_sr
                0x10012544       0x2c CMakeFiles/freewili_main.dir/lib/wasm3/source/m3_compile.c.obj
 .text.op_i32_LessThan_rs
                0x10012570       0x2c CMakeFiles/freewili_main.dir/lib/wasm3/source/m3_compile.c.obj
 .text.op_i32_LessThan_ss
                0x1001259c       0x2c CMakeFiles/freewili_main.dir/lib/wasm3/source/m3_compile.c.obj
 .text.op_i64_LessThan_sr
                0x100125c8       0x38 CMakeFiles/freewili_main.dir/lib/wasm3/source/m3_compile.c.obj
 .text.op_i64_LessThan_rs
                0x10012600       0x38 CMakeFiles/freewili_main.dir/lib/wasm3/source/m3_compile.c.obj
 .text.op_i64_LessThan_ss
                0x10012638       0x50 CMakeFiles/freewili_main.dir/lib/wasm3/source/m3_compile.c.obj
 .text.op_i32_GreaterThan_ss
                0x10012688       0x2c CMakeFiles/freewili_main.dir/lib/wasm3/source/m3_compile.c.obj
 .text.op_i64_GreaterThan_ss
                0x100126b4       0x50 CMakeFiles/freewili_main.dir/lib/wasm3/source/m3_compile.c.obj
 .text.op_i32_LessThanOrEqual_sr
                0x10012704       0x2c CMakeFiles/freewili_main.dir/lib/wasm3/source/m3_compile.c.obj
 .text.op_i32_LessThanOrEqual_rs
                0x10012730       0x2c CMakeFiles/freewili_main.dir/lib/wasm3/source/m3_compile.c.obj
 .text.op_i32_LessThanOrEqual_ss
                0x1001275c       0x2c CMakeFiles/freewili_main.dir/lib/wasm3/source/m3_compile.c.obj
 .text.op_i64_LessThanOrEqual_sr
                0x10012788       0x38 CMakeFiles/freewili_main.dir/lib/wasm3/source/m3_compile.c.obj
 .text.op_i64_LessThanOrEqual_rs
                0x100127c0       0x38 CMakeFiles/freewili_main.dir/lib/wasm3/source/m3_compile.c.obj
 .text.op_i64_LessThanOrEqual_ss
                0x100127f8       0x50 CMakeFiles/freewili_main.dir/lib/wasm3/source/m3_compile.c.obj
 .text.op_i32_GreaterThanOrEqual_ss
                0x10012848       0x2c CMakeFiles/freewili_main.dir/lib/wasm3/source/m3_compile.c.obj
 .text.op_i64_GreaterThanOrEqual_ss
                0x10012874       0x50 CMakeFiles/freewili_main.dir/lib/wasm3/source/m3_compile.c.obj
 .text.op_u32_LessThan_sr
                0x100128c4       0x28 CMakeFiles/freewili_main.dir/lib/wasm3/source/m3_compile.c.obj
 .text.op_u32_LessThan_rs
                0x100128ec       0x28 CMakeFiles/freewili_main.dir/lib/wasm3/source/m3_compile.c.obj
 .text.op_u32_LessThan_ss
                0x10012914       0x28 CMakeFiles/freewili_main.dir/lib/wasm3/source/m3_compile.c.obj
 .text.op_u64_LessThan_sr
                0x1001293c       0x38 CMakeFiles/freewili_main.dir/lib/wasm3/source/m3_compile.c.obj
 .text.op_u64_LessThan_rs
                0x10012974       0x38 CMakeFiles/freewili_main.dir/lib/wasm3/source/m3_compile.c.obj
 .text.op_u64_LessThan_ss
                0x100129ac       0x50 CMakeFiles/freewili_main.dir/lib/wasm3/source/m3_compile.c.obj
 .text.op_u32_GreaterThan_ss
                0x100129fc       0x28 CMakeFiles/freewili_main.dir/lib/wasm3/source/m3_compile.c.obj
 .text.op_u64_GreaterThan_ss
                0x10012a24       0x50 CMakeFiles/freewili_main.dir/lib/wasm3/source/m3_compile.c.obj
 .text.op_u32_LessThanOrEqual_sr
                0x10012a74       0x28 CMakeFiles/freewili_main.dir/lib/wasm3/source/m3_compile.c.obj
 .text.op_u32_LessThanOrEqual_rs
                0x10012a9c       0x28 CMakeFiles/freewili_main.dir/lib/wasm3/source/m3_compile.c.obj
 .text.op_u32_LessThanOrEqual_ss
                0x10012ac4       0x28 CMakeFiles/freewili_main.dir/lib/wasm3/source/m3_compile.c.obj
 .text.op_u64_LessThanOrEqual_sr
                0x10012aec       0x38 CMakeFiles/freewili_main.dir/lib/wasm3/source/m3_compile.c.obj
 .text.op_u64_LessThanOrEqual_rs
                0x10012b24       0x38 CMakeFiles/freewili_main.dir/lib/wasm3/source/m3_compile.c.obj
 .text.op_u64_LessThanOrEqual_ss
                0x10012b5c       0x50 CMakeFiles/freewili_main.dir/lib/wasm3/source/m3_compile.c.obj
 .text.op_u32_GreaterThanOrEqual_ss
                0x10012bac       0x28 CMakeFiles/freewili_main.dir/lib/wasm3/source/m3_compile.c.obj
 .text.op_u64_GreaterThanOrEqual_ss
                0x10012bd4       0x50 CMakeFiles/freewili_main.dir/lib/wasm3/source/m3_compile.c.obj
 .text.op_i32_Add_rs
                0x10012c24       0x24 CMakeFiles/freewili_main.dir/lib/wasm3/source/m3_compile.c.obj
 .text.op_i32_Add_ss
                0x10012c48       0x24 CMakeFiles/freewili_main.dir/lib/wasm3/source/m3_compile.c.obj
 .text.op_i64_Add_rs
                0x10012c6c       0x28 CMakeFiles/freewili_main.dir/lib/wasm3/source/m3_compile.c.obj
 .text.op_i64_Add_ss
                0x10012c94       0x2c CMakeFiles/freewili_main.dir/lib/wasm3/source/m3_compile.c.obj
 .text.op_i32_Multiply_rs
                0x10012cc0       0x24 CMakeFiles/freewili_main.dir/lib/wasm3/source/m3_compile.c.obj
 .text.op_i32_Multiply_ss
                0x10012ce4       0x24 CMakeFiles/freewili_main.dir/lib/wasm3/source/m3_compile.c.obj
 .text.op_i64_Multiply_rs
                0x10012d08       0x34 CMakeFiles/freewili_main.dir/lib/wasm3/source/m3_compile.c.obj
 .text.op_i64_Multiply_ss
                0x10012d3c       0x38 CMakeFiles/freewili_main.dir/lib/wasm3/source/m3_compile.c.obj
 .text.op_i32_Subtract_sr
                0x10012d74       0x24 CMakeFiles/freewili_main.dir/lib/wasm3/source/m3_compile.c.obj
 .text.op_i32_Subtract_rs
                0x10012d98       0x24 CMakeFiles/freewili_main.dir/lib/wasm3/source/m3_compile.c.obj
 .text.op_i32_Subtract_ss
                0x10012dbc       0x24 CMakeFiles/freewili_main.dir/lib/wasm3/source/m3_compile.c.obj
 .text.op_i64_Subtract_sr
                0x10012de0       0x2c CMakeFiles/freewili_main.dir/lib/wasm3/source/m3_compile.c.obj
 .text.op_i64_Subtract_rs
                0x10012e0c       0x28 CMakeFiles/freewili_main.dir/lib/wasm3/source/m3_compile.c.obj
 .text.op_i64_Subtract_ss
                0x10012e34       0x2c CMakeFiles/freewili_main.dir/lib/wasm3/source/m3_compile.c.obj
 .text.op_u32_ShiftLeft_sr
                0x10012e60       0x28 CMakeFiles/freewili_main.dir/lib/wasm3/source/m3_compile.c.obj
 .text.op_u32_ShiftLeft_rs
                0x10012e88       0x28 CMakeFiles/freewili_main.dir/lib/wasm3/source/m3_compile.c.obj
 .text.op_u32_ShiftLeft_ss
                0x10012eb0       0x28 CMakeFiles/freewili_main.dir/lib/wasm3/source/m3_compile.c.obj
 .text.op_u64_ShiftLeft_sr
                0x10012ed8       0x40 CMakeFiles/freewili_main.dir/lib/wasm3/source/m3_compile.c.obj
 .text.op_u64_ShiftLeft_rs
                0x10012f18       0x44 CMakeFiles/freewili_main.dir/lib/wasm3/source/m3_compile.c.obj
 .text.op_u64_ShiftLeft_ss
                0x10012f5c       0x48 CMakeFiles/freewili_main.dir/lib/wasm3/source/m3_compile.c.obj
 .text.op_i32_ShiftRight_sr
                0x10012fa4       0x28 CMakeFiles/freewili_main.dir/lib/wasm3/source/m3_compile.c.obj
 .text.op_i32_ShiftRight_rs
                0x10012fcc       0x28 CMakeFiles/freewili_main.dir/lib/wasm3/source/m3_compile.c.obj
 .text.op_i32_ShiftRight_ss
                0x10012ff4       0x28 CMakeFiles/freewili_main.dir/lib/wasm3/source/m3_compile.c.obj
 .text.op_i64_ShiftRight_sr
                0x1001301c       0x44 CMakeFiles/freewili_main.dir/lib/wasm3/source/m3_compile.c.obj
 .text.op_i64_ShiftRight_rs
                0x10013060       0x48 CMakeFiles/freewili_main.dir/lib/wasm3/source/m3_compile.c.obj
 .text.op_i64_ShiftRight_ss
                0x100130a8       0x48 CMakeFiles/freewili_main.dir/lib/wasm3/source/m3_compile.c.obj
 .text.op_u32_ShiftRight_sr
                0x100130f0       0x28 CMakeFiles/freewili_main.dir/lib/wasm3/source/m3_compile.c.obj
 .text.op_u32_ShiftRight_rs
                0x10013118       0x28 CMakeFiles/freewili_main.dir/lib/wasm3/source/m3_compile.c.obj
 .text.op_u32_ShiftRight_ss
                0x10013140       0x28 CMakeFiles/freewili_main.dir/lib/wasm3/source/m3_compile.c.obj
 .text.op_u64_ShiftRight_sr
                0x10013168       0x40 CMakeFiles/freewili_main.dir/lib/wasm3/source/m3_compile.c.obj
 .text.op_u64_ShiftRight_rs
                0x100131a8       0x44 CMakeFiles/freewili_main.dir/lib/wasm3/source/m3_compile.c.obj
 .text.op_u64_ShiftRight_ss
                0x100131ec       0x48 CMakeFiles/freewili_main.dir/lib/wasm3/source/m3_compile.c.obj
 .text.op_u32_And_rs
                0x10013234       0x24 CMakeFiles/freewili_main.dir/lib/wasm3/source/m3_compile.c.obj
 .text.op_u32_And_ss
                0x10013258       0x24 CMakeFiles/freewili_main.dir/lib/wasm3/source/m3_compile.c.obj
 .text.op_u32_Or_rs
                0x1001327c       0x24 CMakeFiles/freewili_main.dir/lib/wasm3/source/m3_compile.c.obj
 .text.op_u32_Or_ss
                0x100132a0       0x24 CMakeFiles/freewili_main.dir/lib/wasm3/source/m3_compile.c.obj
 .text.op_u32_Xor_rs
                0x100132c4       0x24 CMakeFiles/freewili_main.dir/lib/wasm3/source/m3_compile.c.obj
 .text.op_u32_Xor_ss
                0x100132e8       0x24 CMakeFiles/freewili_main.dir/lib/wasm3/source/m3_compile.c.obj
 .text.op_u64_And_rs
                0x1001330c       0x28 CMakeFiles/freewili_main.dir/lib/wasm3/source/m3_compile.c.obj
 .text.op_u64_And_ss
                0x10013334       0x2c CMakeFiles/freewili_main.dir/lib/wasm3/source/m3_compile.c.obj
 .text.op_u64_Or_rs
                0x10013360       0x28 CMakeFiles/freewili_main.dir/lib/wasm3/source/m3_compile.c.obj
 .text.op_u64_Or_ss
                0x10013388       0x2c CMakeFiles/freewili_main.dir/lib/wasm3/source/m3_compile.c.obj
 .text.op_u64_Xor_rs
                0x100133b4       0x28 CMakeFiles/freewili_main.dir/lib/wasm3/source/m3_compile.c.obj
 .text.op_u64_Xor_ss
                0x100133dc       0x2c CMakeFiles/freewili_main.dir/lib/wasm3/source/m3_compile.c.obj
 .text.op_u32_Rotl_sr
                0x10013408       0x2c CMakeFiles/freewili_main.dir/lib/wasm3/source/m3_compile.c.obj
 .text.op_u32_Rotl_rs
                0x10013434       0x2c CMakeFiles/freewili_main.dir/lib/wasm3/source/m3_compile.c.obj
 .text.op_u32_Rotl_ss
                0x10013460       0x2c CMakeFiles/freewili_main.dir/lib/wasm3/source/m3_compile.c.obj
 .text.op_u32_Rotr_sr
                0x1001348c       0x28 CMakeFiles/freewili_main.dir/lib/wasm3/source/m3_compile.c.obj
 .text.op_u32_Rotr_rs
                0x100134b4       0x28 CMakeFiles/freewili_main.dir/lib/wasm3/source/m3_compile.c.obj
 .text.op_u32_Rotr_ss
                0x100134dc       0x28 CMakeFiles/freewili_main.dir/lib/wasm3/source/m3_compile.c.obj
 .text.op_u64_Rotl_sr
                0x10013504       0x90 CMakeFiles/freewili_main.dir/lib/wasm3/source/m3_compile.c.obj
 .text.op_u64_Rotl_rs
                0x10013594       0x90 CMakeFiles/freewili_main.dir/lib/wasm3/source/m3_compile.c.obj
 .text.op_u64_Rotl_ss
                0x10013624       0x94 CMakeFiles/freewili_main.dir/lib/wasm3/source/m3_compile.c.obj
 .text.op_u64_Rotr_sr
                0x100136b8       0x90 CMakeFiles/freewili_main.dir/lib/wasm3/source/m3_compile.c.obj
 .text.op_u64_Rotr_rs
                0x10013748       0x90 CMakeFiles/freewili_main.dir/lib/wasm3/source/m3_compile.c.obj
 .text.op_u64_Rotr_ss
                0x100137d8       0xb8 CMakeFiles/freewili_main.dir/lib/wasm3/source/m3_compile.c.obj
 .text.op_i32_EqualToZero_r
                0x10013890       0x18 CMakeFiles/freewili_main.dir/lib/wasm3/source/m3_compile.c.obj
 .text.op_i32_EqualToZero_s
                0x100138a8       0x20 CMakeFiles/freewili_main.dir/lib/wasm3/source/m3_compile.c.obj
 .text.op_i64_EqualToZero_r
                0x100138c8       0x1c CMakeFiles/freewili_main.dir/lib/wasm3/source/m3_compile.c.obj
 .text.op_i64_EqualToZero_s
                0x100138e4       0x24 CMakeFiles/freewili_main.dir/lib/wasm3/source/m3_compile.c.obj
 .text.op_i32_Wrap_i64_r
                0x10013908       0x14 CMakeFiles/freewili_main.dir/lib/wasm3/source/m3_compile.c.obj
 .text.op_i32_Wrap_i64_s
                0x1001391c       0x1c CMakeFiles/freewili_main.dir/lib/wasm3/source/m3_compile.c.obj
 .text.op_i32_Extend8_s_r
                0x10013938       0x18 CMakeFiles/freewili_main.dir/lib/wasm3/source/m3_compile.c.obj
 .text.op_i32_Extend8_s_s
                0x10013950       0x1c CMakeFiles/freewili_main.dir/lib/wasm3/source/m3_compile.c.obj
 .text.op_i32_Extend16_s_r
                0x1001396c       0x18 CMakeFiles/freewili_main.dir/lib/wasm3/source/m3_compile.c.obj
 .text.op_i32_Extend16_s_s
                0x10013984       0x1c CMakeFiles/freewili_main.dir/lib/wasm3/source/m3_compile.c.obj
 .text.op_i64_Extend8_s_s
                0x100139a0       0x1c CMakeFiles/freewili_main.dir/lib/wasm3/source/m3_compile.c.obj
 .text.op_i64_Extend16_s_s
                0x100139bc       0x1c CMakeFiles/freewili_main.dir/lib/wasm3/source/m3_compile.c.obj
 .text.op_i64_Extend32_s_r
                0x100139d8       0x14 CMakeFiles/freewili_main.dir/lib/wasm3/source/m3_compile.c.obj
 .text.op_i64_Extend32_s_s
                0x100139ec       0x1c CMakeFiles/freewili_main.dir/lib/wasm3/source/m3_compile.c.obj
 .text.op_i64_Extend_i32_s
                0x10013a08       0x1c CMakeFiles/freewili_main.dir/lib/wasm3/source/m3_compile.c.obj
 .text.op_i64_Extend_u32_s
                0x10013a24       0x1c CMakeFiles/freewili_main.dir/lib/wasm3/source/m3_compile.c.obj
 .text.op_GetGlobal_s32
                0x10013a40       0x24 CMakeFiles/freewili_main.dir/lib/wasm3/source/m3_compile.c.obj
 .text.op_GetGlobal_s64
                0x10013a64       0x2c CMakeFiles/freewili_main.dir/lib/wasm3/source/m3_compile.c.obj
 .text.op_SetGlobal_i32
                0x10013a90       0x20 CMakeFiles/freewili_main.dir/lib/wasm3/source/m3_compile.c.obj
 .text.op_SetGlobal_i64
                0x10013ab0       0x20 CMakeFiles/freewili_main.dir/lib/wasm3/source/m3_compile.c.obj
 .text.op_CallRawFunction
                0x10013ad0       0x38 CMakeFiles/freewili_main.dir/lib/wasm3/source/m3_compile.c.obj
 .text.op_MemSize
                0x10013b08       0x20 CMakeFiles/freewili_main.dir/lib/wasm3/source/m3_compile.c.obj
 .text.op_Loop  0x10013b28       0x48 CMakeFiles/freewili_main.dir/lib/wasm3/source/m3_compile.c.obj
 .text.op_Branch
                0x10013b70       0x18 CMakeFiles/freewili_main.dir/lib/wasm3/source/m3_compile.c.obj
 .text.op_BranchTable
                0x10013b88       0x28 CMakeFiles/freewili_main.dir/lib/wasm3/source/m3_compile.c.obj
 .text.op_SetSlot_i32
                0x10013bb0       0x20 CMakeFiles/freewili_main.dir/lib/wasm3/source/m3_compile.c.obj
 .text.op_PreserveSetSlot_i32
                0x10013bd0       0x2c CMakeFiles/freewili_main.dir/lib/wasm3/source/m3_compile.c.obj
 .text.op_SetRegister_i64
                0x10013bfc       0x20 CMakeFiles/freewili_main.dir/lib/wasm3/source/m3_compile.c.obj
 .text.op_SetSlot_i64
                0x10013c1c       0x24 CMakeFiles/freewili_main.dir/lib/wasm3/source/m3_compile.c.obj
 .text.op_PreserveSetSlot_i64
                0x10013c40       0x3c CMakeFiles/freewili_main.dir/lib/wasm3/source/m3_compile.c.obj
 .text.op_CopySlot_32
                0x10013c7c       0x28 CMakeFiles/freewili_main.dir/lib/wasm3/source/m3_compile.c.obj
 .text.op_PreserveCopySlot_32
                0x10013ca4       0x30 CMakeFiles/freewili_main.dir/lib/wasm3/source/m3_compile.c.obj
 .text.op_CopySlot_64
                0x10013cd4       0x30 CMakeFiles/freewili_main.dir/lib/wasm3/source/m3_compile.c.obj
 .text.op_PreserveCopySlot_64
                0x10013d04       0x3c CMakeFiles/freewili_main.dir/lib/wasm3/source/m3_compile.c.obj
 .text.op_Select_i32_rss
                0x10013d40       0x2c CMakeFiles/freewili_main.dir/lib/wasm3/source/m3_compile.c.obj
 .text.op_Select_i32_srs
                0x10013d6c       0x2c CMakeFiles/freewili_main.dir/lib/wasm3/source/m3_compile.c.obj
 .text.op_Select_i32_ssr
                0x10013d98       0x2c CMakeFiles/freewili_main.dir/lib/wasm3/source/m3_compile.c.obj
 .text.op_Select_i32_sss
                0x10013dc4       0x30 CMakeFiles/freewili_main.dir/lib/wasm3/source/m3_compile.c.obj
 .text.op_Select_i64_rss
                0x10013df4       0x34 CMakeFiles/freewili_main.dir/lib/wasm3/source/m3_compile.c.obj
 .text.op_Select_i64_srs
                0x10013e28       0x34 CMakeFiles/freewili_main.dir/lib/wasm3/source/m3_compile.c.obj
 .text.op_Select_i64_ssr
                0x10013e5c       0x34 CMakeFiles/freewili_main.dir/lib/wasm3/source/m3_compile.c.obj
 .text.op_Select_i64_sss
                0x10013e90       0x38 CMakeFiles/freewili_main.dir/lib/wasm3/source/m3_compile.c.obj
 .text.op_Return
                0x10013ec8        0xc CMakeFiles/freewili_main.dir/lib/wasm3/source/m3_compile.c.obj
 .text.op_ContinueLoop
                0x10013ed4        0x4 CMakeFiles/freewili_main.dir/lib/wasm3/source/m3_compile.c.obj
 .text.op_Const32
                0x10013ed8       0x24 CMakeFiles/freewili_main.dir/lib/wasm3/source/m3_compile.c.obj
 .text.op_Const64
                0x10013efc       0x28 CMakeFiles/freewili_main.dir/lib/wasm3/source/m3_compile.c.obj
 .text.op_Unsupported
                0x10013f24        0x8 CMakeFiles/freewili_main.dir/lib/wasm3/source/m3_compile.c.obj
 .text.op_Unreachable
                0x10013f2c        0xc CMakeFiles/freewili_main.dir/lib/wasm3/source/m3_compile.c.obj
 .text.op_SetGlobal_s32
                0x10013f38       0x24 CMakeFiles/freewili_main.dir/lib/wasm3/source/m3_compile.c.obj
 .text.op_SetGlobal_s64
                0x10013f5c       0x2c CMakeFiles/freewili_main.dir/lib/wasm3/source/m3_compile.c.obj
 .text.Compile_Nop
                0x10013f88        0xc CMakeFiles/freewili_main.dir/lib/wasm3/source/m3_compile.c.obj
 .text.EmitPointer
                0x10013f94       0x20 CMakeFiles/freewili_main.dir/lib/wasm3/source/m3_compile.c.obj
 .text.ReservePointer
                0x10013fb4       0x18 CMakeFiles/freewili_main.dir/lib/wasm3/source/m3_compile.c.obj
 .text.op_u64_Remainder_ss
                0x10013fcc       0x48 CMakeFiles/freewili_main.dir/lib/wasm3/source/m3_compile.c.obj
 .text.op_u64_Remainder_sr
                0x10014014       0x40 CMakeFiles/freewili_main.dir/lib/wasm3/source/m3_compile.c.obj
 .text.op_u64_Remainder_rs
                0x10014054       0x40 CMakeFiles/freewili_main.dir/lib/wasm3/source/m3_compile.c.obj
 .text.op_i64_Remainder_ss
                0x10014094       0x5c CMakeFiles/freewili_main.dir/lib/wasm3/source/m3_compile.c.obj
 .text.op_i64_Remainder_sr
                0x100140f0       0x58 CMakeFiles/freewili_main.dir/lib/wasm3/source/m3_compile.c.obj
 .text.op_i64_Remainder_rs
                0x10014148       0x58 CMakeFiles/freewili_main.dir/lib/wasm3/source/m3_compile.c.obj
 .text.op_u64_Divide_ss
                0x100141a0       0x48 CMakeFiles/freewili_main.dir/lib/wasm3/source/m3_compile.c.obj
 .text.op_u64_Divide_sr
                0x100141e8       0x44 CMakeFiles/freewili_main.dir/lib/wasm3/source/m3_compile.c.obj
 .text.op_u64_Divide_rs
                0x1001422c       0x44 CMakeFiles/freewili_main.dir/lib/wasm3/source/m3_compile.c.obj
 .text.op_i64_Divide_ss
                0x10014270       0x64 CMakeFiles/freewili_main.dir/lib/wasm3/source/m3_compile.c.obj
 .text.op_i64_Divide_sr
                0x100142d4       0x60 CMakeFiles/freewili_main.dir/lib/wasm3/source/m3_compile.c.obj
 .text.op_i64_Divide_rs
                0x10014334       0x60 CMakeFiles/freewili_main.dir/lib/wasm3/source/m3_compile.c.obj
 .text.op_u32_Remainder_ss
                0x10014394       0x40 CMakeFiles/freewili_main.dir/lib/wasm3/source/m3_compile.c.obj
 .text.op_u32_Remainder_sr
                0x100143d4       0x3c CMakeFiles/freewili_main.dir/lib/wasm3/source/m3_compile.c.obj
 .text.op_u32_Remainder_rs
                0x10014410       0x3c CMakeFiles/freewili_main.dir/lib/wasm3/source/m3_compile.c.obj
 .text.op_i32_Remainder_ss
                0x1001444c       0x50 CMakeFiles/freewili_main.dir/lib/wasm3/source/m3_compile.c.obj
 .text.op_i32_Remainder_sr
                0x1001449c       0x4c CMakeFiles/freewili_main.dir/lib/wasm3/source/m3_compile.c.obj
 .text.op_i32_Remainder_rs
                0x100144e8       0x4c CMakeFiles/freewili_main.dir/lib/wasm3/source/m3_compile.c.obj
 .text.op_u32_Divide_ss
                0x10014534       0x40 CMakeFiles/freewili_main.dir/lib/wasm3/source/m3_compile.c.obj
 .text.op_u32_Divide_sr
                0x10014574       0x3c CMakeFiles/freewili_main.dir/lib/wasm3/source/m3_compile.c.obj
 .text.op_u32_Divide_rs
                0x100145b0       0x3c CMakeFiles/freewili_main.dir/lib/wasm3/source/m3_compile.c.obj
 .text.op_i32_Divide_ss
                0x100145ec       0x58 CMakeFiles/freewili_main.dir/lib/wasm3/source/m3_compile.c.obj
 .text.op_i32_Divide_sr
                0x10014644       0x54 CMakeFiles/freewili_main.dir/lib/wasm3/source/m3_compile.c.obj
 .text.op_i32_Divide_rs
                0x10014698       0x54 CMakeFiles/freewili_main.dir/lib/wasm3/source/m3_compile.c.obj
 .text.op_i64_Store_u8_ss
                0x100146ec       0x68 CMakeFiles/freewili_main.dir/lib/wasm3/source/m3_compile.c.obj
 .text.op_i64_Store_u8_sr
                0x10014754       0x70 CMakeFiles/freewili_main.dir/lib/wasm3/source/m3_compile.c.obj
 .text.op_i32_Store_u8_ss
                0x100147c4       0x68 CMakeFiles/freewili_main.dir/lib/wasm3/source/m3_compile.c.obj
 .text.op_i32_Store_u8_sr
                0x1001482c       0x70 CMakeFiles/freewili_main.dir/lib/wasm3/source/m3_compile.c.obj
 .text.op_i32_Store_u8_rs
                0x1001489c       0x6c CMakeFiles/freewili_main.dir/lib/wasm3/source/m3_compile.c.obj
 .text.op_i32_Load_u8_s
                0x10014908       0x54 CMakeFiles/freewili_main.dir/lib/wasm3/source/m3_compile.c.obj
 .text.op_i32_Load_u8_r
                0x1001495c       0x44 CMakeFiles/freewili_main.dir/lib/wasm3/source/m3_compile.c.obj
 .text.op_i32_Load_i8_s
                0x100149a0       0x58 CMakeFiles/freewili_main.dir/lib/wasm3/source/m3_compile.c.obj
 .text.op_i32_Load_i8_r
                0x100149f8       0x48 CMakeFiles/freewili_main.dir/lib/wasm3/source/m3_compile.c.obj
 .text.EnsureCodePageNumLines
                0x10014a40       0x5c CMakeFiles/freewili_main.dir/lib/wasm3/source/m3_compile.c.obj
 .text.EmitOp   0x10014a9c       0x30 CMakeFiles/freewili_main.dir/lib/wasm3/source/m3_compile.c.obj
 .text.Pop      0x10014acc       0xe8 CMakeFiles/freewili_main.dir/lib/wasm3/source/m3_compile.c.obj
 .text.op_u64_Popcnt_s
                0x10014bb4       0x30 CMakeFiles/freewili_main.dir/lib/wasm3/source/m3_compile.c.obj
 .text.op_u64_Popcnt_r
                0x10014be4       0x28 CMakeFiles/freewili_main.dir/lib/wasm3/source/m3_compile.c.obj
 .text.op_u64_Ctz_s
                0x10014c0c       0x3c CMakeFiles/freewili_main.dir/lib/wasm3/source/m3_compile.c.obj
 .text.op_u64_Ctz_r
                0x10014c48       0x34 CMakeFiles/freewili_main.dir/lib/wasm3/source/m3_compile.c.obj
 .text.op_u64_Clz_s
                0x10014c7c       0x3c CMakeFiles/freewili_main.dir/lib/wasm3/source/m3_compile.c.obj
 .text.op_u64_Clz_r
                0x10014cb8       0x34 CMakeFiles/freewili_main.dir/lib/wasm3/source/m3_compile.c.obj
 .text.op_u32_Popcnt_s
                0x10014cec       0x2c CMakeFiles/freewili_main.dir/lib/wasm3/source/m3_compile.c.obj
 .text.op_u32_Popcnt_r
                0x10014d18       0x28 CMakeFiles/freewili_main.dir/lib/wasm3/source/m3_compile.c.obj
 .text.op_u32_Ctz_s
                0x10014d40       0x38 CMakeFiles/freewili_main.dir/lib/wasm3/source/m3_compile.c.obj
 .text.op_u32_Ctz_r
                0x10014d78       0x30 CMakeFiles/freewili_main.dir/lib/wasm3/source/m3_compile.c.obj
 .text.op_u32_Clz_s
                0x10014da8       0x38 CMakeFiles/freewili_main.dir/lib/wasm3/source/m3_compile.c.obj
 .text.op_u32_Clz_r
                0x10014de0       0x30 CMakeFiles/freewili_main.dir/lib/wasm3/source/m3_compile.c.obj
 .text.op_i64_Store_i32_ss
                0x10014e10       0x80 CMakeFiles/freewili_main.dir/lib/wasm3/source/m3_compile.c.obj
 .text.op_i64_Store_i32_sr
                0x10014e90       0x78 CMakeFiles/freewili_main.dir/lib/wasm3/source/m3_compile.c.obj
 .text.op_i64_Store_i16_ss
                0x10014f08       0x84 CMakeFiles/freewili_main.dir/lib/wasm3/source/m3_compile.c.obj
 .text.op_i64_Store_i16_sr
                0x10014f8c       0x78 CMakeFiles/freewili_main.dir/lib/wasm3/source/m3_compile.c.obj
 .text.op_i32_Store_i16_ss
                0x10015004       0x84 CMakeFiles/freewili_main.dir/lib/wasm3/source/m3_compile.c.obj
 .text.op_i32_Store_i16_sr
                0x10015088       0x78 CMakeFiles/freewili_main.dir/lib/wasm3/source/m3_compile.c.obj
 .text.op_i32_Store_i16_rs
                0x10015100       0x8c CMakeFiles/freewili_main.dir/lib/wasm3/source/m3_compile.c.obj
 .text.op_i64_Store_i64_ss
                0x1001518c       0x88 CMakeFiles/freewili_main.dir/lib/wasm3/source/m3_compile.c.obj
 .text.op_i64_Store_i64_sr
                0x10015214       0x88 CMakeFiles/freewili_main.dir/lib/wasm3/source/m3_compile.c.obj
 .text.op_i64_Store_i64_rs
                0x1001529c       0x7c CMakeFiles/freewili_main.dir/lib/wasm3/source/m3_compile.c.obj
 .text.op_i32_Store_i32_ss
                0x10015318       0x80 CMakeFiles/freewili_main.dir/lib/wasm3/source/m3_compile.c.obj
 .text.op_i32_Store_i32_sr
                0x10015398       0x78 CMakeFiles/freewili_main.dir/lib/wasm3/source/m3_compile.c.obj
 .text.op_i32_Store_i32_rs
                0x10015410       0x84 CMakeFiles/freewili_main.dir/lib/wasm3/source/m3_compile.c.obj
 .text.op_i64_Load_u32_s
                0x10015494       0x74 CMakeFiles/freewili_main.dir/lib/wasm3/source/m3_compile.c.obj
 .text.op_i64_Load_u32_r
                0x10015508       0x60 CMakeFiles/freewili_main.dir/lib/wasm3/source/m3_compile.c.obj
 .text.op_i32_Load_u16_s
                0x10015568       0x78 CMakeFiles/freewili_main.dir/lib/wasm3/source/m3_compile.c.obj
 .text.op_i32_Load_u16_r
                0x100155e0       0x70 CMakeFiles/freewili_main.dir/lib/wasm3/source/m3_compile.c.obj
 .text.op_i32_Load_i16_s
                0x10015650       0x7c CMakeFiles/freewili_main.dir/lib/wasm3/source/m3_compile.c.obj
 .text.op_i32_Load_i16_r
                0x100156cc       0x74 CMakeFiles/freewili_main.dir/lib/wasm3/source/m3_compile.c.obj
 .text.op_i64_Load_i64_s
                0x10015740       0x74 CMakeFiles/freewili_main.dir/lib/wasm3/source/m3_compile.c.obj
 .text.op_i64_Load_i64_r
                0x100157b4       0x60 CMakeFiles/freewili_main.dir/lib/wasm3/source/m3_compile.c.obj
 .text.op_i32_Load_i32_s
                0x10015814       0x74 CMakeFiles/freewili_main.dir/lib/wasm3/source/m3_compile.c.obj
 .text.op_i32_Load_i32_r
                0x10015888       0x60 CMakeFiles/freewili_main.dir/lib/wasm3/source/m3_compile.c.obj
 .text.op_MemGrow
                0x100158e8       0x5c CMakeFiles/freewili_main.dir/lib/wasm3/source/m3_compile.c.obj
 .text.Compile_GetLocal
                0x10015944       0xf0 CMakeFiles/freewili_main.dir/lib/wasm3/source/m3_compile.c.obj
 .text.op_MemFill
                0x10015a34       0x78 CMakeFiles/freewili_main.dir/lib/wasm3/source/m3_compile.c.obj
 .text.op_Entry
                0x10015aac       0x64 CMakeFiles/freewili_main.dir/lib/wasm3/source/m3_compile.c.obj
 .text.op_MemCopy
                0x10015b10       0x90 CMakeFiles/freewili_main.dir/lib/wasm3/source/m3_compile.c.obj
 .text.op_BranchIf_r
                0x10015ba0       0x28 CMakeFiles/freewili_main.dir/lib/wasm3/source/m3_compile.c.obj
 .text.op_BranchIf_s
                0x10015bc8       0x34 CMakeFiles/freewili_main.dir/lib/wasm3/source/m3_compile.c.obj
 .text.AllocateSlotsWithinRange
                0x10015bfc      0x180 CMakeFiles/freewili_main.dir/lib/wasm3/source/m3_compile.c.obj
 .text.FindReferencedLocalWithinCurrentBlock
                0x10015d7c      0x140 CMakeFiles/freewili_main.dir/lib/wasm3/source/m3_compile.c.obj
 .text.EmitSlotOffset.isra.0
                0x10015ebc        0xc CMakeFiles/freewili_main.dir/lib/wasm3/source/m3_compile.c.obj
 .text.PreserveArgsAndLocals
                0x10015ec8       0xd0 CMakeFiles/freewili_main.dir/lib/wasm3/source/m3_compile.c.obj
 .text.CopyStackIndexToSlot
                0x10015f98       0x9c CMakeFiles/freewili_main.dir/lib/wasm3/source/m3_compile.c.obj
 .text.CopyStackSlotsR
                0x10016034      0x210 CMakeFiles/freewili_main.dir/lib/wasm3/source/m3_compile.c.obj
 .text.Compile_SetLocal
                0x10016244      0x190 CMakeFiles/freewili_main.dir/lib/wasm3/source/m3_compile.c.obj
 .text.ReturnValues
                0x100163d4      0x12c CMakeFiles/freewili_main.dir/lib/wasm3/source/m3_compile.c.obj
 .text.Compile_End
                0x10016500       0x8c CMakeFiles/freewili_main.dir/lib/wasm3/source/m3_compile.c.obj
 .text.PreserveRegisterIfOccupied
                0x1001658c       0xd8 CMakeFiles/freewili_main.dir/lib/wasm3/source/m3_compile.c.obj
 .text._PushAllocatedSlotAndEmit
                0x10016664       0xb8 CMakeFiles/freewili_main.dir/lib/wasm3/source/m3_compile.c.obj
 .text.Compile_GetSetGlobal
                0x1001671c      0x1b4 CMakeFiles/freewili_main.dir/lib/wasm3/source/m3_compile.c.obj
 .text.EmitConstant32.isra.0
                0x100168d0        0xc CMakeFiles/freewili_main.dir/lib/wasm3/source/m3_compile.c.obj
 .text.op_ContinueLoopIf
                0x100168dc       0x20 CMakeFiles/freewili_main.dir/lib/wasm3/source/m3_compile.c.obj
 .text.op_If_r  0x100168fc       0x28 CMakeFiles/freewili_main.dir/lib/wasm3/source/m3_compile.c.obj
 .text.op_If_s  0x10016924       0x34 CMakeFiles/freewili_main.dir/lib/wasm3/source/m3_compile.c.obj
 .text.op_Call  0x10016958       0x60 CMakeFiles/freewili_main.dir/lib/wasm3/source/m3_compile.c.obj
 .text.op_i64_Extend8_s_r
                0x100169b8       0x18 CMakeFiles/freewili_main.dir/lib/wasm3/source/m3_compile.c.obj
 .text.op_i64_Extend16_s_r
                0x100169d0       0x18 CMakeFiles/freewili_main.dir/lib/wasm3/source/m3_compile.c.obj
 .text.op_i64_Extend_i32_r
                0x100169e8       0x14 CMakeFiles/freewili_main.dir/lib/wasm3/source/m3_compile.c.obj
 .text.op_i64_Extend_u32_r
                0x100169fc       0x14 CMakeFiles/freewili_main.dir/lib/wasm3/source/m3_compile.c.obj
 .text.op_SetRegister_i32
                0x10016a10       0x1c CMakeFiles/freewili_main.dir/lib/wasm3/source/m3_compile.c.obj
 .text.op_i32_GreaterThan_rs
                0x10016a2c       0x28 CMakeFiles/freewili_main.dir/lib/wasm3/source/m3_compile.c.obj
 .text.op_u32_GreaterThan_rs
                0x10016a54       0x24 CMakeFiles/freewili_main.dir/lib/wasm3/source/m3_compile.c.obj
 .text.op_i32_GreaterThan_sr
                0x10016a78       0x28 CMakeFiles/freewili_main.dir/lib/wasm3/source/m3_compile.c.obj
 .text.op_u32_GreaterThan_sr
                0x10016aa0       0x24 CMakeFiles/freewili_main.dir/lib/wasm3/source/m3_compile.c.obj
 .text.op_i32_GreaterThanOrEqual_rs
                0x10016ac4       0x28 CMakeFiles/freewili_main.dir/lib/wasm3/source/m3_compile.c.obj
 .text.op_u32_GreaterThanOrEqual_rs
                0x10016aec       0x24 CMakeFiles/freewili_main.dir/lib/wasm3/source/m3_compile.c.obj
 .text.op_i32_GreaterThanOrEqual_sr
                0x10016b10       0x28 CMakeFiles/freewili_main.dir/lib/wasm3/source/m3_compile.c.obj
 .text.op_u32_GreaterThanOrEqual_sr
                0x10016b38       0x24 CMakeFiles/freewili_main.dir/lib/wasm3/source/m3_compile.c.obj
 .text.op_i64_GreaterThan_rs
                0x10016b5c       0x48 CMakeFiles/freewili_main.dir/lib/wasm3/source/m3_compile.c.obj
 .text.op_i64_GreaterThan_sr
                0x10016ba4       0x48 CMakeFiles/freewili_main.dir/lib/wasm3/source/m3_compile.c.obj
 .text.op_i64_GreaterThanOrEqual_rs
                0x10016bec       0x48 CMakeFiles/freewili_main.dir/lib/wasm3/source/m3_compile.c.obj
 .text.op_i64_GreaterThanOrEqual_sr
                0x10016c34       0x48 CMakeFiles/freewili_main.dir/lib/wasm3/source/m3_compile.c.obj
 .text.op_u64_GreaterThan_rs
                0x10016c7c       0x48 CMakeFiles/freewili_main.dir/lib/wasm3/source/m3_compile.c.obj
 .text.op_u64_GreaterThan_sr
                0x10016cc4       0x48 CMakeFiles/freewili_main.dir/lib/wasm3/source/m3_compile.c.obj
 .text.op_u64_GreaterThanOrEqual_rs
                0x10016d0c       0x48 CMakeFiles/freewili_main.dir/lib/wasm3/source/m3_compile.c.obj
 .text.op_u64_GreaterThanOrEqual_sr
                0x10016d54       0x48 CMakeFiles/freewili_main.dir/lib/wasm3/source/m3_compile.c.obj
 .text.op_i64_Load_i8_r
                0x10016d9c       0x48 CMakeFiles/freewili_main.dir/lib/wasm3/source/m3_compile.c.obj
 .text.op_i64_Load_u8_r
                0x10016de4       0x44 CMakeFiles/freewili_main.dir/lib/wasm3/source/m3_compile.c.obj
 .text.op_BranchIfPrologue_r
                0x10016e28       0x28 CMakeFiles/freewili_main.dir/lib/wasm3/source/m3_compile.c.obj
 .text.op_i64_Load_i8_s
                0x10016e50       0x58 CMakeFiles/freewili_main.dir/lib/wasm3/source/m3_compile.c.obj
 .text.op_i64_Load_u8_s
                0x10016ea8       0x54 CMakeFiles/freewili_main.dir/lib/wasm3/source/m3_compile.c.obj
 .text.op_i64_Store_u8_rs
                0x10016efc       0x6c CMakeFiles/freewili_main.dir/lib/wasm3/source/m3_compile.c.obj
 .text.op_i64_Load_i16_r
                0x10016f68       0x74 CMakeFiles/freewili_main.dir/lib/wasm3/source/m3_compile.c.obj
 .text.op_i64_Load_u16_r
                0x10016fdc       0x70 CMakeFiles/freewili_main.dir/lib/wasm3/source/m3_compile.c.obj
 .text.op_i64_Load_i32_r
                0x1001704c       0x60 CMakeFiles/freewili_main.dir/lib/wasm3/source/m3_compile.c.obj
 .text.op_BranchIfPrologue_s
                0x100170ac       0x34 CMakeFiles/freewili_main.dir/lib/wasm3/source/m3_compile.c.obj
 .text.op_i64_Load_i16_s
                0x100170e0       0x7c CMakeFiles/freewili_main.dir/lib/wasm3/source/m3_compile.c.obj
 .text.op_i64_Load_u16_s
                0x1001715c       0x78 CMakeFiles/freewili_main.dir/lib/wasm3/source/m3_compile.c.obj
 .text.op_i64_Load_i32_s
                0x100171d4       0x74 CMakeFiles/freewili_main.dir/lib/wasm3/source/m3_compile.c.obj
 .text.op_i64_Store_i16_rs
                0x10017248       0x8c CMakeFiles/freewili_main.dir/lib/wasm3/source/m3_compile.c.obj
 .text.op_i64_Store_i32_rs
                0x100172d4       0x84 CMakeFiles/freewili_main.dir/lib/wasm3/source/m3_compile.c.obj
 .text.PushBlockResults
                0x10017358      0x198 CMakeFiles/freewili_main.dir/lib/wasm3/source/m3_compile.c.obj
 .text.Compile_ExtendedOpcode
                0x100174f0       0x88 CMakeFiles/freewili_main.dir/lib/wasm3/source/m3_compile.c.obj
 .text.Compile_Select
                0x10017578      0x288 CMakeFiles/freewili_main.dir/lib/wasm3/source/m3_compile.c.obj
 .text.Compile_Convert
                0x10017800      0x1b0 CMakeFiles/freewili_main.dir/lib/wasm3/source/m3_compile.c.obj
 .text.Compile_Unreachable
                0x100179b0      0x120 CMakeFiles/freewili_main.dir/lib/wasm3/source/m3_compile.c.obj
 .text.Compile_Operator
                0x10017ad0      0x2ec CMakeFiles/freewili_main.dir/lib/wasm3/source/m3_compile.c.obj
 .text.Compile_Load_Store
                0x10017dbc       0x94 CMakeFiles/freewili_main.dir/lib/wasm3/source/m3_compile.c.obj
 .text.CompileCallArgsAndReturn
                0x10017e50      0x334 CMakeFiles/freewili_main.dir/lib/wasm3/source/m3_compile.c.obj
 .text.Compile_CallIndirect
                0x10018184       0xd4 CMakeFiles/freewili_main.dir/lib/wasm3/source/m3_compile.c.obj
 .text.Compile_Call
                0x10018258       0xcc CMakeFiles/freewili_main.dir/lib/wasm3/source/m3_compile.c.obj
 .text.Compile_Drop
                0x10018324       0xe8 CMakeFiles/freewili_main.dir/lib/wasm3/source/m3_compile.c.obj
 .text.Compile_Return
                0x1001840c      0x148 CMakeFiles/freewili_main.dir/lib/wasm3/source/m3_compile.c.obj
 .text.Compile_Memory_Size
                0x10018554      0x168 CMakeFiles/freewili_main.dir/lib/wasm3/source/m3_compile.c.obj
 .text.CopyStackTopToRegister.constprop.0
                0x100186bc      0x158 CMakeFiles/freewili_main.dir/lib/wasm3/source/m3_compile.c.obj
 .text.ResolveBlockResults
                0x10018814       0xfc CMakeFiles/freewili_main.dir/lib/wasm3/source/m3_compile.c.obj
 .text.Compile_BranchTable
                0x10018910      0x3ac CMakeFiles/freewili_main.dir/lib/wasm3/source/m3_compile.c.obj
 .text.Compile_Memory_CopyFill
                0x10018cbc      0x128 CMakeFiles/freewili_main.dir/lib/wasm3/source/m3_compile.c.obj
 .text.Compile_Memory_Grow
                0x10018de4       0xdc CMakeFiles/freewili_main.dir/lib/wasm3/source/m3_compile.c.obj
 .text.Compile_Const_f32
                0x10018ec0      0x274 CMakeFiles/freewili_main.dir/lib/wasm3/source/m3_compile.c.obj
 .text.Compile_Const_f64
                0x10019134      0x28c CMakeFiles/freewili_main.dir/lib/wasm3/source/m3_compile.c.obj
 .text.Compile_Const_i32
                0x100193c0      0x3fc CMakeFiles/freewili_main.dir/lib/wasm3/source/m3_compile.c.obj
 .text.Compile_Const_i64
                0x100197bc      0x3fc CMakeFiles/freewili_main.dir/lib/wasm3/source/m3_compile.c.obj
 .text.Compile_Branch
                0x10019bb8      0x6f8 CMakeFiles/freewili_main.dir/lib/wasm3/source/m3_compile.c.obj
 .text.CompileRawFunction
                0x1001a2b0       0x68 CMakeFiles/freewili_main.dir/lib/wasm3/source/m3_compile.c.obj
                0x1001a2b0                CompileRawFunction
 .text.CompileBlockStatements
                0x1001a318      0x120 CMakeFiles/freewili_main.dir/lib/wasm3/source/m3_compile.c.obj
                0x1001a318                CompileBlockStatements
 .text.CompileFunction.part.0
                0x1001a438      0x4a0 CMakeFiles/freewili_main.dir/lib/wasm3/source/m3_compile.c.obj
 .text.op_Compile
                0x1001a8d8       0x74 CMakeFiles/freewili_main.dir/lib/wasm3/source/m3_compile.c.obj
 .text.op_CallIndirect
                0x1001a94c       0xd8 CMakeFiles/freewili_main.dir/lib/wasm3/source/m3_compile.c.obj
 .text.CompileBlock
                0x1001aa24      0x4bc CMakeFiles/freewili_main.dir/lib/wasm3/source/m3_compile.c.obj
                0x1001aa24                CompileBlock
 .text.CompileElseBlock
                0x1001aee0       0x80 CMakeFiles/freewili_main.dir/lib/wasm3/source/m3_compile.c.obj
 .text.Compile_If
                0x1001af60      0x1fc CMakeFiles/freewili_main.dir/lib/wasm3/source/m3_compile.c.obj
 .text.Compile_LoopOrBlock
                0x1001b15c      0x170 CMakeFiles/freewili_main.dir/lib/wasm3/source/m3_compile.c.obj
 .text.CompileFunction
                0x1001b2cc       0x24 CMakeFiles/freewili_main.dir/lib/wasm3/source/m3_compile.c.obj
                0x1001b2cc                CompileFunction
 .text.ParseSection_Start
                0x1001b2f0       0x58 CMakeFiles/freewili_main.dir/lib/wasm3/source/m3_parse.c.obj
                0x1001b2f0                ParseSection_Start
 .text.ParseType_Table
                0x1001b348       0xdc CMakeFiles/freewili_main.dir/lib/wasm3/source/m3_parse.c.obj
                0x1001b348                ParseType_Table
 .text.ParseSection_Type
                0x1001b424      0x2b8 CMakeFiles/freewili_main.dir/lib/wasm3/source/m3_parse.c.obj
                0x1001b424                ParseSection_Type
 .text.ParseSection_Function
                0x1001b6dc       0x7c CMakeFiles/freewili_main.dir/lib/wasm3/source/m3_parse.c.obj
                0x1001b6dc                ParseSection_Function
 .text.ParseSection_Export
                0x1001b758      0x224 CMakeFiles/freewili_main.dir/lib/wasm3/source/m3_parse.c.obj
                0x1001b758                ParseSection_Export
 .text.ParseSection_Code
                0x1001b97c       0x94 CMakeFiles/freewili_main.dir/lib/wasm3/source/m3_parse.c.obj
                0x1001b97c                ParseSection_Code
 .text.ParseType_Memory
                0x1001ba10       0xbc CMakeFiles/freewili_main.dir/lib/wasm3/source/m3_parse.c.obj
                0x1001ba10                ParseType_Memory
 .text.ParseSection_Import
                0x1001bacc      0x200 CMakeFiles/freewili_main.dir/lib/wasm3/source/m3_parse.c.obj
                0x1001bacc                ParseSection_Import
 .text.ParseSection_Memory
                0x1001bccc       0x5c CMakeFiles/freewili_main.dir/lib/wasm3/source/m3_parse.c.obj
                0x1001bccc                ParseSection_Memory
 .text.Parse_InitExpr
                0x1001bd28       0x50 CMakeFiles/freewili_main.dir/lib/wasm3/source/m3_parse.c.obj
                0x1001bd28                Parse_InitExpr
 .text.ParseSection_Element
                0x1001bd78       0xb4 CMakeFiles/freewili_main.dir/lib/wasm3/source/m3_parse.c.obj
                0x1001bd78                ParseSection_Element
 .text.ParseSection_Data
                0x1001be2c       0xf8 CMakeFiles/freewili_main.dir/lib/wasm3/source/m3_parse.c.obj
                0x1001be2c                ParseSection_Data
 .text.ParseSection_Global
                0x1001bf24       0xec CMakeFiles/freewili_main.dir/lib/wasm3/source/m3_parse.c.obj
                0x1001bf24                ParseSection_Global
 .text.ParseSection_Name
                0x1001c010       0xec CMakeFiles/freewili_main.dir/lib/wasm3/source/m3_parse.c.obj
                0x1001c010                ParseSection_Name
 .text.ParseSection_Custom
                0x1001c0fc       0x68 CMakeFiles/freewili_main.dir/lib/wasm3/source/m3_parse.c.obj
                0x1001c0fc                ParseSection_Custom
 .text.m3_ParseModule
                0x1001c164      0x230 CMakeFiles/freewili_main.dir/lib/wasm3/source/m3_parse.c.obj
                0x1001c164                m3_ParseModule
 .text.SignatureToFuncType
                0x1001c394      0x120 CMakeFiles/freewili_main.dir/lib/wasm3/source/m3_bind.c.obj
                0x1001c394                SignatureToFuncType
 .text.FindAndLinkFunction
                0x1001c4b4      0x18c CMakeFiles/freewili_main.dir/lib/wasm3/source/m3_bind.c.obj
                0x1001c4b4                FindAndLinkFunction
 .text.m3_LinkRawFunction
                0x1001c640       0x14 CMakeFiles/freewili_main.dir/lib/wasm3/source/m3_bind.c.obj
                0x1001c640                m3_LinkRawFunction
 .text.NewCodePage
                0x1001c654       0x4c CMakeFiles/freewili_main.dir/lib/wasm3/source/m3_code.c.obj
                0x1001c654                NewCodePage
 .text.FreeCodePages
                0x1001c6a0       0x1c CMakeFiles/freewili_main.dir/lib/wasm3/source/m3_code.c.obj
                0x1001c6a0                FreeCodePages
 .text.NumFreeLines
                0x1001c6bc        0x8 CMakeFiles/freewili_main.dir/lib/wasm3/source/m3_code.c.obj
                0x1001c6bc                NumFreeLines
 .text.EmitWord_impl
                0x1001c6c4       0x10 CMakeFiles/freewili_main.dir/lib/wasm3/source/m3_code.c.obj
                0x1001c6c4                EmitWord_impl
 .text.EmitWord32
                0x1001c6d4       0x20 CMakeFiles/freewili_main.dir/lib/wasm3/source/m3_code.c.obj
                0x1001c6d4                EmitWord32
 .text.EmitWord64
                0x1001c6f4       0x24 CMakeFiles/freewili_main.dir/lib/wasm3/source/m3_code.c.obj
                0x1001c6f4                EmitWord64
 .text.GetPagePC
                0x1001c718       0x14 CMakeFiles/freewili_main.dir/lib/wasm3/source/m3_code.c.obj
                0x1001c718                GetPagePC
 .text.PushCodePage
                0x1001c72c        0x8 CMakeFiles/freewili_main.dir/lib/wasm3/source/m3_code.c.obj
                0x1001c72c                PushCodePage
 .text.m3_FreeModule
                0x1001c734       0x94 CMakeFiles/freewili_main.dir/lib/wasm3/source/m3_module.c.obj
                0x1001c734                m3_FreeModule
 .text.Module_AddGlobal
                0x1001c7c8       0x68 CMakeFiles/freewili_main.dir/lib/wasm3/source/m3_module.c.obj
                0x1001c7c8                Module_AddGlobal
 .text.Module_PreallocFunctions
                0x1001c830       0x3c CMakeFiles/freewili_main.dir/lib/wasm3/source/m3_module.c.obj
                0x1001c830                Module_PreallocFunctions
 .text.Module_AddFunction
                0x1001c86c       0xa8 CMakeFiles/freewili_main.dir/lib/wasm3/source/m3_module.c.obj
                0x1001c86c                Module_AddFunction
 .text.Module_GetFunction
                0x1001c914       0x18 CMakeFiles/freewili_main.dir/lib/wasm3/source/m3_module.c.obj
                0x1001c914                Module_GetFunction
 .text.AllocFuncType
                0x1001c92c       0x28 CMakeFiles/freewili_main.dir/lib/wasm3/source/m3_function.c.obj
                0x1001c92c                AllocFuncType
 .text.AreFuncTypesEqual
                0x1001c954       0x28 CMakeFiles/freewili_main.dir/lib/wasm3/source/m3_function.c.obj
                0x1001c954                AreFuncTypesEqual
 .text.GetFuncTypeNumParams
                0x1001c97c        0xc CMakeFiles/freewili_main.dir/lib/wasm3/source/m3_function.c.obj
                0x1001c97c                GetFuncTypeNumParams
 .text.GetFuncTypeParamType
                0x1001c988       0x18 CMakeFiles/freewili_main.dir/lib/wasm3/source/m3_function.c.obj
                0x1001c988                GetFuncTypeParamType
 .text.GetFuncTypeNumResults
                0x1001c9a0        0xc CMakeFiles/freewili_main.dir/lib/wasm3/source/m3_function.c.obj
                0x1001c9a0                GetFuncTypeNumResults
 .text.GetFuncTypeResultType
                0x1001c9ac       0x14 CMakeFiles/freewili_main.dir/lib/wasm3/source/m3_function.c.obj
                0x1001c9ac                GetFuncTypeResultType
 .text.FreeImportInfo
                0x1001c9c0       0x18 CMakeFiles/freewili_main.dir/lib/wasm3/source/m3_function.c.obj
                0x1001c9c0                FreeImportInfo
 .text.Function_Release
                0x1001c9d8       0x68 CMakeFiles/freewili_main.dir/lib/wasm3/source/m3_function.c.obj
                0x1001c9d8                Function_Release
 .text.m3_GetFunctionName
                0x1001ca40       0x20 CMakeFiles/freewili_main.dir/lib/wasm3/source/m3_function.c.obj
                0x1001ca40                m3_GetFunctionName
 .text.GetFunctionImportModuleName
                0x1001ca60       0x10 CMakeFiles/freewili_main.dir/lib/wasm3/source/m3_function.c.obj
                0x1001ca60                GetFunctionImportModuleName
 .text.GetFunctionNumArgs
                0x1001ca70       0x14 CMakeFiles/freewili_main.dir/lib/wasm3/source/m3_function.c.obj
                0x1001ca70                GetFunctionNumArgs
 .text.GetFunctionArgType
                0x1001ca84       0x20 CMakeFiles/freewili_main.dir/lib/wasm3/source/m3_function.c.obj
                0x1001ca84                GetFunctionArgType
 .text.GetFunctionNumReturns
                0x1001caa4       0x14 CMakeFiles/freewili_main.dir/lib/wasm3/source/m3_function.c.obj
                0x1001caa4                GetFunctionNumReturns
 .text.GetFunctionNumArgsAndLocals
                0x1001cab8       0x18 CMakeFiles/freewili_main.dir/lib/wasm3/source/m3_function.c.obj
                0x1001cab8                GetFunctionNumArgsAndLocals
 .text.m3_PrintProfilerInfo
                0x1001cad0        0x4 CMakeFiles/freewili_main.dir/lib/wasm3/source/m3_info.c.obj